Component: ARM Compiler 5.06 update 6 (build 750) Tool: armlink [4d35ed]

==============================================================================

Section Cross References

    main.o(i.main) refers to led.o(i.LED_Init) for LED_Init
    main.o(i.main) refers to stm32f10x_gpio.o(i.GPIO_ResetBits) for GPIO_ResetBits
    main.o(i.main) refers to stm32f10x_gpio.o(i.GPIO_SetBits) for GPIO_SetBits
    main.o(i.main) refers to thread.o(i.rt_thread_mdelay) for rt_thread_mdelay
    stm32f10x_it.o(i.SysTick_Handler) refers to irq.o(i.rt_interrupt_enter) for rt_interrupt_enter
    stm32f10x_it.o(i.SysTick_Handler) refers to clock.o(i.rt_tick_increase) for rt_tick_increase
    stm32f10x_it.o(i.SysTick_Handler) refers to irq.o(i.rt_interrupt_leave) for rt_interrupt_leave
    system_stm32f10x.o(i.SetSysClock) refers to system_stm32f10x.o(i.SetSysClockTo72) for SetSysClockTo72
    system_stm32f10x.o(i.SystemCoreClockUpdate) refers to system_stm32f10x.o(.data) for SystemCoreClock
    system_stm32f10x.o(i.SystemInit) refers to system_stm32f10x.o(i.SetSysClock) for SetSysClock
    led.o(i.LED_Init) refers to stm32f10x_rcc.o(i.RCC_APB2PeriphClockCmd) for RCC_APB2PeriphClockCmd
    led.o(i.LED_Init) refers to stm32f10x_gpio.o(i.GPIO_Init) for GPIO_Init
    led.o(i.LED_Init) refers to stm32f10x_gpio.o(i.GPIO_SetBits) for GPIO_SetBits
    delay.o(i.delay_init) refers to misc.o(i.SysTick_CLKSourceConfig) for SysTick_CLKSourceConfig
    delay.o(i.delay_init) refers to system_stm32f10x.o(.data) for SystemCoreClock
    delay.o(i.delay_init) refers to delay.o(.data) for fac_us
    delay.o(i.delay_ms) refers to delay.o(.data) for fac_ms
    delay.o(i.delay_us) refers to delay.o(.data) for fac_us
    sys.o(i.Systick_Init) refers to system_stm32f10x.o(.data) for SystemCoreClock
    usart.o(i.Uart_Init) refers to stm32f10x_rcc.o(i.RCC_APB2PeriphClockCmd) for RCC_APB2PeriphClockCmd
    usart.o(i.Uart_Init) refers to stm32f10x_gpio.o(i.GPIO_Init) for GPIO_Init
    usart.o(i.Uart_Init) refers to misc.o(i.NVIC_Init) for NVIC_Init
    usart.o(i.Uart_Init) refers to stm32f10x_usart.o(i.USART_Init) for USART_Init
    usart.o(i.Uart_Init) refers to stm32f10x_usart.o(i.USART_Cmd) for USART_Cmd
    startup_stm32f10x_hd.o(RESET) refers to startup_stm32f10x_hd.o(STACK) for __initial_sp
    startup_stm32f10x_hd.o(RESET) refers to startup_stm32f10x_hd.o(.text) for Reset_Handler
    startup_stm32f10x_hd.o(RESET) refers to stm32f10x_it.o(i.NMI_Handler) for NMI_Handler
    startup_stm32f10x_hd.o(RESET) refers to context_rvds.o(.text) for HardFault_Handler
    startup_stm32f10x_hd.o(RESET) refers to stm32f10x_it.o(i.MemManage_Handler) for MemManage_Handler
    startup_stm32f10x_hd.o(RESET) refers to stm32f10x_it.o(i.BusFault_Handler) for BusFault_Handler
    startup_stm32f10x_hd.o(RESET) refers to stm32f10x_it.o(i.UsageFault_Handler) for UsageFault_Handler
    startup_stm32f10x_hd.o(RESET) refers to stm32f10x_it.o(i.SVC_Handler) for SVC_Handler
    startup_stm32f10x_hd.o(RESET) refers to stm32f10x_it.o(i.DebugMon_Handler) for DebugMon_Handler
    startup_stm32f10x_hd.o(RESET) refers to stm32f10x_it.o(i.SysTick_Handler) for SysTick_Handler
    startup_stm32f10x_hd.o(RESET) refers to usart.o(i.USART1_IRQHandler) for USART1_IRQHandler
    startup_stm32f10x_hd.o(.text) refers to system_stm32f10x.o(i.SystemInit) for SystemInit
    startup_stm32f10x_hd.o(.text) refers to entry.o(.ARM.Collect$$$$00000000) for __main
    stm32f10x_gpio.o(i.GPIO_AFIODeInit) refers to stm32f10x_rcc.o(i.RCC_APB2PeriphResetCmd) for RCC_APB2PeriphResetCmd
    stm32f10x_gpio.o(i.GPIO_DeInit) refers to stm32f10x_rcc.o(i.RCC_APB2PeriphResetCmd) for RCC_APB2PeriphResetCmd
    stm32f10x_rcc.o(i.RCC_GetClocksFreq) refers to stm32f10x_rcc.o(.data) for APBAHBPrescTable
    stm32f10x_rcc.o(i.RCC_WaitForHSEStartUp) refers to stm32f10x_rcc.o(i.RCC_GetFlagStatus) for RCC_GetFlagStatus
    stm32f10x_usart.o(i.USART_DeInit) refers to stm32f10x_rcc.o(i.RCC_APB2PeriphResetCmd) for RCC_APB2PeriphResetCmd
    stm32f10x_usart.o(i.USART_DeInit) refers to stm32f10x_rcc.o(i.RCC_APB1PeriphResetCmd) for RCC_APB1PeriphResetCmd
    stm32f10x_usart.o(i.USART_Init) refers to stm32f10x_rcc.o(i.RCC_GetClocksFreq) for RCC_GetClocksFreq
    context_rvds.o(.text) refers to cpuport.o(i.rt_hw_hard_fault_exception) for rt_hw_hard_fault_exception
    context_rvds.o(.text) refers to cpuport.o(.data) for rt_thread_switch_interrupt_flag
    cpuport.o(i.bus_fault_track) refers to kservice.o(i.rt_kprintf) for rt_kprintf
    cpuport.o(i.hard_fault_track) refers to kservice.o(i.rt_kprintf) for rt_kprintf
    cpuport.o(i.hard_fault_track) refers to cpuport.o(i.bus_fault_track) for bus_fault_track
    cpuport.o(i.hard_fault_track) refers to cpuport.o(i.mem_manage_fault_track) for mem_manage_fault_track
    cpuport.o(i.hard_fault_track) refers to cpuport.o(i.usage_fault_track) for usage_fault_track
    cpuport.o(i.mem_manage_fault_track) refers to kservice.o(i.rt_kprintf) for rt_kprintf
[...]
    ../clib/microlib/string/strcpy.c         0x00000000   Number         0  strcpy.o ABSOLUTE
    ../clib/microlib/string/strlen.c         0x00000000   Number         0  strlen.o ABSOLUTE
    ../clib/microlib/string/strncmp.c        0x00000000   Number         0  strncmp.o ABSOLUTE
    ../clib/microlib/string/strncpy.c        0x00000000   Number         0  strncpy.o ABSOLUTE
    ../clib/microlib/stubs.s                 0x00000000   Number         0  useno.o ABSOLUTE
    ..\CORE\core_cm3.c                       0x00000000   Number         0  core_cm3.o ABSOLUTE
    ..\CORE\startup_stm32f10x_hd.s           0x00000000   Number         0  startup_stm32f10x_hd.o ABSOLUTE
    ..\HARDWARE\LED\led.c                    0x00000000   Number         0  led.o ABSOLUTE
    ..\STM32F10x_FWLib\src\misc.c            0x00000000   Number         0  misc.o ABSOLUTE
    ..\STM32F10x_FWLib\src\stm32f10x_dbgmcu.c 0x00000000   Number         0  stm32f10x_dbgmcu.o ABSOLUTE
    ..\STM32F10x_FWLib\src\stm32f10x_gpio.c  0x00000000   Number         0  stm32f10x_gpio.o ABSOLUTE
    ..\STM32F10x_FWLib\src\stm32f10x_rcc.c   0x00000000   Number         0  stm32f10x_rcc.o ABSOLUTE
    ..\STM32F10x_FWLib\src\stm32f10x_usart.c 0x00000000   Number         0  stm32f10x_usart.o ABSOLUTE
    ..\SYSTEM\delay\delay.c                  0x00000000   Number         0  delay.o ABSOLUTE
    ..\SYSTEM\sys\sys.c                      0x00000000   Number         0  sys.o ABSOLUTE
    ..\SYSTEM\usart\usart.c                  0x00000000   Number         0  usart.o ABSOLUTE
    ..\\CORE\\core_cm3.c                     0x00000000   Number         0  core_cm3.o ABSOLUTE
    ..\\SYSTEM\\sys\\sys.c                   0x00000000   Number         0  sys.o ABSOLUTE
    D:\KEIL5\PACK\RealThread\RT-Thread\3.1.5\components\finsh\cmd.c 0x00000000   Number         0  cmd.o ABSOLUTE
    D:\KEIL5\PACK\RealThread\RT-Thread\3.1.5\components\finsh\msh.c 0x00000000   Number         0  msh.o ABSOLUTE
    D:\KEIL5\PACK\RealThread\RT-Thread\3.1.5\components\finsh\shell.c 0x00000000   Number         0  shell.o ABSOLUTE
    D:\KEIL5\PACK\RealThread\RT-Thread\3.1.5\libcpu\arm\cortex-m3\context_rvds.S 0x00000000   Number         0  context_rvds.o ABSOLUTE
    D:\KEIL5\PACK\RealThread\RT-Thread\3.1.5\libcpu\arm\cortex-m3\cpuport.c 0x00000000   Number         0  cpuport.o ABSOLUTE
    D:\KEIL5\PACK\RealThread\RT-Thread\3.1.5\src\clock.c 0x00000000   Number         0  clock.o ABSOLUTE
    D:\KEIL5\PACK\RealThread\RT-Thread\3.1.5\src\components.c 0x00000000   Number         0  components.o ABSOLUTE
    D:\KEIL5\PACK\RealThread\RT-Thread\3.1.5\src\idle.c 0x00000000   Number         0  idle.o ABSOLUTE
    D:\KEIL5\PACK\RealThread\RT-Thread\3.1.5\src\ipc.c 0x00000000   Number         0  ipc.o ABSOLUTE
    D:\KEIL5\PACK\RealThread\RT-Thread\3.1.5\src\irq.c 0x00000000   Number         0  irq.o ABSOLUTE
    D:\KEIL5\PACK\RealThread\RT-Thread\3.1.5\src\kservice.c 0x00000000   Number         0  kservice.o ABSOLUTE
    D:\KEIL5\PACK\RealThread\RT-Thread\3.1.5\src\mem.c 0x00000000   Number         0  mem.o ABSOLUTE
    D:\KEIL5\PACK\RealThread\RT-Thread\3.1.5\src\mempool.c 0x00000000   Number         0  mempool.o ABSOLUTE
    D:\KEIL5\PACK\RealThread\RT-Thread\3.1.5\src\object.c 0x00000000   Number         0  object.o ABSOLUTE
    D:\KEIL5\PACK\RealThread\RT-Thread\3.1.5\src\scheduler.c 0x00000000   Number         0  scheduler.o ABSOLUTE
    D:\KEIL5\PACK\RealThread\RT-Thread\3.1.5\src\thread.c 0x00000000   Number         0  thread.o ABSOLUTE
    D:\KEIL5\PACK\RealThread\RT-Thread\3.1.5\src\timer.c 0x00000000   Number         0  timer.o ABSOLUTE
    RTE\RTOS\board.c                         0x00000000   Number         0  board.o ABSOLUTE
    RTE\RTOS\finsh_port.c                    0x00000000   Number         0  finsh_port.o ABSOLUTE
    dc.s                                     0x00000000   Number         0  dc.o ABSOLUTE
    handlers.s                               0x00000000   Number         0  handlers.o ABSOLUTE
    init.s                                   0x00000000   Number         0  init.o ABSOLUTE
    main.c                                   0x00000000   Number         0  main.o ABSOLUTE
    stm32f10x_it.c                           0x00000000   Number         0  stm32f10x_it.o ABSOLUTE
    system_stm32f10x.c                       0x00000000   Number         0  system_stm32f10x.o ABSOLUTE
    RESET                                    0x08000000   Section      304  startup_stm32f10x_hd.o(RESET)
    .ARM.Collect$$$$00000000                 0x08000130   Section        0  entry.o(.ARM.Collect$$$$00000000)
    .ARM.Collect$$$$00000001                 0x08000130   Section        4  entry2.o(.ARM.Collect$$$$00000001)
    .ARM.Collect$$$$00000004                 0x08000134   Section        4  entry5.o(.ARM.Collect$$$$00000004)
    .ARM.Collect$$$$00000008                 0x08000138   Section        0  entry7b.o(.ARM.Collect$$$$00000008)
    .ARM.Collect$$$$0000000A                 0x08000138   Section        0  entry8b.o(.ARM.Collect$$$$0000000A)
    .ARM.Collect$$$$0000000B                 0x08000138   Section        8  entry9a.o(.ARM.Collect$$$$0000000B)
    .ARM.Collect$$$$0000000D                 0x08000140   Section        0  entry10a.o(.ARM.Collect$$$$0000000D)
    .ARM.Collect$$$$0000000F                 0x08000140   Section        0  entry11a.o(.ARM.Collect$$$$0000000F)
    .ARM.Collect$$$$00002712                 0x08000140   Section        4  entry2.o(.ARM.Collect$$$$00002712)
    __lit__00000000                          0x08000140   Data           4  entry2.o(.ARM.Collect$$$$00002712)
    .text                                    0x08000144   Section       36  startup_stm32f10x_hd.o(.text)
    .text                                    0x08000168   Section      244  context_rvds.o(.text)
    .text                                    0x0800025c   Section        0  memcpya.o(.text)
    .text                                    0x08000280   Section        0  memseta.o(.text)
    .text                                    0x080002a4   Section        0  strcat.o(.text)
    .text                                    0x080002bc   Section        0  strncpy.o(.text)
    .text                                    0x080002d4   Section        0  strlen.o(.text)
    .text                                    0x080002e2   Section        0  strcpy.o(.text)
    .text                                    0x080002f4   Section        0  strncmp.o(.text)
    .text                                    0x08000314   Section       36  init.o(.text)
    i.$Sub$$main                             0x08000338   Section        0  components.o(i.$Sub$$main)
    i.BusFault_Handler                       0x08000342   Section        0  stm32f10x_it.o(i.BusFault_Handler)
    i.DebugMon_Handler                       0x08000346   Section        0  stm32f10x_it.o(i.DebugMon_Handler)
    i.GPIO_Init                              0x08000348   Section        0  stm32f10x_gpio.o(i.GPIO_Init)
    i.GPIO_ResetBits                         0x0800045e   Section        0  stm32f10x_gpio.o(i.GPIO_ResetBits)
    i.GPIO_SetBits                           0x08000462   Section        0  stm32f10x_gpio.o(i.GPIO_SetBits)
    i.LED_Init                               0x08000468   Section        0  led.o(i.LED_Init)
    i.MemManage_Handler                      0x080004b8   Section        0  stm32f10x_it.o(i.MemManage_Handler)
    i.NMI_Handler                            0x080004bc   Section        0  stm32f10x_it.o(i.NMI_Handler)
    i.NVIC_Init                              0x080004c0   Section        0  misc.o(i.NVIC_Init)
    i.RCC_APB2PeriphClockCmd                 0x08000530   Section        0  stm32f10x_rcc.o(i.RCC_APB2PeriphClockCmd)
    i.RCC_GetClocksFreq                      0x08000550   Section        0  stm32f10x_rcc.o(i.RCC_GetClocksFreq)
    i.SVC_Handler                            0x08000624   Section        0  stm32f10x_it.o(i.SVC_Handler)
    i.SetSysClock                            0x08000626   Section        0  system_stm32f10x.o(i.SetSysClock)
    SetSysClock                              0x08000627   Thumb Code     8  system_stm32f10x.o(i.SetSysClock)
    i.SetSysClockTo72                        0x08000630   Section        0  system_stm32f10x.o(i.SetSysClockTo72)
    SetSysClockTo72                          0x08000631   Thumb Code   214  system_stm32f10x.o(i.SetSysClockTo72)
    i.SysTick_Handler                        0x08000710   Section        0  stm32f10x_it.o(i.SysTick_Handler)
    i.SystemCoreClockUpdate                  0x08000720   Section        0  system_stm32f10x.o(i.SystemCoreClockUpdate)
    i.SystemInit                             0x080007c4   Section        0  system_stm32f10x.o(i.SystemInit)
    i.Systick_Init                           0x08000824   Section        0  sys.o(i.Systick_Init)
    i.USART1_IRQHandler                      0x08000884   Section        0  usart.o(i.USART1_IRQHandler)
    i.USART_ClearITPendingBit                0x08000886   Section        0  stm32f10x_usart.o(i.USART_ClearITPendingBit)
    i.USART_Cmd                              0x080008a4   Section        0  stm32f10x_usart.o(i.USART_Cmd)
    i.USART_GetFlagStatus                    0x080008bc   Section        0  stm32f10x_usart.o(i.USART_GetFlagStatus)
    i.USART_Init                             0x080008d8   Section        0  stm32f10x_usart.o(i.USART_Init)
    i.USART_ReceiveData                      0x080009b0   Section        0  stm32f10x_usart.o(i.USART_ReceiveData)
    i.Uart1_SendByte                         0x080009bc   Section        0  usart.o(i.Uart1_SendByte)
    i.Uart_Init                              0x080009d8   Section        0  usart.o(i.Uart_Init)
    i.UsageFault_Handler                     0x08000a6c   Section        0  stm32f10x_it.o(i.UsageFault_Handler)
    i.__rt_ffs                               0x08000a70   Section        0  kservice.o(i.__rt_ffs)
    i.__scatterload_copy                     0x08000abc   Section       14  handlers.o(i.__scatterload_copy)
    i.__scatterload_null                     0x08000aca   Section        2  handlers.o(i.__scatterload_null)
    i.__scatterload_zeroinit                 0x08000acc   Section       14  handlers.o(i.__scatterload_zeroinit)
    i._msh_exec_cmd                          0x08000ada   Section        0  msh.o(i._msh_exec_cmd)
    _msh_exec_cmd                            0x08000adb   Thumb Code   106  msh.o(i._msh_exec_cmd)
    i._rt_thread_init                        0x08000b44   Section        0  thread.o(i._rt_thread_init)
    _rt_thread_init                          0x08000b45   Thumb Code   124  thread.o(i._rt_thread_init)
    i._rt_timer_init                         0x08000bc8   Section        0  timer.o(i._rt_timer_init)
    _rt_timer_init                           0x08000bc9   Thumb Code    66  timer.o(i._rt_timer_init)
    i._rt_timer_remove                       0x08000c0a   Section        0  timer.o(i._rt_timer_remove)
    _rt_timer_remove                         0x08000c0b   Thumb Code    28  timer.o(i._rt_timer_remove)
    i._thread_cleanup_execute                0x08000c26   Section        0  thread.o(i._thread_cleanup_execute)
    _thread_cleanup_execute                  0x08000c27   Thumb Code    28  thread.o(i._thread_cleanup_execute)
    i.bus_fault_track                        0x08000c44   Section        0  cpuport.o(i.bus_fault_track)
    bus_fault_track                          0x08000c45   Thumb Code   130  cpuport.o(i.bus_fault_track)
    i.cmd_free                               0x08000d40   Section        0  msh.o(i.cmd_free)
    i.cmd_ps                                 0x08000d4e   Section        0  msh.o(i.cmd_ps)
    i.finsh_get_prompt                       0x08000d5c   Section        0  shell.o(i.finsh_get_prompt)
    i.finsh_getchar                          0x08000dd4   Section        0  shell.o(i.finsh_getchar)
    finsh_getchar                            0x08000dd5   Thumb Code     8  shell.o(i.finsh_getchar)
    i.finsh_set_prompt_mode                  0x08000ddc   Section        0  shell.o(i.finsh_set_prompt_mode)
    i.finsh_system_function_init             0x08000df8   Section        0  shell.o(i.finsh_system_function_init)
    i.finsh_system_init                      0x08000e0c   Section        0  shell.o(i.finsh_system_init)
    i.finsh_thread_entry                     0x08000ea8   Section        0  shell.o(i.finsh_thread_entry)
    i.hard_fault_track                       0x08001270   Section        0  cpuport.o(i.hard_fault_track)
    hard_fault_track                         0x08001271   Thumb Code    82  cpuport.o(i.hard_fault_track)
    i.hello                                  0x080012f0   Section        0  cmd.o(i.hello)
    i.list                                   0x08001310   Section        0  cmd.o(i.list)
    i.list_find_init                         0x08001378   Section        0  cmd.o(i.list_find_init)
    list_find_init                           0x08001379   Thumb Code    42  cmd.o(i.list_find_init)
    i.list_get_next                          0x080013a2   Section        0  cmd.o(i.list_get_next)
    list_get_next                            0x080013a3   Thumb Code   136  cmd.o(i.list_get_next)
    i.list_mailbox                           0x0800142c   Section        0  cmd.o(i.list_mailbox)
    i.list_mem                               0x08001588   Section        0  mem.o(i.list_mem)
    i.list_sem                               0x08001600   Section        0  cmd.o(i.list_sem)
    i.list_thread                            0x08001738   Section        0  cmd.o(i.list_thread)
    i.list_timer                             0x0800191c   Section        0  cmd.o(i.list_timer)
    i.main                                   0x08001a7c   Section        0  main.o(i.main)
    i.main_thread_entry                      0x08001ac0   Section        0  components.o(i.main_thread_entry)
    i.mem_manage_fault_track                 0x08001ad0   Section        0  cpuport.o(i.mem_manage_fault_track)
    mem_manage_fault_track                   0x08001ad1   Thumb Code   114  cpuport.o(i.mem_manage_fault_track)
    i.msh_auto_complete                      0x08001bb8   Section        0  msh.o(i.msh_auto_complete)
    i.msh_exec                               0x08001c58   Section        0  msh.o(i.msh_exec)
    i.msh_get_cmd                            0x08001cc4   Section        0  msh.o(i.msh_get_cmd)
    msh_get_cmd                              0x08001cc5   Thumb Code    76  msh.o(i.msh_get_cmd)
    i.msh_help                               0x08001d20   Section        0  msh.o(i.msh_help)
    i.msh_is_used                            0x08001da0   Section        0  msh.o(i.msh_is_used)
    i.msh_split                              0x08001da4   Section        0  msh.o(i.msh_split)
    msh_split                                0x08001da5   Thumb Code   202  msh.o(i.msh_split)
    i.object_split                           0x08001e94   Section        0  cmd.o(i.object_split)
    object_split                             0x08001e95   Thumb Code    22  cmd.o(i.object_split)
    i.plug_holes                             0x08001eb0   Section        0  mem.o(i.plug_holes)
    plug_holes                               0x08001eb1   Thumb Code   108  mem.o(i.plug_holes)
    i.print_number                           0x08001f28   Section        0  kservice.o(i.print_number)
    print_number                             0x08001f29   Thumb Code   400  kservice.o(i.print_number)
    i.rt_application_init                    0x080020c0   Section        0  components.o(i.rt_application_init)
    i.rt_calloc                              0x080020f0   Section        0  mem.o(i.rt_calloc)
    i.rt_components_board_init               0x08002114   Section        0  components.o(i.rt_components_board_init)
    i.rt_components_init                     0x08002130   Section        0  components.o(i.rt_components_init)
    i.rt_enter_critical                      0x0800214c   Section        0  scheduler.o(i.rt_enter_critical)
    i.rt_exit_critical                       0x0800216c   Section        0  scheduler.o(i.rt_exit_critical)
    i.rt_free                                0x080021b0   Section        0  mem.o(i.rt_free)
    i.rt_heap_begin_get                      0x08002290   Section        0  board.o(i.rt_heap_begin_get)
    i.rt_heap_end_get                        0x08002298   Section        0  board.o(i.rt_heap_end_get)
    i.rt_hw_board_init                       0x080022a0   Section        0  board.o(i.rt_hw_board_init)
    i.rt_hw_console_getchar                  0x080022c8   Section        0  finsh_port.o(i.rt_hw_console_getchar)
    i.rt_hw_console_output                   0x08002304   Section        0  board.o(i.rt_hw_console_output)
    i.rt_hw_hard_fault_exception             0x08002338   Section        0  cpuport.o(i.rt_hw_hard_fault_exception)
    i.rt_hw_stack_init                       0x08002540   Section        0  cpuport.o(i.rt_hw_stack_init)
    i.rt_interrupt_enter                     0x0800258c   Section        0  irq.o(i.rt_interrupt_enter)
    i.rt_interrupt_leave                     0x080025ac   Section        0  irq.o(i.rt_interrupt_leave)
    i.rt_ipc_list_resume                     0x080025cc   Section        0  ipc.o(i.rt_ipc_list_resume)
    rt_ipc_list_resume                       0x080025cd   Thumb Code    20  ipc.o(i.rt_ipc_list_resume)
    i.rt_ipc_list_suspend                    0x080025e0   Section        0  ipc.o(i.rt_ipc_list_suspend)
    rt_ipc_list_suspend                      0x080025e1   Thumb Code   110  ipc.o(i.rt_ipc_list_suspend)
    i.rt_ipc_object_init                     0x0800264e   Section        0  ipc.o(i.rt_ipc_object_init)
    rt_ipc_object_init                       0x0800264f   Thumb Code    16  ipc.o(i.rt_ipc_object_init)
    i.rt_kprintf                             0x08002660   Section        0  kservice.o(i.rt_kprintf)
    i.rt_list_init                           0x08002690   Section        0  ipc.o(i.rt_list_init)
    rt_list_init                             0x08002691   Thumb Code     6  ipc.o(i.rt_list_init)
    i.rt_list_init                           0x08002696   Section        0  scheduler.o(i.rt_list_init)
    rt_list_init                             0x08002697   Thumb Code     6  scheduler.o(i.rt_list_init)
    i.rt_list_init                           0x0800269c   Section        0  timer.o(i.rt_list_init)
    rt_list_init                             0x0800269d   Thumb Code     6  timer.o(i.rt_list_init)
    i.rt_list_insert_after                   0x080026a2   Section        0  object.o(i.rt_list_insert_after)
    rt_list_insert_after                     0x080026a3   Thumb Code    14  object.o(i.rt_list_insert_after)
    i.rt_list_insert_after                   0x080026b0   Section        0  thread.o(i.rt_list_insert_after)
    rt_list_insert_after                     0x080026b1   Thumb Code    14  thread.o(i.rt_list_insert_after)
    i.rt_list_insert_after                   0x080026be   Section        0  timer.o(i.rt_list_insert_after)
    rt_list_insert_after                     0x080026bf   Thumb Code    14  timer.o(i.rt_list_insert_after)
    i.rt_list_insert_before                  0x080026cc   Section        0  ipc.o(i.rt_list_insert_before)
    rt_list_insert_before                    0x080026cd   Thumb Code    14  ipc.o(i.rt_list_insert_before)
    i.rt_list_isempty                        0x080026da   Section        0  ipc.o(i.rt_list_isempty)
    rt_list_isempty                          0x080026db   Thumb Code    16  ipc.o(i.rt_list_isempty)
    i.rt_list_isempty                        0x080026ea   Section        0  timer.o(i.rt_list_isempty)
    rt_list_isempty                          0x080026eb   Thumb Code    16  timer.o(i.rt_list_isempty)
    i.rt_list_isempty                        0x080026fa   Section        0  cmd.o(i.rt_list_isempty)
    rt_list_isempty                          0x080026fb   Thumb Code    16  cmd.o(i.rt_list_isempty)
    i.rt_list_len                            0x0800270a   Section        0  cmd.o(i.rt_list_len)
    rt_list_len                              0x0800270b   Thumb Code    20  cmd.o(i.rt_list_len)
    i.rt_list_remove                         0x0800271e   Section        0  object.o(i.rt_list_remove)
    rt_list_remove                           0x0800271f   Thumb Code    18  object.o(i.rt_list_remove)
    i.rt_list_remove                         0x08002730   Section        0  thread.o(i.rt_list_remove)
    rt_list_remove                           0x08002731   Thumb Code    18  thread.o(i.rt_list_remove)
    i.rt_list_remove                         0x08002742   Section        0  timer.o(i.rt_list_remove)
    rt_list_remove                           0x08002743   Thumb Code    18  timer.o(i.rt_list_remove)
    i.rt_malloc                              0x08002754   Section        0  mem.o(i.rt_malloc)
    i.rt_memmove                             0x080028c0   Section        0  kservice.o(i.rt_memmove)
    i.rt_memset                              0x08002902   Section        0  kservice.o(i.rt_memset)
    i.rt_object_allocate                     0x0800294a   Section        0  object.o(i.rt_object_allocate)
    i.rt_object_delete                       0x0800299e   Section        0  object.o(i.rt_object_delete)
    i.rt_object_detach                       0x080029c2   Section        0  object.o(i.rt_object_detach)
    i.rt_object_get_information              0x080029e0   Section        0  object.o(i.rt_object_get_information)
    i.rt_object_init                         0x08002a08   Section        0  object.o(i.rt_object_init)
    i.rt_object_is_systemobject              0x08002a5e   Section        0  object.o(i.rt_object_is_systemobject)
    i.rt_schedule                            0x08002a70   Section        0  scheduler.o(i.rt_schedule)
    i.rt_schedule_insert_thread              0x08002af4   Section        0  scheduler.o(i.rt_schedule_insert_thread)
    i.rt_schedule_remove_thread              0x08002b44   Section        0  scheduler.o(i.rt_schedule_remove_thread)
    i.rt_sem_init                            0x08002b98   Section        0  ipc.o(i.rt_sem_init)
    i.rt_sem_release                         0x08002bbe   Section        0  ipc.o(i.rt_sem_release)
    i.rt_sem_take                            0x08002c10   Section        0  ipc.o(i.rt_sem_take)
    i.rt_show_version                        0x08002c84   Section        0  kservice.o(i.rt_show_version)
    i.rt_strlen                              0x08002d34   Section        0  kservice.o(i.rt_strlen)
    i.rt_strncpy                             0x08002d46   Section        0  kservice.o(i.rt_strncpy)
    i.rt_system_heap_init                    0x08002d7c   Section        0  mem.o(i.rt_system_heap_init)
    i.rt_system_scheduler_init               0x08002e74   Section        0  scheduler.o(i.rt_system_scheduler_init)
    i.rt_system_scheduler_start              0x08002ec0   Section        0  scheduler.o(i.rt_system_scheduler_start)
    i.rt_system_timer_init                   0x08002ef0   Section        0  timer.o(i.rt_system_timer_init)
    i.rt_system_timer_thread_init            0x08002f0c   Section        0  timer.o(i.rt_system_timer_thread_init)
    i.rt_thread_create                       0x08002f0e   Section        0  thread.o(i.rt_thread_create)
    i.rt_thread_exit                         0x08002f60   Section        0  thread.o(i.rt_thread_exit)
    i.rt_thread_idle_entry                   0x08002fb8   Section        0  idle.o(i.rt_thread_idle_entry)
    rt_thread_idle_entry                     0x08002fb9   Thumb Code     8  idle.o(i.rt_thread_idle_entry)
    i.rt_thread_idle_excute                  0x08002fc0   Section        0  idle.o(i.rt_thread_idle_excute)
    i.rt_thread_idle_init                    0x08003020   Section        0  idle.o(i.rt_thread_idle_init)
    i.rt_thread_init                         0x0800305c   Section        0  thread.o(i.rt_thread_init)
    i.rt_thread_mdelay                       0x08003090   Section        0  thread.o(i.rt_thread_mdelay)
    i.rt_thread_resume                       0x080030a4   Section        0  thread.o(i.rt_thread_resume)
    i.rt_thread_self                         0x080030e0   Section        0  thread.o(i.rt_thread_self)
    i.rt_thread_sleep                        0x080030ec   Section        0  thread.o(i.rt_thread_sleep)
    i.rt_thread_startup                      0x08003130   Section        0  thread.o(i.rt_thread_startup)
    i.rt_thread_suspend                      0x0800315c   Section        0  thread.o(i.rt_thread_suspend)
    i.rt_thread_timeout                      0x080031a0   Section        0  thread.o(i.rt_thread_timeout)
    i.rt_thread_yield                        0x080031c0   Section        0  thread.o(i.rt_thread_yield)
    i.rt_tick_from_millisecond               0x08003224   Section        0  clock.o(i.rt_tick_from_millisecond)
    i.rt_tick_get                            0x0800325c   Section        0  clock.o(i.rt_tick_get)
    i.rt_tick_increase                       0x08003268   Section        0  clock.o(i.rt_tick_increase)
    i.rt_timer_check                         0x08003298   Section        0  timer.o(i.rt_timer_check)
    i.rt_timer_control                       0x0800333c   Section        0  timer.o(i.rt_timer_control)
    i.rt_timer_detach                        0x0800339e   Section        0  timer.o(i.rt_timer_detach)
    i.rt_timer_init                          0x080033c6   Section        0  timer.o(i.rt_timer_init)
    i.rt_timer_start                         0x080033f4   Section        0  timer.o(i.rt_timer_start)
    i.rt_timer_stop                          0x080034e0   Section        0  timer.o(i.rt_timer_stop)
    i.rt_vsnprintf                           0x08003510   Section        0  kservice.o(i.rt_vsnprintf)
    i.rti_board_end                          0x08003850   Section        0  components.o(i.rti_board_end)
    rti_board_end                            0x08003851   Thumb Code     4  components.o(i.rti_board_end)
    i.rti_board_start                        0x08003854   Section        0  components.o(i.rti_board_start)
    rti_board_start                          0x08003855   Thumb Code     4  components.o(i.rti_board_start)
    i.rti_end                                0x08003858   Section        0  components.o(i.rti_end)
    rti_end                                  0x08003859   Thumb Code     4  components.o(i.rti_end)
    i.rti_start                              0x0800385c   Section        0  components.o(i.rti_start)
    rti_start                                0x0800385d   Thumb Code     4  components.o(i.rti_start)
    i.rtthread_startup                       0x08003860   Section        0  components.o(i.rtthread_startup)
    i.shell_auto_complete                    0x0800388c   Section        0  shell.o(i.shell_auto_complete)
    shell_auto_complete                      0x0800388d   Thumb Code    42  shell.o(i.shell_auto_complete)
    i.show_wait_queue                        0x080038c4   Section        0  cmd.o(i.show_wait_queue)
    show_wait_queue                          0x080038c5   Thumb Code    40  cmd.o(i.show_wait_queue)
    i.skip_atoi                              0x080038f4   Section        0  kservice.o(i.skip_atoi)
    skip_atoi                                0x080038f5   Thumb Code    38  kservice.o(i.skip_atoi)
    i.str_common                             0x0800391a   Section        0  msh.o(i.str_common)
    str_common                               0x0800391b   Thumb Code    32  msh.o(i.str_common)
    i.uart_init                              0x0800393a   Section        0  board.o(i.uart_init)
    uart_init                                0x0800393b   Thumb Code    14  board.o(i.uart_init)
    i.usage_fault_track                      0x08003948   Section        0  cpuport.o(i.usage_fault_track)
    usage_fault_track                        0x08003949   Thumb Code   122  cpuport.o(i.usage_fault_track)
    i.version                                0x08003a30   Section        0  cmd.o(i.version)
    .constdata                               0x08003a3a   Section      290  kservice.o(.constdata)
    small_digits                             0x08003b3a   Data          17  kservice.o(.constdata)
    large_digits                             0x08003b4b   Data          17  kservice.o(.constdata)
    .conststring                             0x08003b5c   Section       68  cmd.o(.conststring)
    .rodata.name                             0x08003ba0   Section       39  mem.o(.rodata.name)
    .rodata.name                             0x08003bc7   Section      423  cmd.o(.rodata.name)
    .rodata.name                             0x08003d6e   Section      118  msh.o(.rodata.name)
    .rti_fn.0                                0x08003de4   Section        4  components.o(.rti_fn.0)
    __tagsym$$used                           0x08003de4   Number         0  components.o(.rti_fn.0)
    .rti_fn.0.end                            0x08003de8   Section        4  components.o(.rti_fn.0.end)
    __tagsym$$used                           0x08003de8   Number         0  components.o(.rti_fn.0.end)
    .rti_fn.1                                0x08003dec   Section        4  board.o(.rti_fn.1)
    __tagsym$$used                           0x08003dec   Number         0  board.o(.rti_fn.1)
    .rti_fn.1.end                            0x08003df0   Section        4  components.o(.rti_fn.1.end)
    __tagsym$$used                           0x08003df0   Number         0  components.o(.rti_fn.1.end)
    .rti_fn.6                                0x08003df4   Section        4  shell.o(.rti_fn.6)
    __tagsym$$used                           0x08003df4   Number         0  shell.o(.rti_fn.6)
    .rti_fn.6.end                            0x08003df8   Section        4  components.o(.rti_fn.6.end)
    __tagsym$$used                           0x08003df8   Number         0  components.o(.rti_fn.6.end)
    FSymTab                                  0x08003dfc   Section       12  mem.o(FSymTab)
    __tagsym$$used                           0x08003dfc   Number         0  mem.o(FSymTab)
    FSymTab                                  0x08003e08   Section      144  cmd.o(FSymTab)
    __tagsym$$used                           0x08003e08   Number         0  cmd.o(FSymTab)
    __tagsym$$used                           0x08003e14   Number         0  cmd.o(FSymTab)
    __tagsym$$used                           0x08003e20   Number         0  cmd.o(FSymTab)
    __tagsym$$used                           0x08003e2c   Number         0  cmd.o(FSymTab)
    __tagsym$$used                           0x08003e38   Number         0  cmd.o(FSymTab)
    __tagsym$$used                           0x08003e44   Number         0  cmd.o(FSymTab)
    __tagsym$$used                           0x08003e50   Number         0  cmd.o(FSymTab)
    __tagsym$$used                           0x08003e5c   Number         0  cmd.o(FSymTab)
    __tagsym$$used                           0x08003e68   Number         0  cmd.o(FSymTab)
    __tagsym$$used                           0x08003e74   Number         0  cmd.o(FSymTab)
    __tagsym$$used                           0x08003e80   Number         0  cmd.o(FSymTab)
    __tagsym$$used                           0x08003e8c   Number         0  cmd.o(FSymTab)
    FSymTab                                  0x08003e98   Section       36  msh.o(FSymTab)
    __tagsym$$used                           0x08003e98   Number         0  msh.o(FSymTab)
    __tagsym$$used                           0x08003ea4   Number         0  msh.o(FSymTab)
    __tagsym$$used                           0x08003eb0   Number         0  msh.o(FSymTab)
    .data                                    0x20000000   Section       20  system_stm32f10x.o(.data)
    .data                                    0x20000014   Section       20  stm32f10x_rcc.o(.data)
    APBAHBPrescTable                         0x20000014   Data          16  stm32f10x_rcc.o(.data)
    ADCPrescTable                            0x20000024   Data           4  stm32f10x_rcc.o(.data)
    .data                                    0x20000028   Section       16  cpuport.o(.data)
    rt_exception_hook                        0x20000034   Data           4  cpuport.o(.data)
    .data                                    0x20000038   Section        4  clock.o(.data)
    rt_tick                                  0x20000038   Data           4  clock.o(.data)
    .data                                    0x2000003c   Section        1  irq.o(.data)
    .data                                    0x20000040   Section       24  mem.o(.data)
    heap_ptr                                 0x20000040   Data           4  mem.o(.data)
    heap_end                                 0x20000044   Data           4  mem.o(.data)
    lfree                                    0x20000048   Data           4  mem.o(.data)
    mem_size_aligned                         0x2000004c   Data           4  mem.o(.data)
    used_mem                                 0x20000050   Data           4  mem.o(.data)
    max_mem                                  0x20000054   Data           4  mem.o(.data)
    .data                                    0x20000058   Section       64  object.o(.data)
    rt_object_container                      0x20000058   Data          64  object.o(.data)
    .data                                    0x20000098   Section       24  scheduler.o(.data)
    rt_scheduler_lock_nest                   0x2000009c   Data           2  scheduler.o(.data)
    .data                                    0x200000b0   Section       12  timer.o(.data)
    rt_timer_list                            0x200000b0   Data           8  timer.o(.data)
    random_nr                                0x200000b8   Data           4  timer.o(.data)
    .data                                    0x200000bc   Section       24  shell.o(.data)
    finsh_prompt_custom                      0x200000d0   Data           4  shell.o(.data)
    .bss                                     0x200000d4   Section      376  idle.o(.bss)
    idle                                     0x200000d4   Data         120  idle.o(.bss)
    rt_thread_stack                          0x2000014c   Data         256  idle.o(.bss)
    .bss                                     0x2000024c   Section      256  kservice.o(.bss)
    rt_log_buf                               0x2000024c   Data         256  kservice.o(.bss)
    .bss                                     0x2000034c   Section       32  mem.o(.bss)
    heap_sem                                 0x2000034c   Data          32  mem.o(.bss)
    .bss                                     0x2000036c   Section      256  scheduler.o(.bss)
    .bss                                     0x2000046c   Section    15360  board.o(.bss)
    rt_heap                                  0x2000046c   Data       15360  board.o(.bss)
    .bss                                     0x2000406c   Section      257  shell.o(.bss)
    finsh_prompt                             0x2000406c   Data         257  shell.o(.bss)
    STACK                                    0x20004170   Section     1024  startup_stm32f10x_hd.o(STACK)

    Global Symbols

    Symbol Name                              Value     Ov Type        Size  Object(Section)

    BuildAttributes$$THM_ISAv4$P$D$K$B$S$PE$A:L22UL41UL21$X:L11$S22US41US21$IEEE1$IW$USESV6$~STKCKD$USESV7$~SHL$OSPACE$EBA8$MICROLIB$REQ8$PRES8$EABIv2 0x00000000   Number         0  anon$$obj.o ABSOLUTE
    __ARM_use_no_argv                        0x00000000   Number         0  main.o ABSOLUTE
    __use_no_errno                           0x00000000   Number         0  useno.o ABSOLUTE
    __use_no_exception_handling              0x00000000   Number         0  useno.o ABSOLUTE
    __use_no_fp                              0x00000000   Number         0  useno.o ABSOLUTE
    __use_no_heap                            0x00000000   Number         0  useno.o ABSOLUTE
    __use_no_heap_region                     0x00000000   Number         0  useno.o ABSOLUTE
    __use_no_semihosting                     0x00000000   Number         0  useno.o ABSOLUTE
    __use_no_semihosting_swi                 0x00000000   Number         0  useno.o ABSOLUTE
    __use_no_signal_handling                 0x00000000   Number         0  useno.o ABSOLUTE
    __cpp_initialize__aeabi_                  - Undefined Weak Reference
    __cxa_finalize                            - Undefined Weak Reference
    __decompress                              - Undefined Weak Reference
    _clock_init                               - Undefined Weak Reference
    _microlib_exit                            - Undefined Weak Reference
    __Vectors_Size                           0x00000130   Number         0  startup_stm32f10x_hd.o ABSOLUTE
    __Vectors                                0x08000000   Data           4  startup_stm32f10x_hd.o(RESET)
    __Vectors_End                            0x08000130   Data           0  startup_stm32f10x_hd.o(RESET)
    __main                                   0x08000131   Thumb Code     0  entry.o(.ARM.Collect$$$$00000000)
    _main_stk                                0x08000131   Thumb Code     0  entry2.o(.ARM.Collect$$$$00000001)
    _main_scatterload                        0x08000135   Thumb Code     0  entry5.o(.ARM.Collect$$$$00000004)
    __main_after_scatterload                 0x08000139   Thumb Code     0  entry5.o(.ARM.Collect$$$$00000004)
    _main_clock                              0x08000139   Thumb Code     0  entry7b.o(.ARM.Collect$$$$00000008)
    _main_cpp_init                           0x08000139   Thumb Code     0  entry8b.o(.ARM.Collect$$$$0000000A)
    _main_init                               0x08000139   Thumb Code     0  entry9a.o(.ARM.Collect$$$$0000000B)
    __rt_final_cpp                           0x08000141   Thumb Code     0  entry10a.o(.ARM.Collect$$$$0000000D)
    __rt_final_exit                          0x08000141   Thumb Code     0  entry11a.o(.ARM.Collect$$$$0000000F)
    Reset_Handler                            0x08000145   Thumb Code     8  startup_stm32f10x_hd.o(.text)
    ADC1_2_IRQHandler                        0x0800015f   Thumb Code     0  startup_stm32f10x_hd.o(.text)
    ADC3_IRQHandler                          0x0800015f   Thumb Code     0  startup_stm32f10x_hd.o(.text)
    CAN1_RX1_IRQHandler                      0x0800015f   Thumb Code     0  startup_stm32f10x_hd.o(.text)
    CAN1_SCE_IRQHandler                      0x0800015f   Thumb Code     0  startup_stm32f10x_hd.o(.text)
    DMA1_Channel1_IRQHandler                 0x0800015f   Thumb Code     0  startup_stm32f10x_hd.o(.text)
    DMA1_Channel2_IRQHandler                 0x0800015f   Thumb Code     0  startup_stm32f10x_hd.o(.text)
    DMA1_Channel3_IRQHandler                 0x0800015f   Thumb Code     0  startup_stm32f10x_hd.o(.text)
    DMA1_Channel4_IRQHandler                 0x0800015f   Thumb Code     0  startup_stm32f10x_hd.o(.text)
    DMA1_Channel5_IRQHandler                 0x0800015f   Thumb Code     0  startup_stm32f10x_hd.o(.text)
    DMA1_Channel6_IRQHandler                 0x0800015f   Thumb Code     0  startup_stm32f10x_hd.o(.text)
    DMA1_Channel7_IRQHandler                 0x0800015f   Thumb Code     0  startup_stm32f10x_hd.o(.text)
    DMA2_Channel1_IRQHandler                 0x0800015f   Thumb Code     0  startup_stm32f10x_hd.o(.text)
    DMA2_Channel2_IRQHandler                 0x0800015f   Thumb Code     0  startup_stm32f10x_hd.o(.text)
    DMA2_Channel3_IRQHandler                 0x0800015f   Thumb Code     0  startup_stm32f10x_hd.o(.text)
    DMA2_Channel4_5_IRQHandler               0x0800015f   Thumb Code     0  startup_stm32f10x_hd.o(.text)
    EXTI0_IRQHandler                         0x0800015f   Thumb Code     0  startup_stm32f10x_hd.o(.text)
    EXTI15_10_IRQHandler                     0x0800015f   Thumb Code     0  startup_stm32f10x_hd.o(.text)
    EXTI1_IRQHandler                         0x0800015f   Thumb Code     0  startup_stm32f10x_hd.o(.text)
    EXTI2_IRQHandler                         0x0800015f   Thumb Code     0  startup_stm32f10x_hd.o(.text)
    EXTI3_IRQHandler                         0x0800015f   Thumb Code     0  startup_stm32f10x_hd.o(.text)
    EXTI4_IRQHandler                         0x0800015f   Thumb Code     0  startup_stm32f10x_hd.o(.text)
    EXTI9_5_IRQHandler                       0x0800015f   Thumb Code     0  startup_stm32f10x_hd.o(.text)
    FLASH_IRQHandler                         0x0800015f   Thumb Code     0  startup_stm32f10x_hd.o(.text)
    FSMC_IRQHandler                          0x0800015f   Thumb Code     0  startup_stm32f10x_hd.o(.text)
    I2C1_ER_IRQHandler                       0x0800015f   Thumb Code     0  startup_stm32f10x_hd.o(.text)
    I2C1_EV_IRQHandler                       0x0800015f   Thumb Code     0  startup_stm32f10x_hd.o(.text)
    I2C2_ER_IRQHandler                       0x0800015f   Thumb Code     0  startup_stm32f10x_hd.o(.text)
    I2C2_EV_IRQHandler                       0x0800015f   Thumb Code     0  startup_stm32f10x_hd.o(.text)
    PVD_IRQHandler                           0x0800015f   Thumb Code     0  startup_stm32f10x_hd.o(.text)
    RCC_IRQHandler                           0x0800015f   Thumb Code     0  startup_stm32f10x_hd.o(.text)
    RTCAlarm_IRQHandler                      0x0800015f   Thumb Code     0  startup_stm32f10x_hd.o(.text)
    RTC_IRQHandler                           0x0800015f   Thumb Code     0  startup_stm32f10x_hd.o(.text)
    SDIO_IRQHandler                          0x0800015f   Thumb Code     0  startup_stm32f10x_hd.o(.text)
    SPI1_IRQHandler                          0x0800015f   Thumb Code     0  startup_stm32f10x_hd.o(.text)
    SPI2_IRQHandler                          0x0800015f   Thumb Code     0  startup_stm32f10x_hd.o(.text)
    SPI3_IRQHandler                          0x0800015f   Thumb Code     0  startup_stm32f10x_hd.o(.text)
    TAMPER_IRQHandler                        0x0800015f   Thumb Code     0  startup_stm32f10x_hd.o(.text)
    TIM1_BRK_IRQHandler                      0x0800015f   Thumb Code     0  startup_stm32f10x_hd.o(.text)
    TIM1_CC_IRQHandler                       0x0800015f   Thumb Code     0  startup_stm32f10x_hd.o(.text)
    TIM1_TRG_COM_IRQHandler                  0x0800015f   Thumb Code     0  startup_stm32f10x_hd.o(.text)
    TIM1_UP_IRQHandler                       0x0800015f   Thumb Code     0  startup_stm32f10x_hd.o(.text)
    TIM2_IRQHandler                          0x0800015f   Thumb Code     0  startup_stm32f10x_hd.o(.text)
    TIM3_IRQHandler                          0x0800015f   Thumb Code     0  startup_stm32f10x_hd.o(.text)
    TIM4_IRQHandler                          0x0800015f   Thumb Code     0  startup_stm32f10x_hd.o(.text)
    TIM5_IRQHandler                          0x0800015f   Thumb Code     0  startup_stm32f10x_hd.o(.text)
    TIM6_IRQHandler                          0x0800015f   Thumb Code     0  startup_stm32f10x_hd.o(.text)
    TIM7_IRQHandler                          0x0800015f   Thumb Code     0  startup_stm32f10x_hd.o(.text)
    TIM8_BRK_IRQHandler                      0x0800015f   Thumb Code     0  startup_stm32f10x_hd.o(.text)
    TIM8_CC_IRQHandler                       0x0800015f   Thumb Code     0  startup_stm32f10x_hd.o(.text)
    TIM8_TRG_COM_IRQHandler                  0x0800015f   Thumb Code     0  startup_stm32f10x_hd.o(.text)
    TIM8_UP_IRQHandler                       0x0800015f   Thumb Code     0  startup_stm32f10x_hd.o(.text)
    UART4_IRQHandler                         0x0800015f   Thumb Code     0  startup_stm32f10x_hd.o(.text)
    UART5_IRQHandler                         0x0800015f   Thumb Code     0  startup_stm32f10x_hd.o(.text)
    USART2_IRQHandler                        0x0800015f   Thumb Code     0  startup_stm32f10x_hd.o(.text)
    USART3_IRQHandler                        0x0800015f   Thumb Code     0  startup_stm32f10x_hd.o(.text)
    USBWakeUp_IRQHandler                     0x0800015f   Thumb Code     0  startup_stm32f10x_hd.o(.text)
    USB_HP_CAN1_TX_IRQHandler                0x0800015f   Thumb Code     0  startup_stm32f10x_hd.o(.text)
    USB_LP_CAN1_RX0_IRQHandler               0x0800015f   Thumb Code     0  startup_stm32f10x_hd.o(.text)
    WWDG_IRQHandler                          0x0800015f   Thumb Code     0  startup_stm32f10x_hd.o(.text)
    rt_hw_interrupt_disable                  0x08000169   Thumb Code     8  context_rvds.o(.text)
    rt_hw_interrupt_enable                   0x08000171   Thumb Code     6  context_rvds.o(.text)
    rt_hw_context_switch                     0x08000177   Thumb Code    32  context_rvds.o(.text)
    rt_hw_context_switch_interrupt           0x08000177   Thumb Code     0  context_rvds.o(.text)
    PendSV_Handler                           0x08000197   Thumb Code    60  context_rvds.o(.text)
    rt_hw_context_switch_to                  0x080001d3   Thumb Code    56  context_rvds.o(.text)
    rt_hw_interrupt_thread_switch            0x0800020b   Thumb Code     2  context_rvds.o(.text)
    HardFault_Handler                        0x0800020d   Thumb Code    52  context_rvds.o(.text)
    __aeabi_memcpy                           0x0800025d   Thumb Code    36  memcpya.o(.text)
    __aeabi_memcpy4                          0x0800025d   Thumb Code     0  memcpya.o(.text)
    __aeabi_memcpy8                          0x0800025d   Thumb Code     0  memcpya.o(.text)
    __aeabi_memset                           0x08000281   Thumb Code    14  memseta.o(.text)
    __aeabi_memset4                          0x08000281   Thumb Code     0  memseta.o(.text)
    __aeabi_memset8                          0x08000281   Thumb Code     0  memseta.o(.text)
    __aeabi_memclr                           0x0800028f   Thumb Code     4  memseta.o(.text)
    __aeabi_memclr4                          0x0800028f   Thumb Code     0  memseta.o(.text)
    __aeabi_memclr8                          0x0800028f   Thumb Code     0  memseta.o(.text)
    _memset$wrapper                          0x08000293   Thumb Code    18  memseta.o(.text)
    strcat                                   0x080002a5   Thumb Code    24  strcat.o(.text)
    strncpy                                  0x080002bd   Thumb Code    24  strncpy.o(.text)
    strlen                                   0x080002d5   Thumb Code    14  strlen.o(.text)
    strcpy                                   0x080002e3   Thumb Code    18  strcpy.o(.text)
    strncmp                                  0x080002f5   Thumb Code    30  strncmp.o(.text)
    __scatterload                            0x08000315   Thumb Code    28  init.o(.text)
    __scatterload_rt2                        0x08000315   Thumb Code     0  init.o(.text)
    main                                     0x08000339   Thumb Code    10  components.o(i.$Sub$$main)
    BusFault_Handler                         0x08000343   Thumb Code     4  stm32f10x_it.o(i.BusFault_Handler)
    DebugMon_Handler                         0x08000347   Thumb Code     2  stm32f10x_it.o(i.DebugMon_Handler)
    GPIO_Init                                0x08000349   Thumb Code   278  stm32f10x_gpio.o(i.GPIO_Init)
    GPIO_ResetBits                           0x0800045f   Thumb Code     4  stm32f10x_gpio.o(i.GPIO_ResetBits)
    GPIO_SetBits                             0x08000463   Thumb Code     4  stm32f10x_gpio.o(i.GPIO_SetBits)
    LED_Init                                 0x08000469   Thumb Code    72  led.o(i.LED_Init)
    MemManage_Handler                        0x080004b9   Thumb Code     4  stm32f10x_it.o(i.MemManage_Handler)
    NMI_Handler                              0x080004bd   Thumb Code     2  stm32f10x_it.o(i.NMI_Handler)
    NVIC_Init                                0x080004c1   Thumb Code   100  misc.o(i.NVIC_Init)
    RCC_APB2PeriphClockCmd                   0x08000531   Thumb Code    26  stm32f10x_rcc.o(i.RCC_APB2PeriphClockCmd)
    RCC_GetClocksFreq                        0x08000551   Thumb Code   192  stm32f10x_rcc.o(i.RCC_GetClocksFreq)
    SVC_Handler                              0x08000625   Thumb Code     2  stm32f10x_it.o(i.SVC_Handler)
    SysTick_Handler                          0x08000711   Thumb Code    16  stm32f10x_it.o(i.SysTick_Handler)
    SystemCoreClockUpdate                    0x08000721   Thumb Code   142  system_stm32f10x.o(i.SystemCoreClockUpdate)
    SystemInit                               0x080007c5   Thumb Code    78  system_stm32f10x.o(i.SystemInit)
    Systick_Init                             0x08000825   Thumb Code    84  sys.o(i.Systick_Init)
    USART1_IRQHandler                        0x08000885   Thumb Code     2  usart.o(i.USART1_IRQHandler)
    USART_ClearITPendingBit                  0x08000887   Thumb Code    30  stm32f10x_usart.o(i.USART_ClearITPendingBit)
    USART_Cmd                                0x080008a5   Thumb Code    24  stm32f10x_usart.o(i.USART_Cmd)
    USART_GetFlagStatus                      0x080008bd   Thumb Code    26  stm32f10x_usart.o(i.USART_GetFlagStatus)
    USART_Init                               0x080008d9   Thumb Code   210  stm32f10x_usart.o(i.USART_Init)
    USART_ReceiveData                        0x080009b1   Thumb Code    10  stm32f10x_usart.o(i.USART_ReceiveData)
    Uart1_SendByte                           0x080009bd   Thumb Code    22  usart.o(i.Uart1_SendByte)
    Uart_Init                                0x080009d9   Thumb Code   140  usart.o(i.Uart_Init)
    UsageFault_Handler                       0x08000a6d   Thumb Code     4  stm32f10x_it.o(i.UsageFault_Handler)
    __rt_ffs                                 0x08000a71   Thumb Code    70  kservice.o(i.__rt_ffs)
    __scatterload_copy                       0x08000abd   Thumb Code    14  handlers.o(i.__scatterload_copy)
    __scatterload_null                       0x08000acb   Thumb Code     2  handlers.o(i.__scatterload_null)
    __scatterload_zeroinit                   0x08000acd   Thumb Code    14  handlers.o(i.__scatterload_zeroinit)
    cmd_free                                 0x08000d41   Thumb Code    14  msh.o(i.cmd_free)
    cmd_ps                                   0x08000d4f   Thumb Code    14  msh.o(i.cmd_ps)
    finsh_get_prompt                         0x08000d5d   Thumb Code    86  shell.o(i.finsh_get_prompt)
    finsh_set_prompt_mode                    0x08000ddd   Thumb Code    22  shell.o(i.finsh_set_prompt_mode)
    finsh_system_function_init               0x08000df9   Thumb Code    10  shell.o(i.finsh_system_function_init)
    finsh_system_init                        0x08000e0d   Thumb Code    98  shell.o(i.finsh_system_init)
    finsh_thread_entry                       0x08000ea9   Thumb Code   936  shell.o(i.finsh_thread_entry)
    hello                                    0x080012f1   Thumb Code    12  cmd.o(i.hello)
    list                                     0x08001311   Thumb Code    54  cmd.o(i.list)
    list_mailbox                             0x0800142d   Thumb Code   224  cmd.o(i.list_mailbox)
    list_mem                                 0x08001589   Thumb Code    34  mem.o(i.list_mem)
    list_sem                                 0x08001601   Thumb Code   216  cmd.o(i.list_sem)
    list_thread                              0x08001739   Thumb Code   294  cmd.o(i.list_thread)
    list_timer                               0x0800191d   Thumb Code   190  cmd.o(i.list_timer)
    $Super$$main                             0x08001a7d   Thumb Code    60  main.o(i.main)
    main_thread_entry                        0x08001ac1   Thumb Code    14  components.o(i.main_thread_entry)
    msh_auto_complete                        0x08001bb9   Thumb Code   138  msh.o(i.msh_auto_complete)
    msh_exec                                 0x08001c59   Thumb Code    84  msh.o(i.msh_exec)
    msh_help                                 0x08001d21   Thumb Code    66  msh.o(i.msh_help)
    msh_is_used                              0x08001da1   Thumb Code     4  msh.o(i.msh_is_used)
    rt_application_init                      0x080020c1   Thumb Code    34  components.o(i.rt_application_init)
    rt_calloc                                0x080020f1   Thumb Code    34  mem.o(i.rt_calloc)
    rt_components_board_init                 0x08002115   Thumb Code    20  components.o(i.rt_components_board_init)
    rt_components_init                       0x08002131   Thumb Code    20  components.o(i.rt_components_init)
    rt_enter_critical                        0x0800214d   Thumb Code    28  scheduler.o(i.rt_enter_critical)
    rt_exit_critical                         0x0800216d   Thumb Code    60  scheduler.o(i.rt_exit_critical)
    rt_free                                  0x080021b1   Thumb Code   128  mem.o(i.rt_free)
    rt_heap_begin_get                        0x08002291   Thumb Code     4  board.o(i.rt_heap_begin_get)
    rt_heap_end_get                          0x08002299   Thumb Code     4  board.o(i.rt_heap_end_get)
    rt_hw_board_init                         0x080022a1   Thumb Code    38  board.o(i.rt_hw_board_init)
    rt_hw_console_getchar                    0x080022c9   Thumb Code    54  finsh_port.o(i.rt_hw_console_getchar)
    rt_hw_console_output                     0x08002305   Thumb Code    52  board.o(i.rt_hw_console_output)
    rt_hw_hard_fault_exception               0x08002339   Thumb Code   198  cpuport.o(i.rt_hw_hard_fault_exception)
    rt_hw_stack_init                         0x08002541   Thumb Code    70  cpuport.o(i.rt_hw_stack_init)
    rt_interrupt_enter                       0x0800258d   Thumb Code    26  irq.o(i.rt_interrupt_enter)
    rt_interrupt_leave                       0x080025ad   Thumb Code    26  irq.o(i.rt_interrupt_leave)
    rt_kprintf                               0x08002661   Thumb Code    44  kservice.o(i.rt_kprintf)
    rt_malloc                                0x08002755   Thumb Code   336  mem.o(i.rt_malloc)
    rt_memmove                               0x080028c1   Thumb Code    66  kservice.o(i.rt_memmove)
    rt_memset                                0x08002903   Thumb Code    72  kservice.o(i.rt_memset)
    rt_object_allocate                       0x0800294b   Thumb Code    84  object.o(i.rt_object_allocate)
    rt_object_delete                         0x0800299f   Thumb Code    36  object.o(i.rt_object_delete)
    rt_object_detach                         0x080029c3   Thumb Code    30  object.o(i.rt_object_detach)
    rt_object_get_information                0x080029e1   Thumb Code    36  object.o(i.rt_object_get_information)
    rt_object_init                           0x08002a09   Thumb Code    86  object.o(i.rt_object_init)
    rt_object_is_systemobject                0x08002a5f   Thumb Code    18  object.o(i.rt_object_is_systemobject)
    rt_schedule                              0x08002a71   Thumb Code   106  scheduler.o(i.rt_schedule)
    rt_schedule_insert_thread                0x08002af5   Thumb Code    72  scheduler.o(i.rt_schedule_insert_thread)
    rt_schedule_remove_thread                0x08002b45   Thumb Code    76  scheduler.o(i.rt_schedule_remove_thread)
    rt_sem_init                              0x08002b99   Thumb Code    38  ipc.o(i.rt_sem_init)
    rt_sem_release                           0x08002bbf   Thumb Code    82  ipc.o(i.rt_sem_release)
    rt_sem_take                              0x08002c11   Thumb Code   116  ipc.o(i.rt_sem_take)
    rt_show_version                          0x08002c85   Thumb Code    38  kservice.o(i.rt_show_version)
    rt_strlen                                0x08002d35   Thumb Code    18  kservice.o(i.rt_strlen)
    rt_strncpy                               0x08002d47   Thumb Code    52  kservice.o(i.rt_strncpy)
    rt_system_heap_init                      0x08002d7d   Thumb Code   160  mem.o(i.rt_system_heap_init)
    rt_system_scheduler_init                 0x08002e75   Thumb Code    52  scheduler.o(i.rt_system_scheduler_init)
    rt_system_scheduler_start                0x08002ec1   Thumb Code    36  scheduler.o(i.rt_system_scheduler_start)
    rt_system_timer_init                     0x08002ef1   Thumb Code    24  timer.o(i.rt_system_timer_init)
    rt_system_timer_thread_init              0x08002f0d   Thumb Code     2  timer.o(i.rt_system_timer_thread_init)
    rt_thread_create                         0x08002f0f   Thumb Code    80  thread.o(i.rt_thread_create)
    rt_thread_exit                           0x08002f61   Thumb Code    78  thread.o(i.rt_thread_exit)
    rt_thread_idle_excute                    0x08002fc1   Thumb Code    92  idle.o(i.rt_thread_idle_excute)
    rt_thread_idle_init                      0x08003021   Thumb Code    38  idle.o(i.rt_thread_idle_init)
    rt_thread_init                           0x0800305d   Thumb Code    52  thread.o(i.rt_thread_init)
    rt_thread_mdelay                         0x08003091   Thumb Code    20  thread.o(i.rt_thread_mdelay)
    rt_thread_resume                         0x080030a5   Thumb Code    60  thread.o(i.rt_thread_resume)
    rt_thread_self                           0x080030e1   Thumb Code     6  thread.o(i.rt_thread_self)
    rt_thread_sleep                          0x080030ed   Thumb Code    62  thread.o(i.rt_thread_sleep)
    rt_thread_startup                        0x08003131   Thumb Code    44  thread.o(i.rt_thread_startup)
    rt_thread_suspend                        0x0800315d   Thumb Code    68  thread.o(i.rt_thread_suspend)
    rt_thread_timeout                        0x080031a1   Thumb Code    32  thread.o(i.rt_thread_timeout)
    rt_thread_yield                          0x080031c1   Thumb Code    92  thread.o(i.rt_thread_yield)
    rt_tick_from_millisecond                 0x08003225   Thumb Code    56  clock.o(i.rt_tick_from_millisecond)
    rt_tick_get                              0x0800325d   Thumb Code     6  clock.o(i.rt_tick_get)
    rt_tick_increase                         0x08003269   Thumb Code    42  clock.o(i.rt_tick_increase)
    rt_timer_check                           0x08003299   Thumb Code   160  timer.o(i.rt_timer_check)
    rt_timer_control                         0x0800333d   Thumb Code    98  timer.o(i.rt_timer_control)
    rt_timer_detach                          0x0800339f   Thumb Code    40  timer.o(i.rt_timer_detach)
    rt_timer_init                            0x080033c7   Thumb Code    46  timer.o(i.rt_timer_init)
    rt_timer_start                           0x080033f5   Thumb Code   226  timer.o(i.rt_timer_start)
    rt_timer_stop                            0x080034e1   Thumb Code    48  timer.o(i.rt_timer_stop)
    rt_vsnprintf                             0x08003511   Thumb Code   824  kservice.o(i.rt_vsnprintf)
    rtthread_startup                         0x08003861   Thumb Code    42  components.o(i.rtthread_startup)
    version                                  0x08003a31   Thumb Code    10  cmd.o(i.version)
    __lowest_bit_bitmap                      0x08003a3a   Data         256  kservice.o(.constdata)
    __fsym_list_mem_name                     0x08003ba0   Data           9  mem.o(.rodata.name)
    __fsym_list_mem_desc                     0x08003ba9   Data          30  mem.o(.rodata.name)
    __fsym_hello_name                        0x08003bc7   Data           6  cmd.o(.rodata.name)
    __fsym_hello_desc                        0x08003bcd   Data          16  cmd.o(.rodata.name)
    __fsym_version_name                      0x08003bdd   Data           8  cmd.o(.rodata.name)
    __fsym_version_desc                      0x08003be5   Data          35  cmd.o(.rodata.name)
    __fsym___cmd_version_name                0x08003c08   Data          14  cmd.o(.rodata.name)
    __fsym___cmd_version_desc                0x08003c16   Data          35  cmd.o(.rodata.name)
    __fsym_list_thread_name                  0x08003c39   Data          12  cmd.o(.rodata.name)
    __fsym_list_thread_desc                  0x08003c45   Data          12  cmd.o(.rodata.name)
    __fsym___cmd_list_thread_name            0x08003c51   Data          18  cmd.o(.rodata.name)
    __fsym___cmd_list_thread_desc            0x08003c63   Data          12  cmd.o(.rodata.name)
    __fsym_list_sem_name                     0x08003c6f   Data           9  cmd.o(.rodata.name)
    __fsym_list_sem_desc                     0x08003c78   Data          25  cmd.o(.rodata.name)
    __fsym___cmd_list_sem_name               0x08003c91   Data          15  cmd.o(.rodata.name)
    __fsym___cmd_list_sem_desc               0x08003ca0   Data          25  cmd.o(.rodata.name)
    __fsym_list_mailbox_name                 0x08003cb9   Data          13  cmd.o(.rodata.name)
    __fsym_list_mailbox_desc                 0x08003cc6   Data          24  cmd.o(.rodata.name)
    __fsym___cmd_list_mailbox_name           0x08003cde   Data          19  cmd.o(.rodata.name)
    __fsym___cmd_list_mailbox_desc           0x08003cf1   Data          24  cmd.o(.rodata.name)
    __fsym_list_timer_name                   0x08003d09   Data          11  cmd.o(.rodata.name)
    __fsym_list_timer_desc                   0x08003d14   Data          21  cmd.o(.rodata.name)
    __fsym___cmd_list_timer_name             0x08003d29   Data          17  cmd.o(.rodata.name)
    __fsym___cmd_list_timer_desc             0x08003d3a   Data          21  cmd.o(.rodata.name)
    __fsym_list_name                         0x08003d4f   Data           5  cmd.o(.rodata.name)
    __fsym_list_desc                         0x08003d54   Data          26  cmd.o(.rodata.name)
    __fsym___cmd_help_name                   0x08003d6e   Data          11  msh.o(.rodata.name)
    __fsym___cmd_help_desc                   0x08003d79   Data          22  msh.o(.rodata.name)
    __fsym___cmd_ps_name                     0x08003d8f   Data           9  msh.o(.rodata.name)
    __fsym___cmd_ps_desc                     0x08003d98   Data          28  msh.o(.rodata.name)
    __fsym___cmd_free_name                   0x08003db4   Data          11  msh.o(.rodata.name)
    __fsym___cmd_free_desc                   0x08003dbf   Data          37  msh.o(.rodata.name)
    __rt_init_rti_start                      0x08003de4   Data           4  components.o(.rti_fn.0)
    __rt_init_rti_board_start                0x08003de8   Data           4  components.o(.rti_fn.0.end)
    __rt_init_uart_init                      0x08003dec   Data           4  board.o(.rti_fn.1)
    __rt_init_rti_board_end                  0x08003df0   Data           4  components.o(.rti_fn.1.end)
    __rt_init_finsh_system_init              0x08003df4   Data           4  shell.o(.rti_fn.6)
    __rt_init_rti_end                        0x08003df8   Data           4  components.o(.rti_fn.6.end)
    FSymTab$$Base                            0x08003dfc   Number         0  mem.o(FSymTab)
    __fsym_list_mem                          0x08003dfc   Data          12  mem.o(FSymTab)
    __fsym_hello                             0x08003e08   Data          12  cmd.o(FSymTab)
    __fsym_version                           0x08003e14   Data          12  cmd.o(FSymTab)
    __fsym___cmd_version                     0x08003e20   Data          12  cmd.o(FSymTab)
    __fsym_list_thread                       0x08003e2c   Data          12  cmd.o(FSymTab)
    __fsym___cmd_list_thread                 0x08003e38   Data          12  cmd.o(FSymTab)
    __fsym_list_sem                          0x08003e44   Data          12  cmd.o(FSymTab)
    __fsym___cmd_list_sem                    0x08003e50   Data          12  cmd.o(FSymTab)
    __fsym_list_mailbox                      0x08003e5c   Data          12  cmd.o(FSymTab)
    __fsym___cmd_list_mailbox                0x08003e68   Data          12  cmd.o(FSymTab)
    __fsym_list_timer                        0x08003e74   Data          12  cmd.o(FSymTab)
    __fsym___cmd_list_timer                  0x08003e80   Data          12  cmd.o(FSymTab)
    __fsym_list                              0x08003e8c   Data          12  cmd.o(FSymTab)
    __fsym___cmd_help                        0x08003e98   Data          12  msh.o(FSymTab)
    __fsym___cmd_ps                          0x08003ea4   Data          12  msh.o(FSymTab)
    __fsym___cmd_free                        0x08003eb0   Data          12  msh.o(FSymTab)
    FSymTab$$Limit                           0x08003ebc   Number         0  msh.o(FSymTab)
    Region$$Table$$Base                      0x08003ebc   Number         0  anon$$obj.o(Region$$Table)
    Region$$Table$$Limit                     0x08003edc   Number         0  anon$$obj.o(Region$$Table)
    SystemCoreClock                          0x20000000   Data           4  system_stm32f10x.o(.data)
    AHBPrescTable                            0x20000004   Data          16  system_stm32f10x.o(.data)
    rt_interrupt_from_thread                 0x20000028   Data           4  cpuport.o(.data)
    rt_interrupt_to_thread                   0x2000002c   Data           4  cpuport.o(.data)
    rt_thread_switch_interrupt_flag          0x20000030   Data           4  cpuport.o(.data)
    rt_interrupt_nest                        0x2000003c   Data           1  irq.o(.data)
    rt_thread_ready_priority_group           0x20000098   Data           4  scheduler.o(.data)
    rt_current_thread                        0x200000a0   Data           4  scheduler.o(.data)
    rt_current_priority                      0x200000a4   Data           1  scheduler.o(.data)
    rt_thread_defunct                        0x200000a8   Data           8  scheduler.o(.data)
    _syscall_table_begin                     0x200000bc   Data           4  shell.o(.data)
    _syscall_table_end                       0x200000c0   Data           4  shell.o(.data)
    _sysvar_table_begin                      0x200000c4   Data           4  shell.o(.data)
    _sysvar_table_end                        0x200000c8   Data           4  shell.o(.data)
    shell                                    0x200000cc   Data           4  shell.o(.data)
    rt_thread_priority_table                 0x2000036c   Data         256  scheduler.o(.bss)
    __initial_sp                             0x20004570   Data           0  startup_stm32f10x_hd.o(STACK)



==============================================================================

Memory Map of the image

  Image Entry point : 0x08000145

  Load Region LR_1 (Base: 0x08000000, Size: 0x00003fb0, Max: 0xffffffff, ABSOLUTE)

    Execution Region ER_RO (Exec base: 0x08000000, Load base: 0x08000000, Size: 0x00003edc, Max: 0xffffffff, ABSOLUTE)

    Exec Addr    Load Addr    Size         Type   Attr      Idx    E Section Name        Object

    0x08000000   0x08000000   0x00000130   Data   RO          388    RESET               startup_stm32f10x_hd.o
    0x08000130   0x08000130   0x00000000   Code   RO         2276  * .ARM.Collect$$$$00000000  mc_w.l(entry.o)
    0x08000130   0x08000130   0x00000004   Code   RO         2295    .ARM.Collect$$$$00000001  mc_w.l(entry2.o)
    0x08000134   0x08000134   0x00000004   Code   RO         2298    .ARM.Collect$$$$00000004  mc_w.l(entry5.o)
    0x08000138   0x08000138   0x00000000   Code   RO         2300    .ARM.Collect$$$$00000008  mc_w.l(entry7b.o)
    0x08000138   0x08000138   0x00000000   Code   RO         2302    .ARM.Collect$$$$0000000A  mc_w.l(entry8b.o)
    0x08000138   0x08000138   0x00000008   Code   RO         2303    .ARM.Collect$$$$0000000B  mc_w.l(entry9a.o)
    0x08000140   0x08000140   0x00000000   Code   RO         2305    .ARM.Collect$$$$0000000D  mc_w.l(entry10a.o)
    0x08000140   0x08000140   0x00000000   Code   RO         2307    .ARM.Collect$$$$0000000F  mc_w.l(entry11a.o)
    0x08000140   0x08000140   0x00000004   Code   RO         2296    .ARM.Collect$$$$00002712  mc_w.l(entry2.o)
    0x08000144   0x08000144   0x00000024   Code   RO          389  * .text               startup_stm32f10x_hd.o
    0x08000168   0x08000168   0x000000f4   Code   RO          947    .text               context_rvds.o
    0x0800025c   0x0800025c   0x00000024   Code   RO         2279    .text               mc_w.l(memcpya.o)
    0x08000280   0x08000280   0x00000024   Code   RO         2281    .text               mc_w.l(memseta.o)
    0x080002a4   0x080002a4   0x00000018   Code   RO         2283    .text               mc_w.l(strcat.o)
    0x080002bc   0x080002bc   0x00000018   Code   RO         2285    .text               mc_w.l(strncpy.o)
    0x080002d4   0x080002d4   0x0000000e   Code   RO         2287    .text               mc_w.l(strlen.o)
    0x080002e2   0x080002e2   0x00000012   Code   RO         2289    .text               mc_w.l(strcpy.o)
    0x080002f4   0x080002f4   0x0000001e   Code   RO         2291    .text               mc_w.l(strncmp.o)
    0x08000312   0x08000312   0x00000002   PAD
    0x08000314   0x08000314   0x00000024   Code   RO         2309    .text               mc_w.l(init.o)
    0x08000338   0x08000338   0x0000000a   Code   RO         1048    i.$Sub$$main        components.o
    0x08000342   0x08000342   0x00000004   Code   RO          142    i.BusFault_Handler  stm32f10x_it.o
    0x08000346   0x08000346   0x00000002   Code   RO          143    i.DebugMon_Handler  stm32f10x_it.o
    0x08000348   0x08000348   0x00000116   Code   RO          435    i.GPIO_Init         stm32f10x_gpio.o
    0x0800045e   0x0800045e   0x00000004   Code   RO          442    i.GPIO_ResetBits    stm32f10x_gpio.o
    0x08000462   0x08000462   0x00000004   Code   RO          443    i.GPIO_SetBits      stm32f10x_gpio.o
    0x08000466   0x08000466   0x00000002   PAD
    0x08000468   0x08000468   0x00000050   Code   RO          256    i.LED_Init          led.o
    0x080004b8   0x080004b8   0x00000004   Code   RO          144    i.MemManage_Handler  stm32f10x_it.o
    0x080004bc   0x080004bc   0x00000002   Code   RO          145    i.NMI_Handler       stm32f10x_it.o
    0x080004be   0x080004be   0x00000002   PAD
    0x080004c0   0x080004c0   0x00000070   Code   RO          393    i.NVIC_Init         misc.o
    0x08000530   0x08000530   0x00000020   Code   RO          571    i.RCC_APB2PeriphClockCmd  stm32f10x_rcc.o
    0x08000550   0x08000550   0x000000d4   Code   RO          579    i.RCC_GetClocksFreq  stm32f10x_rcc.o
    0x08000624   0x08000624   0x00000002   Code   RO          146    i.SVC_Handler       stm32f10x_it.o
    0x08000626   0x08000626   0x00000008   Code   RO          222    i.SetSysClock       system_stm32f10x.o
    0x0800062e   0x0800062e   0x00000002   PAD
    0x08000630   0x08000630   0x000000e0   Code   RO          223    i.SetSysClockTo72   system_stm32f10x.o
    0x08000710   0x08000710   0x00000010   Code   RO          147    i.SysTick_Handler   stm32f10x_it.o
    0x08000720   0x08000720   0x000000a4   Code   RO          224    i.SystemCoreClockUpdate  system_stm32f10x.o
    0x080007c4   0x080007c4   0x00000060   Code   RO          225    i.SystemInit        system_stm32f10x.o
    0x08000824   0x08000824   0x00000060   Code   RO          297    i.Systick_Init      sys.o
    0x08000884   0x08000884   0x00000002   Code   RO          333    i.USART1_IRQHandler  usart.o
    0x08000886   0x08000886   0x0000001e   Code   RO          768    i.USART_ClearITPendingBit  stm32f10x_usart.o
    0x080008a4   0x080008a4   0x00000018   Code   RO          771    i.USART_Cmd         stm32f10x_usart.o
    0x080008bc   0x080008bc   0x0000001a   Code   RO          774    i.USART_GetFlagStatus  stm32f10x_usart.o
    0x080008d6   0x080008d6   0x00000002   PAD
    0x080008d8   0x080008d8   0x000000d8   Code   RO          778    i.USART_Init        stm32f10x_usart.o
    0x080009b0   0x080009b0   0x0000000a   Code   RO          785    i.USART_ReceiveData  stm32f10x_usart.o
    0x080009ba   0x080009ba   0x00000002   PAD
    0x080009bc   0x080009bc   0x0000001c   Code   RO          334    i.Uart1_SendByte    usart.o
    0x080009d8   0x080009d8   0x00000094   Code   RO          335    i.Uart_Init         usart.o
    0x08000a6c   0x08000a6c   0x00000004   Code   RO          148    i.UsageFault_Handler  stm32f10x_it.o
    0x08000a70   0x08000a70   0x0000004c   Code   RO         1318    i.__rt_ffs          kservice.o
    0x08000abc   0x08000abc   0x0000000e   Code   RO         2313    i.__scatterload_copy  mc_w.l(handlers.o)
    0x08000aca   0x08000aca   0x00000002   Code   RO         2314    i.__scatterload_null  mc_w.l(handlers.o)
    0x08000acc   0x08000acc   0x0000000e   Code   RO         2315    i.__scatterload_zeroinit  mc_w.l(handlers.o)
    0x08000ada   0x08000ada   0x0000006a   Code   RO         2103    i._msh_exec_cmd     msh.o
    0x08000b44   0x08000b44   0x00000084   Code   RO         1728    i._rt_thread_init   thread.o
    0x08000bc8   0x08000bc8   0x00000042   Code   RO         1860    i._rt_timer_init    timer.o
    0x08000c0a   0x08000c0a   0x0000001c   Code   RO         1861    i._rt_timer_remove  timer.o
    0x08000c26   0x08000c26   0x0000001c   Code   RO         1729    i._thread_cleanup_execute  thread.o
    0x08000c42   0x08000c42   0x00000002   PAD
    0x08000c44   0x08000c44   0x000000fc   Code   RO          951    i.bus_fault_track   cpuport.o
    0x08000d40   0x08000d40   0x0000000e   Code   RO         2104    i.cmd_free          msh.o
    0x08000d4e   0x08000d4e   0x0000000e   Code   RO         2105    i.cmd_ps            msh.o
    0x08000d5c   0x08000d5c   0x00000078   Code   RO         2176    i.finsh_get_prompt  shell.o
    0x08000dd4   0x08000dd4   0x00000008   Code   RO         2178    i.finsh_getchar     shell.o
    0x08000ddc   0x08000ddc   0x0000001c   Code   RO         2181    i.finsh_set_prompt_mode  shell.o
    0x08000df8   0x08000df8   0x00000014   Code   RO         2182    i.finsh_system_function_init  shell.o
    0x08000e0c   0x08000e0c   0x0000009c   Code   RO         2183    i.finsh_system_init  shell.o
    0x08000ea8   0x08000ea8   0x000003c8   Code   RO         2185    i.finsh_thread_entry  shell.o
    0x08001270   0x08001270   0x00000080   Code   RO          952    i.hard_fault_track  cpuport.o
    0x080012f0   0x080012f0   0x00000020   Code   RO         2017    i.hello             cmd.o
    0x08001310   0x08001310   0x00000068   Code   RO         2018    i.list              cmd.o
    0x08001378   0x08001378   0x0000002a   Code   RO         2019    i.list_find_init    cmd.o
    0x080013a2   0x080013a2   0x00000088   Code   RO         2020    i.list_get_next     cmd.o
    0x0800142a   0x0800142a   0x00000002   PAD
    0x0800142c   0x0800142c   0x0000015c   Code   RO         2021    i.list_mailbox      cmd.o
    0x08001588   0x08001588   0x00000078   Code   RO         1495    i.list_mem          mem.o
    0x08001600   0x08001600   0x00000138   Code   RO         2022    i.list_sem          cmd.o
    0x08001738   0x08001738   0x000001e4   Code   RO         2023    i.list_thread       cmd.o
    0x0800191c   0x0800191c   0x00000160   Code   RO         2024    i.list_timer        cmd.o
    0x08001a7c   0x08001a7c   0x00000044   Code   RO            1    i.main              main.o
    0x08001ac0   0x08001ac0   0x0000000e   Code   RO         1049    i.main_thread_entry  components.o
    0x08001ace   0x08001ace   0x00000002   PAD
    0x08001ad0   0x08001ad0   0x000000e8   Code   RO          953    i.mem_manage_fault_track  cpuport.o
    0x08001bb8   0x08001bb8   0x000000a0   Code   RO         2106    i.msh_auto_complete  msh.o
    0x08001c58   0x08001c58   0x0000006c   Code   RO         2107    i.msh_exec          msh.o
    0x08001cc4   0x08001cc4   0x0000005c   Code   RO         2108    i.msh_get_cmd       msh.o
    0x08001d20   0x08001d20   0x00000080   Code   RO         2109    i.msh_help          msh.o
    0x08001da0   0x08001da0   0x00000004   Code   RO         2110    i.msh_is_used       msh.o
    0x08001da4   0x08001da4   0x000000f0   Code   RO         2111    i.msh_split         msh.o
    0x08001e94   0x08001e94   0x0000001c   Code   RO         2025    i.object_split      cmd.o
    0x08001eb0   0x08001eb0   0x00000078   Code   RO         1496    i.plug_holes        mem.o
    0x08001f28   0x08001f28   0x00000198   Code   RO         1320    i.print_number      kservice.o
    0x080020c0   0x080020c0   0x00000030   Code   RO         1050    i.rt_application_init  components.o
    0x080020f0   0x080020f0   0x00000022   Code   RO         1497    i.rt_calloc         mem.o
    0x08002112   0x08002112   0x00000002   PAD
    0x08002114   0x08002114   0x0000001c   Code   RO         1051    i.rt_components_board_init  components.o
    0x08002130   0x08002130   0x0000001c   Code   RO         1052    i.rt_components_init  components.o
    0x0800214c   0x0800214c   0x00000020   Code   RO         1662    i.rt_enter_critical  scheduler.o
    0x0800216c   0x0800216c   0x00000044   Code   RO         1663    i.rt_exit_critical  scheduler.o
    0x080021b0   0x080021b0   0x000000e0   Code   RO         1498    i.rt_free           mem.o
    0x08002290   0x08002290   0x00000008   Code   RO         1972    i.rt_heap_begin_get  board.o
    0x08002298   0x08002298   0x00000008   Code   RO         1973    i.rt_heap_end_get   board.o
    0x080022a0   0x080022a0   0x00000026   Code   RO         1974    i.rt_hw_board_init  board.o
    0x080022c6   0x080022c6   0x00000002   PAD
    0x080022c8   0x080022c8   0x0000003c   Code   RO         2264    i.rt_hw_console_getchar  finsh_port.o
    0x08002304   0x08002304   0x00000034   Code   RO         1975    i.rt_hw_console_output  board.o
    0x08002338   0x08002338   0x00000208   Code   RO          957    i.rt_hw_hard_fault_exception  cpuport.o
    0x08002540   0x08002540   0x0000004c   Code   RO          958    i.rt_hw_stack_init  cpuport.o
    0x0800258c   0x0800258c   0x00000020   Code   RO         1291    i.rt_interrupt_enter  irq.o
    0x080025ac   0x080025ac   0x00000020   Code   RO         1293    i.rt_interrupt_leave  irq.o
    0x080025cc   0x080025cc   0x00000014   Code   RO         1151    i.rt_ipc_list_resume  ipc.o
    0x080025e0   0x080025e0   0x0000006e   Code   RO         1153    i.rt_ipc_list_suspend  ipc.o
    0x0800264e   0x0800264e   0x00000010   Code   RO         1154    i.rt_ipc_object_init  ipc.o
    0x0800265e   0x0800265e   0x00000002   PAD
    0x08002660   0x08002660   0x00000030   Code   RO         1324    i.rt_kprintf        kservice.o
    0x08002690   0x08002690   0x00000006   Code   RO         1155    i.rt_list_init      ipc.o
    0x08002696   0x08002696   0x00000006   Code   RO         1664    i.rt_list_init      scheduler.o
    0x0800269c   0x0800269c   0x00000006   Code   RO         1862    i.rt_list_init      timer.o
    0x080026a2   0x080026a2   0x0000000e   Code   RO         1574    i.rt_list_insert_after  object.o
    0x080026b0   0x080026b0   0x0000000e   Code   RO         1730    i.rt_list_insert_after  thread.o
    0x080026be   0x080026be   0x0000000e   Code   RO         1863    i.rt_list_insert_after  timer.o
    0x080026cc   0x080026cc   0x0000000e   Code   RO         1156    i.rt_list_insert_before  ipc.o
    0x080026da   0x080026da   0x00000010   Code   RO         1157    i.rt_list_isempty   ipc.o
    0x080026ea   0x080026ea   0x00000010   Code   RO         1864    i.rt_list_isempty   timer.o
    0x080026fa   0x080026fa   0x00000010   Code   RO         2026    i.rt_list_isempty   cmd.o
    0x0800270a   0x0800270a   0x00000014   Code   RO         2027    i.rt_list_len       cmd.o
    0x0800271e   0x0800271e   0x00000012   Code   RO         1575    i.rt_list_remove    object.o
    0x08002730   0x08002730   0x00000012   Code   RO         1731    i.rt_list_remove    thread.o
    0x08002742   0x08002742   0x00000012   Code   RO         1865    i.rt_list_remove    timer.o
    0x08002754   0x08002754   0x0000016c   Code   RO         1499    i.rt_malloc         mem.o
    0x080028c0   0x080028c0   0x00000042   Code   RO         1329    i.rt_memmove        kservice.o
    0x08002902   0x08002902   0x00000048   Code   RO         1330    i.rt_memset         kservice.o
    0x0800294a   0x0800294a   0x00000054   Code   RO         1576    i.rt_object_allocate  object.o
    0x0800299e   0x0800299e   0x00000024   Code   RO         1577    i.rt_object_delete  object.o
    0x080029c2   0x080029c2   0x0000001e   Code   RO         1578    i.rt_object_detach  object.o
    0x080029e0   0x080029e0   0x00000028   Code   RO         1580    i.rt_object_get_information  object.o
    0x08002a08   0x08002a08   0x00000056   Code   RO         1584    i.rt_object_init    object.o
    0x08002a5e   0x08002a5e   0x00000012   Code   RO         1585    i.rt_object_is_systemobject  object.o
    0x08002a70   0x08002a70   0x00000084   Code   RO         1665    i.rt_schedule       scheduler.o
    0x08002af4   0x08002af4   0x00000050   Code   RO         1666    i.rt_schedule_insert_thread  scheduler.o
    0x08002b44   0x08002b44   0x00000054   Code   RO         1667    i.rt_schedule_remove_thread  scheduler.o
    0x08002b98   0x08002b98   0x00000026   Code   RO         1170    i.rt_sem_init       ipc.o
    0x08002bbe   0x08002bbe   0x00000052   Code   RO         1171    i.rt_sem_release    ipc.o
    0x08002c10   0x08002c10   0x00000074   Code   RO         1172    i.rt_sem_take       ipc.o
    0x08002c84   0x08002c84   0x000000b0   Code   RO         1332    i.rt_show_version   kservice.o
    0x08002d34   0x08002d34   0x00000012   Code   RO         1338    i.rt_strlen         kservice.o
    0x08002d46   0x08002d46   0x00000034   Code   RO         1340    i.rt_strncpy        kservice.o
    0x08002d7a   0x08002d7a   0x00000002   PAD
    0x08002d7c   0x08002d7c   0x000000f8   Code   RO         1502    i.rt_system_heap_init  mem.o
    0x08002e74   0x08002e74   0x0000004c   Code   RO         1668    i.rt_system_scheduler_init  scheduler.o
    0x08002ec0   0x08002ec0   0x00000030   Code   RO         1669    i.rt_system_scheduler_start  scheduler.o
    0x08002ef0   0x08002ef0   0x0000001c   Code   RO         1866    i.rt_system_timer_init  timer.o
    0x08002f0c   0x08002f0c   0x00000002   Code   RO         1867    i.rt_system_timer_thread_init  timer.o
    0x08002f0e   0x08002f0e   0x00000050   Code   RO         1733    i.rt_thread_create  thread.o
    0x08002f5e   0x08002f5e   0x00000002   PAD
    0x08002f60   0x08002f60   0x00000058   Code   RO         1738    i.rt_thread_exit    thread.o
    0x08002fb8   0x08002fb8   0x00000008   Code   RO         1116    i.rt_thread_idle_entry  idle.o
    0x08002fc0   0x08002fc0   0x00000060   Code   RO         1117    i.rt_thread_idle_excute  idle.o
    0x08003020   0x08003020   0x0000003c   Code   RO         1119    i.rt_thread_idle_init  idle.o
    0x0800305c   0x0800305c   0x00000034   Code   RO         1740    i.rt_thread_init    thread.o
    0x08003090   0x08003090   0x00000014   Code   RO         1741    i.rt_thread_mdelay  thread.o
    0x080030a4   0x080030a4   0x0000003c   Code   RO         1742    i.rt_thread_resume  thread.o
    0x080030e0   0x080030e0   0x0000000c   Code   RO         1743    i.rt_thread_self    thread.o
    0x080030ec   0x080030ec   0x00000044   Code   RO         1744    i.rt_thread_sleep   thread.o
    0x08003130   0x08003130   0x0000002c   Code   RO         1745    i.rt_thread_startup  thread.o
    0x0800315c   0x0800315c   0x00000044   Code   RO         1746    i.rt_thread_suspend  thread.o
    0x080031a0   0x080031a0   0x00000020   Code   RO         1747    i.rt_thread_timeout  thread.o
    0x080031c0   0x080031c0   0x00000064   Code   RO         1748    i.rt_thread_yield   thread.o
    0x08003224   0x08003224   0x00000038   Code   RO         1011    i.rt_tick_from_millisecond  clock.o
    0x0800325c   0x0800325c   0x0000000c   Code   RO         1012    i.rt_tick_get       clock.o
    0x08003268   0x08003268   0x00000030   Code   RO         1013    i.rt_tick_increase  clock.o
    0x08003298   0x08003298   0x000000a4   Code   RO         1868    i.rt_timer_check    timer.o
    0x0800333c   0x0800333c   0x00000062   Code   RO         1869    i.rt_timer_control  timer.o
    0x0800339e   0x0800339e   0x00000028   Code   RO         1872    i.rt_timer_detach   timer.o
    0x080033c6   0x080033c6   0x0000002e   Code   RO         1873    i.rt_timer_init     timer.o
    0x080033f4   0x080033f4   0x000000ec   Code   RO         1876    i.rt_timer_start    timer.o
    0x080034e0   0x080034e0   0x00000030   Code   RO         1877    i.rt_timer_stop     timer.o
    0x08003510   0x08003510   0x00000340   Code   RO         1343    i.rt_vsnprintf      kservice.o
    0x08003850   0x08003850   0x00000004   Code   RO         1053    i.rti_board_end     components.o
    0x08003854   0x08003854   0x00000004   Code   RO         1054    i.rti_board_start   components.o
    0x08003858   0x08003858   0x00000004   Code   RO         1055    i.rti_end           components.o
    0x0800385c   0x0800385c   0x00000004   Code   RO         1056    i.rti_start         components.o
    0x08003860   0x08003860   0x0000002a   Code   RO         1057    i.rtthread_startup  components.o
    0x0800388a   0x0800388a   0x00000002   PAD
    0x0800388c   0x0800388c   0x00000038   Code   RO         2186    i.shell_auto_complete  shell.o
    0x080038c4   0x080038c4   0x00000030   Code   RO         2028    i.show_wait_queue   cmd.o
    0x080038f4   0x080038f4   0x00000026   Code   RO         1345    i.skip_atoi         kservice.o
    0x0800391a   0x0800391a   0x00000020   Code   RO         2112    i.str_common        msh.o
    0x0800393a   0x0800393a   0x0000000e   Code   RO         1977    i.uart_init         board.o
    0x08003948   0x08003948   0x000000e8   Code   RO          959    i.usage_fault_track  cpuport.o
    0x08003a30   0x08003a30   0x0000000a   Code   RO         2029    i.version           cmd.o
    0x08003a3a   0x08003a3a   0x00000122   Data   RO         1347    .constdata          kservice.o
    0x08003b5c   0x08003b5c   0x00000044   Data   RO         2030    .conststring        cmd.o
    0x08003ba0   0x08003ba0   0x00000027   Data   RO         1505    .rodata.name        mem.o
    0x08003bc7   0x08003bc7   0x000001a7   Data   RO         2031    .rodata.name        cmd.o
    0x08003d6e   0x08003d6e   0x00000076   Data   RO         2113    .rodata.name        msh.o
    0x08003de4   0x08003de4   0x00000004   Data   RO         1058    .rti_fn.0           components.o
    0x08003de8   0x08003de8   0x00000004   Data   RO         1059    .rti_fn.0.end       components.o
    0x08003dec   0x08003dec   0x00000004   Data   RO         1979    .rti_fn.1           board.o
    0x08003df0   0x08003df0   0x00000004   Data   RO         1060    .rti_fn.1.end       components.o
    0x08003df4   0x08003df4   0x00000004   Data   RO         2189    .rti_fn.6           shell.o
    0x08003df8   0x08003df8   0x00000004   Data   RO         1061    .rti_fn.6.end       components.o
    0x08003dfc   0x08003dfc   0x0000000c   Data   RO         1506    FSymTab             mem.o
    0x08003e08   0x08003e08   0x00000090   Data   RO         2032    FSymTab             cmd.o
    0x08003e98   0x08003e98   0x00000024   Data   RO         2114    FSymTab             msh.o
    0x08003ebc   0x08003ebc   0x00000020   Data   RO         2311    Region$$Table       anon$$obj.o


    Execution Region ER_RW (Exec base: 0x20000000, Load base: 0x08003edc, Size: 0x000000d4, Max: 0xffffffff, ABSOLUTE)

    Exec Addr    Load Addr    Size         Type   Attr      Idx    E Section Name        Object

    0x20000000   0x08003edc   0x00000014   Data   RW          226    .data               system_stm32f10x.o
    0x20000014   0x08003ef0   0x00000014   Data   RW          599    .data               stm32f10x_rcc.o
    0x20000028   0x08003f04   0x00000010   Data   RW          960    .data               cpuport.o
    0x20000038   0x08003f14   0x00000004   Data   RW         1015    .data               clock.o
    0x2000003c   0x08003f18   0x00000001   Data   RW         1294    .data               irq.o
    0x2000003d   0x08003f19   0x00000003   PAD
    0x20000040   0x08003f1c   0x00000018   Data   RW         1504    .data               mem.o
    0x20000058   0x08003f34   0x00000040   Data   RW         1587    .data               object.o
    0x20000098   0x08003f74   0x00000018   Data   RW         1671    .data               scheduler.o
    0x200000b0   0x08003f8c   0x0000000c   Data   RW         1878    .data               timer.o
    0x200000bc   0x08003f98   0x00000018   Data   RW         2188    .data               shell.o


    Execution Region ER_ZI (Exec base: 0x200000d4, Load base: 0x08003fb0, Size: 0x0000449c, Max: 0xffffffff, ABSOLUTE)

    Exec Addr    Load Addr    Size         Type   Attr      Idx    E Section Name        Object

    0x200000d4        -       0x00000178   Zero   RW         1120    .bss                idle.o
    0x2000024c        -       0x00000100   Zero   RW         1346    .bss                kservice.o
    0x2000034c        -       0x00000020   Zero   RW         1503    .bss                mem.o
    0x2000036c        -       0x00000100   Zero   RW         1670    .bss                scheduler.o
    0x2000046c        -       0x00003c00   Zero   RW         1978    .bss                board.o
    0x2000406c        -       0x00000101   Zero   RW         2187    .bss                shell.o
    0x2000416d   0x08003fb0   0x00000003   PAD
    0x20004170        -       0x00000400   Zero   RW          386    STACK               startup_stm32f10x_hd.o


==============================================================================

Image component sizes


      Code (inc. data)   RO Data    RW Data    ZI Data      Debug   Object Name

       120          8          4          0      15360       3046   board.o
       116         12          0          4          0       1644   clock.o
      1932        656        635          0          0      14845   cmd.o
       186         30         16          0          0       5532   components.o
       244         28          0          0          0        828   context_rvds.o
      1440        724          0         16          0       5318   cpuport.o
        60          6          0          0          0        528   finsh_port.o
       164         26          0          0        376       4974   idle.o
       418          0          0          0          0       8065   ipc.o
        64         12          0          1          0       1490   irq.o
      1786        164        290          0        256       9229   kservice.o
        80          8          0          0          0        491   led.o
        68          8          0          0          0     239733   main.o
      1110        310         51         24         32       5079   mem.o
       112         12          0          0          0        996   misc.o
       898        162        154          0          0       9084   msh.o
       326          4          0         64          0       7976   object.o
       526         90          0         24        256       8222   scheduler.o
      1356        154          4         24        257      10160   shell.o
        36          8        304          0       1024        788   startup_stm32f10x_hd.o
       286          0          0          0          0       2992   stm32f10x_gpio.o
        34          0          0          0          0       2841   stm32f10x_it.o
       244         26          0         20          0       3825   stm32f10x_rcc.o
       306          6          0          0          0       4601   stm32f10x_usart.o
        96         12          0          0          0      15734   sys.o
       492         50          0         20          0       2625   system_stm32f10x.o
       816         38          0          0          0      12000   thread.o
       810         24          0         12          0      11176   timer.o
       178         14          0          0          0       1565   usart.o

    ----------------------------------------------------------------------
     14332       2592       1490        212      17564     395387   Object Totals
         0          0         32          0          0          0   (incl. Generated)
        28          0          0          3          3          0   (incl. Padding)

    ----------------------------------------------------------------------

      Code (inc. data)   RO Data    RW Data    ZI Data      Debug   Library Member Name

         0          0          0          0          0          0   entry.o
         0          0          0          0          0          0   entry10a.o
         0          0          0          0          0          0   entry11a.o
         8          4          0          0          0          0   entry2.o
         4          0          0          0          0          0   entry5.o
         0          0          0          0          0          0   entry7b.o
         0          0          0          0          0          0   entry8b.o
         8          4          0          0          0          0   entry9a.o
        30          0          0          0          0          0   handlers.o
        36          8          0          0          0         68   init.o
        36          0          0          0          0         68   memcpya.o
        36          0          0          0          0        108   memseta.o
        24          0          0          0          0         68   strcat.o
        18          0          0          0          0         68   strcpy.o
        14          0          0          0          0         68   strlen.o
        30          0          0          0          0         80   strncmp.o
        24          0          0          0          0         76   strncpy.o

    ----------------------------------------------------------------------
       270         16          0          0          0        604   Library Totals
         2          0          0          0          0          0   (incl. Padding)

    ----------------------------------------------------------------------

      Code (inc. data)   RO Data    RW Data    ZI Data      Debug   Library Name

       268         16          0          0          0        604   mc_w.l

    ----------------------------------------------------------------------
       270         16          0          0          0        604   Library Totals

    ----------------------------------------------------------------------

==============================================================================


      Code (inc. data)   RO Data    RW Data    ZI Data      Debug   

     14602       2608       1490        212      17564     387875   Grand Totals
     14602       2608       1490        212      17564     387875   ELF Image Totals
     14602       2608       1490        212          0          0   ROM Totals

==============================================================================

    Total RO  Size (Code + RO Data)                16092 (  15.71kB)
    Total RW  Size (RW Data + ZI Data)             17776 (  17.36kB)
    Total ROM Size (Code + RO Data + RW Data)      16304 (  15.92kB)

==============================================================================

