Component: ARM Compiler 5.06 update 6 (build 750) Tool: armlink [4d35ed]

==============================================================================

Section Cross References

    main.o(i.main) refers to led.o(i.LED_Init) for LED_Init
    main.o(i.main) refers to stm32f10x_gpio.o(i.GPIO_ResetBits) for GPIO_ResetBits
    main.o(i.main) refers to stm32f10x_gpio.o(i.GPIO_SetBits) for GPIO_SetBits
    main.o(i.main) refers to thread.o(i.rt_thread_mdelay) for rt_thread_mdelay
    main.o(i.main) refers to kservice.o(i.rt_kprintf) for rt_kprintf
    stm32f10x_it.o(i.SysTick_Handler) refers to irq.o(i.rt_interrupt_enter) for rt_interrupt_enter
    stm32f10x_it.o(i.SysTick_Handler) refers to clock.o(i.rt_tick_increase) for rt_tick_increase
    stm32f10x_it.o(i.SysTick_Handler) refers to irq.o(i.rt_interrupt_leave) for rt_interrupt_leave
    system_stm32f10x.o(i.SetSysClock) refers to system_stm32f10x.o(i.SetSysClockTo72) for SetSysClockTo72
    system_stm32f10x.o(i.SystemCoreClockUpdate) refers to system_stm32f10x.o(.data) for SystemCoreClock
    system_stm32f10x.o(i.SystemInit) refers to system_stm32f10x.o(i.SetSysClock) for SetSysClock
    led.o(i.LED_Init) refers to stm32f10x_rcc.o(i.RCC_APB2PeriphClockCmd) for RCC_APB2PeriphClockCmd
    led.o(i.LED_Init) refers to stm32f10x_gpio.o(i.GPIO_Init) for GPIO_Init
    led.o(i.LED_Init) refers to stm32f10x_gpio.o(i.GPIO_SetBits) for GPIO_SetBits
    delay.o(i.delay_init) refers to misc.o(i.SysTick_CLKSourceConfig) for SysTick_CLKSourceConfig
    delay.o(i.delay_init) refers to system_stm32f10x.o(.data) for SystemCoreClock
    delay.o(i.delay_init) refers to delay.o(.data) for fac_us
    delay.o(i.delay_ms) refers to delay.o(.data) for fac_ms
    delay.o(i.delay_us) refers to delay.o(.data) for fac_us
    sys.o(i.Systick_Init) refers to system_stm32f10x.o(.data) for SystemCoreClock
    usart.o(i.Uart_Init) refers to stm32f10x_rcc.o(i.RCC_APB2PeriphClockCmd) for RCC_APB2PeriphClockCmd
    usart.o(i.Uart_Init) refers to stm32f10x_gpio.o(i.GPIO_Init) for GPIO_Init
    usart.o(i.Uart_Init) refers to misc.o(i.NVIC_Init) for NVIC_Init
    usart.o(i.Uart_Init) refers to stm32f10x_usart.o(i.USART_Init) for USART_Init
    usart.o(i.Uart_Init) refers to stm32f10x_usart.o(i.USART_ITConfig) for USART_ITConfig
    usart.o(i.Uart_Init) refers to stm32f10x_usart.o(i.USART_Cmd) for USART_Cmd
    startup_stm32f10x_hd.o(RESET) refers to startup_stm32f10x_hd.o(STACK) for __initial_sp
    startup_stm32f10x_hd.o(RESET) refers to startup_stm32f10x_hd.o(.text) for Reset_Handler
    startup_stm32f10x_hd.o(RESET) refers to stm32f10x_it.o(i.NMI_Handler) for NMI_Handler
    startup_stm32f10x_hd.o(RESET) refers to context_rvds.o(.text) for HardFault_Handler
    startup_stm32f10x_hd.o(RESET) refers to stm32f10x_it.o(i.MemManage_Handler) for MemManage_Handler
    startup_stm32f10x_hd.o(RESET) refers to stm32f10x_it.o(i.BusFault_Handler) for BusFault_Handler
    startup_stm32f10x_hd.o(RESET) refers to stm32f10x_it.o(i.UsageFault_Handler) for UsageFault_Handler
    startup_stm32f10x_hd.o(RESET) refers to stm32f10x_it.o(i.SVC_Handler) for SVC_Handler
    startup_stm32f10x_hd.o(RESET) refers to stm32f10x_it.o(i.DebugMon_Handler) for DebugMon_Handler
    startup_stm32f10x_hd.o(RESET) refers to stm32f10x_it.o(i.SysTick_Handler) for SysTick_Handler
    startup_stm32f10x_hd.o(RESET) refers to usart.o(i.USART1_IRQHandler) for USART1_IRQHandler
    startup_stm32f10x_hd.o(.text) refers to system_stm32f10x.o(i.SystemInit) for SystemInit
    startup_stm32f10x_hd.o(.text) refers to entry.o(.ARM.Collect$$$$00000000) for __main
    stm32f10x_gpio.o(i.GPIO_AFIODeInit) refers to stm32f10x_rcc.o(i.RCC_APB2PeriphResetCmd) for RCC_APB2PeriphResetCmd
    stm32f10x_gpio.o(i.GPIO_DeInit) refers to stm32f10x_rcc.o(i.RCC_APB2PeriphResetCmd) for RCC_APB2PeriphResetCmd
    stm32f10x_rcc.o(i.RCC_GetClocksFreq) refers to stm32f10x_rcc.o(.data) for APBAHBPrescTable
    stm32f10x_rcc.o(i.RCC_WaitForHSEStartUp) refers to stm32f10x_rcc.o(i.RCC_GetFlagStatus) for RCC_GetFlagStatus
    stm32f10x_usart.o(i.USART_DeInit) refers to stm32f10x_rcc.o(i.RCC_APB2PeriphResetCmd) for RCC_APB2PeriphResetCmd
    stm32f10x_usart.o(i.USART_DeInit) refers to stm32f10x_rcc.o(i.RCC_APB1PeriphResetCmd) for RCC_APB1PeriphResetCmd
    stm32f10x_usart.o(i.USART_Init) refers to stm32f10x_rcc.o(i.RCC_GetClocksFreq) for RCC_GetClocksFreq
    context_rvds.o(.text) refers to cpuport.o(i.rt_hw_hard_fault_exception) for rt_hw_hard_fault_exception
    context_rvds.o(.text) refers to cpuport.o(.data) for rt_thread_switch_interrupt_flag
    cpuport.o(i.rt_hw_cpu_shutdown) refers to kservice.o(i.rt_kprintf) for rt_kprintf
    cpuport.o(i.rt_hw_exception_install) refers to cpuport.o(.data) for rt_exception_hook
    cpuport.o(i.rt_hw_hard_fault_exception) refers to kservice.o(i.rt_kprintf) for rt_kprintf
    cpuport.o(i.rt_hw_hard_fault_exception) refers to thread.o(i.rt_thread_self) for rt_thread_self
[...]
    scheduler.o(i.rt_schedule) refers to kservice.o(i.__rt_ffs) for __rt_ffs
    scheduler.o(i.rt_schedule) refers to scheduler.o(.data) for rt_scheduler_lock_nest
    scheduler.o(i.rt_schedule) refers to scheduler.o(.bss) for rt_thread_priority_table
    scheduler.o(i.rt_schedule) refers to irq.o(.data) for rt_interrupt_nest
    scheduler.o(i.rt_schedule_insert_thread) refers to context_rvds.o(.text) for rt_hw_interrupt_disable
    scheduler.o(i.rt_schedule_insert_thread) refers to scheduler.o(.bss) for rt_thread_priority_table
    scheduler.o(i.rt_schedule_insert_thread) refers to scheduler.o(.data) for rt_thread_ready_priority_group
    scheduler.o(i.rt_schedule_remove_thread) refers to context_rvds.o(.text) for rt_hw_interrupt_disable
    scheduler.o(i.rt_schedule_remove_thread) refers to scheduler.o(.bss) for rt_thread_priority_table
    scheduler.o(i.rt_schedule_remove_thread) refers to scheduler.o(.data) for rt_thread_ready_priority_group
    scheduler.o(i.rt_system_scheduler_init) refers to scheduler.o(i.rt_list_init) for rt_list_init
    scheduler.o(i.rt_system_scheduler_init) refers to scheduler.o(.data) for rt_scheduler_lock_nest
    scheduler.o(i.rt_system_scheduler_init) refers to scheduler.o(.bss) for rt_thread_priority_table
    scheduler.o(i.rt_system_scheduler_start) refers to kservice.o(i.__rt_ffs) for __rt_ffs
    scheduler.o(i.rt_system_scheduler_start) refers to context_rvds.o(.text) for rt_hw_context_switch_to
    scheduler.o(i.rt_system_scheduler_start) refers to scheduler.o(.data) for rt_thread_ready_priority_group
    scheduler.o(i.rt_system_scheduler_start) refers to scheduler.o(.bss) for rt_thread_priority_table
    thread.o(i._rt_thread_init) refers to kservice.o(i.rt_memset) for rt_memset
    thread.o(i._rt_thread_init) refers to cpuport.o(i.rt_hw_stack_init) for rt_hw_stack_init
    thread.o(i._rt_thread_init) refers to timer.o(i.rt_timer_init) for rt_timer_init
    thread.o(i._rt_thread_init) refers to thread.o(i.rt_thread_exit) for rt_thread_exit
    thread.o(i._rt_thread_init) refers to thread.o(i.rt_thread_timeout) for rt_thread_timeout
    thread.o(i._thread_cleanup_execute) refers to context_rvds.o(.text) for rt_hw_interrupt_disable
    thread.o(i.rt_thread_control) refers to context_rvds.o(.text) for rt_hw_interrupt_disable
    thread.o(i.rt_thread_control) refers to scheduler.o(i.rt_schedule_remove_thread) for rt_schedule_remove_thread
    thread.o(i.rt_thread_control) refers to scheduler.o(i.rt_schedule_insert_thread) for rt_schedule_insert_thread
    thread.o(i.rt_thread_control) refers to thread.o(i.rt_thread_startup) for rt_thread_startup
    thread.o(i.rt_thread_control) refers to object.o(i.rt_object_is_systemobject) for rt_object_is_systemobject
    thread.o(i.rt_thread_control) refers to thread.o(i.rt_thread_detach) for rt_thread_detach
    thread.o(i.rt_thread_control) refers to thread.o(i.rt_thread_delete) for rt_thread_delete
    thread.o(i.rt_thread_create) refers to object.o(i.rt_object_allocate) for rt_object_allocate
    thread.o(i.rt_thread_create) refers to mem.o(i.rt_malloc) for rt_malloc
    thread.o(i.rt_thread_create) refers to object.o(i.rt_object_delete) for rt_object_delete
    thread.o(i.rt_thread_create) refers to thread.o(i._rt_thread_init) for _rt_thread_init
    thread.o(i.rt_thread_delay) refers to thread.o(i.rt_thread_sleep) for rt_thread_sleep
    thread.o(i.rt_thread_delay_until) refers to thread.o(i.rt_thread_self) for rt_thread_self
    thread.o(i.rt_thread_delay_until) refers to context_rvds.o(.text) for rt_hw_interrupt_disable
    thread.o(i.rt_thread_delay_until) refers to clock.o(i.rt_tick_get) for rt_tick_get
    thread.o(i.rt_thread_delay_until) refers to thread.o(i.rt_thread_suspend) for rt_thread_suspend
    thread.o(i.rt_thread_delay_until) refers to timer.o(i.rt_timer_control) for rt_timer_control
    thread.o(i.rt_thread_delay_until) refers to timer.o(i.rt_timer_start) for rt_timer_start
    thread.o(i.rt_thread_delay_until) refers to scheduler.o(i.rt_schedule) for rt_schedule
    thread.o(i.rt_thread_delete) refers to scheduler.o(i.rt_schedule_remove_thread) for rt_schedule_remove_thread
    thread.o(i.rt_thread_delete) refers to thread.o(i._thread_cleanup_execute) for _thread_cleanup_execute
    thread.o(i.rt_thread_delete) refers to timer.o(i.rt_timer_detach) for rt_timer_detach
    thread.o(i.rt_thread_delete) refers to context_rvds.o(.text) for rt_hw_interrupt_disable
    thread.o(i.rt_thread_delete) refers to thread.o(i.rt_list_insert_after) for rt_list_insert_after
    thread.o(i.rt_thread_delete) refers to scheduler.o(.data) for rt_thread_defunct
    thread.o(i.rt_thread_detach) refers to scheduler.o(i.rt_schedule_remove_thread) for rt_schedule_remove_thread
    thread.o(i.rt_thread_detach) refers to thread.o(i._thread_cleanup_execute) for _thread_cleanup_execute
    thread.o(i.rt_thread_detach) refers to timer.o(i.rt_timer_detach) for rt_timer_detach
    thread.o(i.rt_thread_detach) refers to object.o(i.rt_object_is_systemobject) for rt_object_is_systemobject
    thread.o(i.rt_thread_detach) refers to object.o(i.rt_object_detach) for rt_object_detach
    thread.o(i.rt_thread_detach) refers to context_rvds.o(.text) for rt_hw_interrupt_disable
    thread.o(i.rt_thread_detach) refers to thread.o(i.rt_list_insert_after) for rt_list_insert_after
    thread.o(i.rt_thread_detach) refers to scheduler.o(.data) for rt_thread_defunct
    thread.o(i.rt_thread_exit) refers to context_rvds.o(.text) for rt_hw_interrupt_disable
    thread.o(i.rt_thread_exit) refers to thread.o(i._thread_cleanup_execute) for _thread_cleanup_execute
    thread.o(i.rt_thread_exit) refers to scheduler.o(i.rt_schedule_remove_thread) for rt_schedule_remove_thread
    thread.o(i.rt_thread_exit) refers to timer.o(i.rt_timer_detach) for rt_timer_detach
    thread.o(i.rt_thread_exit) refers to object.o(i.rt_object_is_systemobject) for rt_object_is_systemobject
    thread.o(i.rt_thread_exit) refers to object.o(i.rt_object_detach) for rt_object_detach
    thread.o(i.rt_thread_exit) refers to thread.o(i.rt_list_insert_after) for rt_list_insert_after
    thread.o(i.rt_thread_exit) refers to scheduler.o(i.rt_schedule) for rt_schedule
    thread.o(i.rt_thread_exit) refers to scheduler.o(.data) for rt_current_thread
    thread.o(i.rt_thread_find) refers to object.o(i.rt_object_find) for rt_object_find
    thread.o(i.rt_thread_init) refers to object.o(i.rt_object_init) for rt_object_init
    thread.o(i.rt_thread_init) refers to thread.o(i._rt_thread_init) for _rt_thread_init
    thread.o(i.rt_thread_mdelay) refers to clock.o(i.rt_tick_from_millisecond) for rt_tick_from_millisecond
    thread.o(i.rt_thread_mdelay) refers to thread.o(i.rt_thread_sleep) for rt_thread_sleep
    thread.o(i.rt_thread_resume) refers to context_rvds.o(.text) for rt_hw_interrupt_disable
    thread.o(i.rt_thread_resume) refers to thread.o(i.rt_list_remove) for rt_list_remove
    thread.o(i.rt_thread_resume) refers to timer.o(i.rt_timer_stop) for rt_timer_stop
    thread.o(i.rt_thread_resume) refers to scheduler.o(i.rt_schedule_insert_thread) for rt_schedule_insert_thread
    thread.o(i.rt_thread_self) refers to scheduler.o(.data) for rt_current_thread
    thread.o(i.rt_thread_sleep) refers to context_rvds.o(.text) for rt_hw_interrupt_disable
    thread.o(i.rt_thread_sleep) refers to thread.o(i.rt_thread_suspend) for rt_thread_suspend
    thread.o(i.rt_thread_sleep) refers to timer.o(i.rt_timer_control) for rt_timer_control
    thread.o(i.rt_thread_sleep) refers to timer.o(i.rt_timer_start) for rt_timer_start
    thread.o(i.rt_thread_sleep) refers to scheduler.o(i.rt_schedule) for rt_schedule
    thread.o(i.rt_thread_sleep) refers to scheduler.o(.data) for rt_current_thread
    thread.o(i.rt_thread_startup) refers to thread.o(i.rt_thread_resume) for rt_thread_resume
    thread.o(i.rt_thread_startup) refers to thread.o(i.rt_thread_self) for rt_thread_self
    thread.o(i.rt_thread_startup) refers to scheduler.o(i.rt_schedule) for rt_schedule
    thread.o(i.rt_thread_suspend) refers to context_rvds.o(.text) for rt_hw_interrupt_disable
    thread.o(i.rt_thread_suspend) refers to scheduler.o(i.rt_schedule_remove_thread) for rt_schedule_remove_thread
    thread.o(i.rt_thread_suspend) refers to timer.o(i.rt_timer_stop) for rt_timer_stop
    thread.o(i.rt_thread_timeout) refers to thread.o(i.rt_list_remove) for rt_list_remove
    thread.o(i.rt_thread_timeout) refers to scheduler.o(i.rt_schedule_insert_thread) for rt_schedule_insert_thread
    thread.o(i.rt_thread_timeout) refers to scheduler.o(i.rt_schedule) for rt_schedule
    thread.o(i.rt_thread_yield) refers to context_rvds.o(.text) for rt_hw_interrupt_disable
    thread.o(i.rt_thread_yield) refers to thread.o(i.rt_list_remove) for rt_list_remove
    thread.o(i.rt_thread_yield) refers to scheduler.o(i.rt_schedule) for rt_schedule
    thread.o(i.rt_thread_yield) refers to scheduler.o(.data) for rt_current_thread
    thread.o(i.rt_thread_yield) refers to scheduler.o(.bss) for rt_thread_priority_table
    timer.o(i._rt_timer_init) refers to timer.o(i.rt_list_init) for rt_list_init
    timer.o(i._rt_timer_remove) refers to timer.o(i.rt_list_remove) for rt_list_remove
    timer.o(i.rt_system_timer_init) refers to timer.o(i.rt_list_init) for rt_list_init
    timer.o(i.rt_system_timer_init) refers to timer.o(.data) for rt_timer_list
    timer.o(i.rt_timer_check) refers to timer.o(i.rt_list_init) for rt_list_init
    timer.o(i.rt_timer_check) refers to clock.o(i.rt_tick_get) for rt_tick_get
    timer.o(i.rt_timer_check) refers to context_rvds.o(.text) for rt_hw_interrupt_disable
    timer.o(i.rt_timer_check) refers to timer.o(i._rt_timer_remove) for _rt_timer_remove
    timer.o(i.rt_timer_check) refers to timer.o(i.rt_list_insert_after) for rt_list_insert_after
    timer.o(i.rt_timer_check) refers to timer.o(i.rt_list_isempty) for rt_list_isempty
    timer.o(i.rt_timer_check) refers to timer.o(i.rt_list_remove) for rt_list_remove
    timer.o(i.rt_timer_check) refers to timer.o(i.rt_timer_start) for rt_timer_start
    timer.o(i.rt_timer_check) refers to timer.o(.data) for rt_timer_list
    timer.o(i.rt_timer_control) refers to context_rvds.o(.text) for rt_hw_interrupt_disable
    timer.o(i.rt_timer_create) refers to object.o(i.rt_object_allocate) for rt_object_allocate
    timer.o(i.rt_timer_create) refers to timer.o(i._rt_timer_init) for _rt_timer_init
    timer.o(i.rt_timer_delete) refers to context_rvds.o(.text) for rt_hw_interrupt_disable
    timer.o(i.rt_timer_delete) refers to timer.o(i._rt_timer_remove) for _rt_timer_remove
    timer.o(i.rt_timer_delete) refers to object.o(i.rt_object_delete) for rt_object_delete
    timer.o(i.rt_timer_detach) refers to context_rvds.o(.text) for rt_hw_interrupt_disable
    timer.o(i.rt_timer_detach) refers to timer.o(i._rt_timer_remove) for _rt_timer_remove
    timer.o(i.rt_timer_detach) refers to object.o(i.rt_object_detach) for rt_object_detach
    timer.o(i.rt_timer_init) refers to object.o(i.rt_object_init) for rt_object_init
    timer.o(i.rt_timer_init) refers to timer.o(i._rt_timer_init) for _rt_timer_init
    timer.o(i.rt_timer_list_next_timeout) refers to context_rvds.o(.text) for rt_hw_interrupt_disable
    timer.o(i.rt_timer_list_next_timeout) refers to timer.o(i.rt_list_isempty) for rt_list_isempty
    timer.o(i.rt_timer_next_timeout_tick) refers to timer.o(i.rt_timer_list_next_timeout) for rt_timer_list_next_timeout
    timer.o(i.rt_timer_next_timeout_tick) refers to timer.o(.data) for rt_timer_list
    timer.o(i.rt_timer_start) refers to context_rvds.o(.text) for rt_hw_interrupt_disable
    timer.o(i.rt_timer_start) refers to timer.o(i._rt_timer_remove) for _rt_timer_remove
    timer.o(i.rt_timer_start) refers to clock.o(i.rt_tick_get) for rt_tick_get
    timer.o(i.rt_timer_start) refers to timer.o(i.rt_list_insert_after) for rt_list_insert_after
    timer.o(i.rt_timer_start) refers to timer.o(.data) for rt_timer_list
    timer.o(i.rt_timer_stop) refers to context_rvds.o(.text) for rt_hw_interrupt_disable
    timer.o(i.rt_timer_stop) refers to timer.o(i._rt_timer_remove) for _rt_timer_remove
    board.o(i.rt_heap_begin_get) refers to board.o(.bss) for rt_heap
    board.o(i.rt_heap_end_get) refers to board.o(.bss) for rt_heap
    board.o(i.rt_hw_board_init) refers to system_stm32f10x.o(i.SystemInit) for SystemInit
    board.o(i.rt_hw_board_init) refers to system_stm32f10x.o(i.SystemCoreClockUpdate) for SystemCoreClockUpdate
    board.o(i.rt_hw_board_init) refers to sys.o(i.Systick_Init) for Systick_Init
    board.o(i.rt_hw_board_init) refers to components.o(i.rt_components_board_init) for rt_components_board_init
    board.o(i.rt_hw_board_init) refers to board.o(i.rt_heap_end_get) for rt_heap_end_get
    board.o(i.rt_hw_board_init) refers to board.o(i.rt_heap_begin_get) for rt_heap_begin_get
    board.o(i.rt_hw_board_init) refers to mem.o(i.rt_system_heap_init) for rt_system_heap_init
    board.o(i.rt_hw_console_output) refers to kservice.o(i.rt_strlen) for rt_strlen
    board.o(i.rt_hw_console_output) refers to usart.o(i.Uart1_SendByte) for Uart1_SendByte
    board.o(i.rt_os_tick_callback) refers to irq.o(i.rt_interrupt_enter) for rt_interrupt_enter
    board.o(i.rt_os_tick_callback) refers to clock.o(i.rt_tick_increase) for rt_tick_increase
    board.o(i.rt_os_tick_callback) refers to irq.o(i.rt_interrupt_leave) for rt_interrupt_leave
    board.o(i.uart_init) refers to usart.o(i.Uart_Init) for Uart_Init
    board.o(.rti_fn.1) refers to board.o(i.uart_init) for uart_init
    entry.o(.ARM.Collect$$$$00000000) refers (Special) to entry10a.o(.ARM.Collect$$$$0000000D) for __rt_final_cpp
    entry.o(.ARM.Collect$$$$00000000) refers (Special) to entry11a.o(.ARM.Collect$$$$0000000F) for __rt_final_exit
    entry.o(.ARM.Collect$$$$00000000) refers (Special) to entry7b.o(.ARM.Collect$$$$00000008) for _main_clock
    entry.o(.ARM.Collect$$$$00000000) refers (Special) to entry8b.o(.ARM.Collect$$$$0000000A) for _main_cpp_init
    entry.o(.ARM.Collect$$$$00000000) refers (Special) to entry9a.o(.ARM.Collect$$$$0000000B) for _main_init
    entry.o(.ARM.Collect$$$$00000000) refers (Special) to entry5.o(.ARM.Collect$$$$00000004) for _main_scatterload
    entry.o(.ARM.Collect$$$$00000000) refers (Special) to entry2.o(.ARM.Collect$$$$00000001) for _main_stk
    entry2.o(.ARM.Collect$$$$00000001) refers to entry2.o(.ARM.Collect$$$$00002712) for __lit__00000000
    entry2.o(.ARM.Collect$$$$00002712) refers to startup_stm32f10x_hd.o(STACK) for __initial_sp
    entry2.o(__vectab_stack_and_reset_area) refers to startup_stm32f10x_hd.o(STACK) for __initial_sp
    entry2.o(__vectab_stack_and_reset_area) refers to entry.o(.ARM.Collect$$$$00000000) for __main
    entry5.o(.ARM.Collect$$$$00000004) refers to init.o(.text) for __scatterload
    entry9a.o(.ARM.Collect$$$$0000000B) refers to components.o(i.$Sub$$main) for main
    entry9b.o(.ARM.Collect$$$$0000000C) refers to components.o(i.$Sub$$main) for main
    init.o(.text) refers to entry5.o(.ARM.Collect$$$$00000004) for __main_after_scatterload


==============================================================================

Removing Unused input sections from the image.

    Removing delay.o(i.delay_init), (68 bytes).
    Removing delay.o(i.delay_ms), (76 bytes).
    Removing delay.o(i.delay_us), (76 bytes).
    Removing delay.o(.data), (4 bytes).
    Removing sys.o(.emb_text), (6 bytes).
    Removing sys.o(i.INTX_DISABLE), (4 bytes).
    Removing sys.o(i.INTX_ENABLE), (4 bytes).
    Removing sys.o(i.WFI_SET), (4 bytes).
    Removing usart.o(i._sys_exit), (4 bytes).
    Removing usart.o(i.fputc), (28 bytes).
    Removing usart.o(.data), (4 bytes).
    Removing core_cm3.o(.emb_text), (32 bytes).
    Removing startup_stm32f10x_hd.o(HEAP), (512 bytes).
    Removing misc.o(i.NVIC_PriorityGroupConfig), (20 bytes).
    Removing misc.o(i.NVIC_SetVectorTable), (20 bytes).
    Removing misc.o(i.NVIC_SystemLPConfig), (32 bytes).
    Removing misc.o(i.SysTick_CLKSourceConfig), (40 bytes).
    Removing stm32f10x_gpio.o(i.GPIO_AFIODeInit), (20 bytes).
    Removing stm32f10x_gpio.o(i.GPIO_DeInit), (200 bytes).
    Removing stm32f10x_gpio.o(i.GPIO_ETH_MediaInterfaceConfig), (12 bytes).
    Removing stm32f10x_gpio.o(i.GPIO_EXTILineConfig), (64 bytes).
    Removing stm32f10x_gpio.o(i.GPIO_EventOutputCmd), (12 bytes).
    Removing stm32f10x_gpio.o(i.GPIO_EventOutputConfig), (32 bytes).
    Removing stm32f10x_gpio.o(i.GPIO_PinLockConfig), (18 bytes).
    Removing stm32f10x_gpio.o(i.GPIO_PinRemapConfig), (144 bytes).
    Removing stm32f10x_gpio.o(i.GPIO_ReadInputData), (8 bytes).
    Removing stm32f10x_gpio.o(i.GPIO_ReadInputDataBit), (18 bytes).
    Removing stm32f10x_gpio.o(i.GPIO_ReadOutputData), (8 bytes).
    Removing stm32f10x_gpio.o(i.GPIO_ReadOutputDataBit), (18 bytes).
    Removing stm32f10x_gpio.o(i.GPIO_StructInit), (16 bytes).
    Removing stm32f10x_gpio.o(i.GPIO_Write), (4 bytes).
    Removing stm32f10x_gpio.o(i.GPIO_WriteBit), (10 bytes).
    Removing stm32f10x_dbgmcu.o(i.DBGMCU_Config), (32 bytes).
    Removing stm32f10x_dbgmcu.o(i.DBGMCU_GetDEVID), (16 bytes).
    Removing stm32f10x_dbgmcu.o(i.DBGMCU_GetREVID), (12 bytes).
    Removing stm32f10x_rcc.o(i.RCC_ADCCLKConfig), (24 bytes).
    Removing stm32f10x_rcc.o(i.RCC_AHBPeriphClockCmd), (32 bytes).
    Removing stm32f10x_rcc.o(i.RCC_APB1PeriphClockCmd), (32 bytes).
    Removing stm32f10x_rcc.o(i.RCC_APB1PeriphResetCmd), (32 bytes).
    Removing stm32f10x_rcc.o(i.RCC_APB2PeriphResetCmd), (32 bytes).
    Removing stm32f10x_rcc.o(i.RCC_AdjustHSICalibrationValue), (24 bytes).
    Removing stm32f10x_rcc.o(i.RCC_BackupResetCmd), (12 bytes).
    Removing stm32f10x_rcc.o(i.RCC_ClearFlag), (20 bytes).
    Removing stm32f10x_rcc.o(i.RCC_ClearITPendingBit), (12 bytes).
    Removing stm32f10x_rcc.o(i.RCC_ClockSecuritySystemCmd), (12 bytes).
    Removing stm32f10x_rcc.o(i.RCC_DeInit), (76 bytes).
    Removing stm32f10x_rcc.o(i.RCC_GetFlagStatus), (60 bytes).
    Removing stm32f10x_rcc.o(i.RCC_GetITStatus), (24 bytes).
    Removing stm32f10x_rcc.o(i.RCC_GetSYSCLKSource), (16 bytes).
    Removing stm32f10x_rcc.o(i.RCC_HCLKConfig), (24 bytes).
    Removing stm32f10x_rcc.o(i.RCC_HSEConfig), (76 bytes).
    Removing stm32f10x_rcc.o(i.RCC_HSICmd), (12 bytes).
    Removing stm32f10x_rcc.o(i.RCC_ITConfig), (32 bytes).
    Removing stm32f10x_rcc.o(i.RCC_LSEConfig), (52 bytes).
    Removing stm32f10x_rcc.o(i.RCC_LSICmd), (12 bytes).
    Removing stm32f10x_rcc.o(i.RCC_MCOConfig), (12 bytes).
    Removing stm32f10x_rcc.o(i.RCC_PCLK1Config), (24 bytes).
    Removing stm32f10x_rcc.o(i.RCC_PCLK2Config), (24 bytes).
    Removing stm32f10x_rcc.o(i.RCC_PLLCmd), (12 bytes).
    Removing stm32f10x_rcc.o(i.RCC_PLLConfig), (28 bytes).
    Removing stm32f10x_rcc.o(i.RCC_RTCCLKCmd), (12 bytes).
    Removing stm32f10x_rcc.o(i.RCC_RTCCLKConfig), (16 bytes).
    Removing stm32f10x_rcc.o(i.RCC_SYSCLKConfig), (24 bytes).
    Removing stm32f10x_rcc.o(i.RCC_USBCLKConfig), (12 bytes).
    Removing stm32f10x_rcc.o(i.RCC_WaitForHSEStartUp), (56 bytes).
    Removing stm32f10x_usart.o(i.USART_ClearFlag), (18 bytes).
    Removing stm32f10x_usart.o(i.USART_ClearITPendingBit), (30 bytes).
    Removing stm32f10x_usart.o(i.USART_ClockInit), (34 bytes).
    Removing stm32f10x_usart.o(i.USART_ClockStructInit), (12 bytes).
    Removing stm32f10x_usart.o(i.USART_DMACmd), (18 bytes).
    Removing stm32f10x_usart.o(i.USART_DeInit), (156 bytes).
    Removing stm32f10x_usart.o(i.USART_GetFlagStatus), (26 bytes).
    Removing stm32f10x_usart.o(i.USART_GetITStatus), (84 bytes).
    Removing stm32f10x_usart.o(i.USART_HalfDuplexCmd), (24 bytes).
    Removing stm32f10x_usart.o(i.USART_IrDACmd), (24 bytes).
    Removing stm32f10x_usart.o(i.USART_IrDAConfig), (18 bytes).
    Removing stm32f10x_usart.o(i.USART_LINBreakDetectLengthConfig), (18 bytes).
    Removing stm32f10x_usart.o(i.USART_LINCmd), (24 bytes).
    Removing stm32f10x_usart.o(i.USART_OneBitMethodCmd), (24 bytes).
    Removing stm32f10x_usart.o(i.USART_OverSampling8Cmd), (22 bytes).
    Removing stm32f10x_usart.o(i.USART_ReceiveData), (10 bytes).
    Removing stm32f10x_usart.o(i.USART_ReceiverWakeUpCmd), (24 bytes).
    Removing stm32f10x_usart.o(i.USART_SendBreak), (10 bytes).
    Removing stm32f10x_usart.o(i.USART_SendData), (8 bytes).
    Removing stm32f10x_usart.o(i.USART_SetAddress), (18 bytes).
    Removing stm32f10x_usart.o(i.USART_SetGuardTime), (16 bytes).
    Removing stm32f10x_usart.o(i.USART_SetPrescaler), (16 bytes).
    Removing stm32f10x_usart.o(i.USART_SmartCardCmd), (24 bytes).
    Removing stm32f10x_usart.o(i.USART_SmartCardNACKCmd), (24 bytes).
    Removing stm32f10x_usart.o(i.USART_StructInit), (24 bytes).
    Removing stm32f10x_usart.o(i.USART_WakeUpConfig), (18 bytes).
    Removing cpuport.o(i.rt_hw_cpu_reset), (16 bytes).
    Removing cpuport.o(i.rt_hw_cpu_shutdown), (28 bytes).
    Removing cpuport.o(i.rt_hw_exception_install), (12 bytes).
    Removing clock.o(i.rt_system_tick_init), (2 bytes).
    Removing clock.o(i.rt_tick_set), (28 bytes).
    Removing idle.o(i.rt_thread_idle_gethandler), (8 bytes).
    Removing ipc.o(i.rt_ipc_list_resume_all), (50 bytes).
    Removing ipc.o(i.rt_mb_control), (66 bytes).
    Removing ipc.o(i.rt_mb_create), (82 bytes).
    Removing ipc.o(i.rt_mb_delete), (36 bytes).
    Removing ipc.o(i.rt_mb_detach), (30 bytes).
    Removing ipc.o(i.rt_mb_init), (62 bytes).
    Removing ipc.o(i.rt_mb_recv), (250 bytes).
    Removing ipc.o(i.rt_mb_send), (18 bytes).
    Removing ipc.o(i.rt_mb_send_wait), (270 bytes).
    Removing ipc.o(i.rt_sem_control), (54 bytes).
    Removing ipc.o(i.rt_sem_create), (42 bytes).
    Removing ipc.o(i.rt_sem_delete), (22 bytes).
    Removing ipc.o(i.rt_sem_detach), (22 bytes).
    Removing ipc.o(i.rt_sem_trytake), (14 bytes).
    Removing irq.o(i.rt_interrupt_get_nest), (28 bytes).
    Removing kservice.o(i._rt_errno), (36 bytes).
    Removing kservice.o(i.rt_free_align), (16 bytes).
    Removing kservice.o(i.rt_get_errno), (36 bytes).
    Removing kservice.o(i.rt_hw_console_output), (2 bytes).
    Removing kservice.o(i.rt_kputs), (18 bytes).
    Removing kservice.o(i.rt_malloc_align), (70 bytes).
    Removing kservice.o(i.rt_memcmp), (38 bytes).
    Removing kservice.o(i.rt_memcpy), (124 bytes).
    Removing kservice.o(i.rt_memmove), (66 bytes).
    Removing kservice.o(i.rt_set_errno), (40 bytes).
    Removing kservice.o(i.rt_snprintf), (38 bytes).
    Removing kservice.o(i.rt_sprintf), (34 bytes).
    Removing kservice.o(i.rt_strcasecmp), (48 bytes).
    Removing kservice.o(i.rt_strcmp), (28 bytes).
    Removing kservice.o(i.rt_strdup), (40 bytes).
    Removing kservice.o(i.rt_strncmp), (40 bytes).
    Removing kservice.o(i.rt_strnlen), (24 bytes).
    Removing kservice.o(i.rt_strstr), (58 bytes).
    Removing kservice.o(i.rt_vsprintf), (22 bytes).
    Removing kservice.o(.data), (4 bytes).
    Removing mem.o(i.rt_calloc), (34 bytes).
    Removing mem.o(i.rt_memory_info), (40 bytes).
    Removing mem.o(i.rt_realloc), (312 bytes).
    Removing object.o(i.rt_object_find), (82 bytes).
    Removing object.o(i.rt_object_get_length), (58 bytes).
    Removing object.o(i.rt_object_get_pointers), (86 bytes).
    Removing object.o(i.rt_object_get_type), (10 bytes).
    Removing object.o(i.rt_system_object_init), (2 bytes).
    Removing scheduler.o(i.rt_critical_level), (12 bytes).
    Removing thread.o(i.rt_thread_control), (136 bytes).
    Removing thread.o(i.rt_thread_delay), (12 bytes).
    Removing thread.o(i.rt_thread_delay_until), (110 bytes).
    Removing thread.o(i.rt_thread_delete), (88 bytes).
    Removing thread.o(i.rt_thread_detach), (104 bytes).
    Removing thread.o(i.rt_thread_find), (14 bytes).
    Removing timer.o(i.rt_timer_create), (54 bytes).
    Removing timer.o(i.rt_timer_delete), (40 bytes).
    Removing timer.o(i.rt_timer_list_next_timeout), (44 bytes).
    Removing timer.o(i.rt_timer_next_timeout_tick), (16 bytes).
    Removing board.o(i.rt_os_tick_callback), (16 bytes).

152 unused section(s) (total 6330 bytes) removed from the image.

==============================================================================

Image Symbol Table

    Local Symbols

    Symbol Name                              Value     Ov Type        Size  Object(Section)

    ../clib/microlib/init/entry.s            0x00000000   Number         0  entry5.o ABSOLUTE
    ../clib/microlib/init/entry.s            0x00000000   Number         0  entry11b.o ABSOLUTE
    ../clib/microlib/init/entry.s            0x00000000   Number         0  entry7a.o ABSOLUTE
    ../clib/microlib/init/entry.s            0x00000000   Number         0  entry10a.o ABSOLUTE
    ../clib/microlib/init/entry.s            0x00000000   Number         0  entry7b.o ABSOLUTE
    ../clib/microlib/init/entry.s            0x00000000   Number         0  entry2.o ABSOLUTE
    ../clib/microlib/init/entry.s            0x00000000   Number         0  entry9b.o ABSOLUTE
    ../clib/microlib/init/entry.s            0x00000000   Number         0  entry8a.o ABSOLUTE
    ../clib/microlib/init/entry.s            0x00000000   Number         0  entry8b.o ABSOLUTE
    ../clib/microlib/init/entry.s            0x00000000   Number         0  entry9a.o ABSOLUTE
    ../clib/microlib/init/entry.s            0x00000000   Number         0  entry.o ABSOLUTE
    ../clib/microlib/init/entry.s            0x00000000   Number         0  entry10b.o ABSOLUTE
    ../clib/microlib/init/entry.s            0x00000000   Number         0  entry11a.o ABSOLUTE
    ../clib/microlib/stubs.s                 0x00000000   Number         0  useno.o ABSOLUTE
    ..\CORE\core_cm3.c                       0x00000000   Number         0  core_cm3.o ABSOLUTE
    ..\CORE\startup_stm32f10x_hd.s           0x00000000   Number         0  startup_stm32f10x_hd.o ABSOLUTE
    ..\HARDWARE\LED\led.c                    0x00000000   Number         0  led.o ABSOLUTE
    ..\STM32F10x_FWLib\src\misc.c            0x00000000   Number         0  misc.o ABSOLUTE
    ..\STM32F10x_FWLib\src\stm32f10x_dbgmcu.c 0x00000000   Number         0  stm32f10x_dbgmcu.o ABSOLUTE
    ..\STM32F10x_FWLib\src\stm32f10x_gpio.c  0x00000000   Number         0  stm32f10x_gpio.o ABSOLUTE
    ..\STM32F10x_FWLib\src\stm32f10x_rcc.c   0x00000000   Number         0  stm32f10x_rcc.o ABSOLUTE
    ..\STM32F10x_FWLib\src\stm32f10x_usart.c 0x00000000   Number         0  stm32f10x_usart.o ABSOLUTE
    ..\SYSTEM\delay\delay.c                  0x00000000   Number         0  delay.o ABSOLUTE
    ..\SYSTEM\sys\sys.c                      0x00000000   Number         0  sys.o ABSOLUTE
    ..\SYSTEM\usart\usart.c                  0x00000000   Number         0  usart.o ABSOLUTE
    ..\\CORE\\core_cm3.c                     0x00000000   Number         0  core_cm3.o ABSOLUTE
    ..\\SYSTEM\\sys\\sys.c                   0x00000000   Number         0  sys.o ABSOLUTE
    D:\KEIL5\PACK\RealThread\RT-Thread\3.1.5\libcpu\arm\cortex-m3\context_rvds.S 0x00000000   Number         0  context_rvds.o ABSOLUTE
    D:\KEIL5\PACK\RealThread\RT-Thread\3.1.5\libcpu\arm\cortex-m3\cpuport.c 0x00000000   Number         0  cpuport.o ABSOLUTE
    D:\KEIL5\PACK\RealThread\RT-Thread\3.1.5\src\clock.c 0x00000000   Number         0  clock.o ABSOLUTE
    D:\KEIL5\PACK\RealThread\RT-Thread\3.1.5\src\components.c 0x00000000   Number         0  components.o ABSOLUTE
    D:\KEIL5\PACK\RealThread\RT-Thread\3.1.5\src\idle.c 0x00000000   Number         0  idle.o ABSOLUTE
    D:\KEIL5\PACK\RealThread\RT-Thread\3.1.5\src\ipc.c 0x00000000   Number         0  ipc.o ABSOLUTE
    D:\KEIL5\PACK\RealThread\RT-Thread\3.1.5\src\irq.c 0x00000000   Number         0  irq.o ABSOLUTE
    D:\KEIL5\PACK\RealThread\RT-Thread\3.1.5\src\kservice.c 0x00000000   Number         0  kservice.o ABSOLUTE
    D:\KEIL5\PACK\RealThread\RT-Thread\3.1.5\src\mem.c 0x00000000   Number         0  mem.o ABSOLUTE
    D:\KEIL5\PACK\RealThread\RT-Thread\3.1.5\src\mempool.c 0x00000000   Number         0  mempool.o ABSOLUTE
    D:\KEIL5\PACK\RealThread\RT-Thread\3.1.5\src\object.c 0x00000000   Number         0  object.o ABSOLUTE
    D:\KEIL5\PACK\RealThread\RT-Thread\3.1.5\src\scheduler.c 0x00000000   Number         0  scheduler.o ABSOLUTE
    D:\KEIL5\PACK\RealThread\RT-Thread\3.1.5\src\thread.c 0x00000000   Number         0  thread.o ABSOLUTE
    D:\KEIL5\PACK\RealThread\RT-Thread\3.1.5\src\timer.c 0x00000000   Number         0  timer.o ABSOLUTE
    RTE\RTOS\board.c                         0x00000000   Number         0  board.o ABSOLUTE
    dc.s                                     0x00000000   Number         0  dc.o ABSOLUTE
    handlers.s                               0x00000000   Number         0  handlers.o ABSOLUTE
    init.s                                   0x00000000   Number         0  init.o ABSOLUTE
    main.c                                   0x00000000   Number         0  main.o ABSOLUTE
    stm32f10x_it.c                           0x00000000   Number         0  stm32f10x_it.o ABSOLUTE
    system_stm32f10x.c                       0x00000000   Number         0  system_stm32f10x.o ABSOLUTE
    RESET                                    0x08000000   Section      304  startup_stm32f10x_hd.o(RESET)
    .ARM.Collect$$$$00000000                 0x08000130   Section        0  entry.o(.ARM.Collect$$$$00000000)
    .ARM.Collect$$$$00000001                 0x08000130   Section        4  entry2.o(.ARM.Collect$$$$00000001)
    .ARM.Collect$$$$00000004                 0x08000134   Section        4  entry5.o(.ARM.Collect$$$$00000004)
    .ARM.Collect$$$$00000008                 0x08000138   Section        0  entry7b.o(.ARM.Collect$$$$00000008)
    .ARM.Collect$$$$0000000A                 0x08000138   Section        0  entry8b.o(.ARM.Collect$$$$0000000A)
    .ARM.Collect$$$$0000000B                 0x08000138   Section        8  entry9a.o(.ARM.Collect$$$$0000000B)
    .ARM.Collect$$$$0000000D                 0x08000140   Section        0  entry10a.o(.ARM.Collect$$$$0000000D)
    .ARM.Collect$$$$0000000F                 0x08000140   Section        0  entry11a.o(.ARM.Collect$$$$0000000F)
    .ARM.Collect$$$$00002712                 0x08000140   Section        4  entry2.o(.ARM.Collect$$$$00002712)
    __lit__00000000                          0x08000140   Data           4  entry2.o(.ARM.Collect$$$$00002712)
    .text                                    0x08000144   Section       36  startup_stm32f10x_hd.o(.text)
    .text                                    0x08000168   Section      244  context_rvds.o(.text)
    .text                                    0x0800025c   Section       36  init.o(.text)
    i.$Sub$$main                             0x08000280   Section        0  components.o(i.$Sub$$main)
    i.BusFault_Handler                       0x0800028a   Section        0  stm32f10x_it.o(i.BusFault_Handler)
    i.DebugMon_Handler                       0x0800028e   Section        0  stm32f10x_it.o(i.DebugMon_Handler)
    i.GPIO_Init                              0x08000290   Section        0  stm32f10x_gpio.o(i.GPIO_Init)
    i.GPIO_ResetBits                         0x080003a6   Section        0  stm32f10x_gpio.o(i.GPIO_ResetBits)
    i.GPIO_SetBits                           0x080003aa   Section        0  stm32f10x_gpio.o(i.GPIO_SetBits)
    i.LED_Init                               0x080003b0   Section        0  led.o(i.LED_Init)
    i.MemManage_Handler                      0x08000400   Section        0  stm32f10x_it.o(i.MemManage_Handler)
    i.NMI_Handler                            0x08000404   Section        0  stm32f10x_it.o(i.NMI_Handler)
    i.NVIC_Init                              0x08000408   Section        0  misc.o(i.NVIC_Init)
    i.RCC_APB2PeriphClockCmd                 0x08000478   Section        0  stm32f10x_rcc.o(i.RCC_APB2PeriphClockCmd)
    i.RCC_GetClocksFreq                      0x08000498   Section        0  stm32f10x_rcc.o(i.RCC_GetClocksFreq)
    i.SVC_Handler                            0x0800056c   Section        0  stm32f10x_it.o(i.SVC_Handler)
    i.SetSysClock                            0x0800056e   Section        0  system_stm32f10x.o(i.SetSysClock)
    SetSysClock                              0x0800056f   Thumb Code     8  system_stm32f10x.o(i.SetSysClock)
    i.SetSysClockTo72                        0x08000578   Section        0  system_stm32f10x.o(i.SetSysClockTo72)
    SetSysClockTo72                          0x08000579   Thumb Code   214  system_stm32f10x.o(i.SetSysClockTo72)
    i.SysTick_Handler                        0x08000658   Section        0  stm32f10x_it.o(i.SysTick_Handler)
    i.SystemCoreClockUpdate                  0x08000668   Section        0  system_stm32f10x.o(i.SystemCoreClockUpdate)
    i.SystemInit                             0x0800070c   Section        0  system_stm32f10x.o(i.SystemInit)
    i.Systick_Init                           0x0800076c   Section        0  sys.o(i.Systick_Init)
    i.USART1_IRQHandler                      0x080007cc   Section        0  usart.o(i.USART1_IRQHandler)
    i.USART_Cmd                              0x080007ce   Section        0  stm32f10x_usart.o(i.USART_Cmd)
    i.USART_ITConfig                         0x080007e6   Section        0  stm32f10x_usart.o(i.USART_ITConfig)
    i.USART_Init                             0x08000830   Section        0  stm32f10x_usart.o(i.USART_Init)
    i.Uart1_SendByte                         0x08000908   Section        0  usart.o(i.Uart1_SendByte)
    i.Uart_Init                              0x08000924   Section        0  usart.o(i.Uart_Init)
    i.UsageFault_Handler                     0x080009c4   Section        0  stm32f10x_it.o(i.UsageFault_Handler)
    i.__rt_ffs                               0x080009c8   Section        0  kservice.o(i.__rt_ffs)
    i.__scatterload_copy                     0x08000a14   Section       14  handlers.o(i.__scatterload_copy)
    i.__scatterload_null                     0x08000a22   Section        2  handlers.o(i.__scatterload_null)
    i.__scatterload_zeroinit                 0x08000a24   Section       14  handlers.o(i.__scatterload_zeroinit)
    i._rt_thread_init                        0x08000a34   Section        0  thread.o(i._rt_thread_init)
    _rt_thread_init                          0x08000a35   Thumb Code   124  thread.o(i._rt_thread_init)
    i._rt_timer_init                         0x08000ab8   Section        0  timer.o(i._rt_timer_init)
    _rt_timer_init                           0x08000ab9   Thumb Code    66  timer.o(i._rt_timer_init)
    i._rt_timer_remove                       0x08000afa   Section        0  timer.o(i._rt_timer_remove)
    _rt_timer_remove                         0x08000afb   Thumb Code    28  timer.o(i._rt_timer_remove)
    i._thread_cleanup_execute                0x08000b16   Section        0  thread.o(i._thread_cleanup_execute)
    _thread_cleanup_execute                  0x08000b17   Thumb Code    28  thread.o(i._thread_cleanup_execute)
    i.main                                   0x08000b34   Section        0  main.o(i.main)
    i.main_thread_entry                      0x08000b90   Section        0  components.o(i.main_thread_entry)
    i.plug_holes                             0x08000ba0   Section        0  mem.o(i.plug_holes)
    plug_holes                               0x08000ba1   Thumb Code   108  mem.o(i.plug_holes)
    i.print_number                           0x08000c18   Section        0  kservice.o(i.print_number)
    print_number                             0x08000c19   Thumb Code   400  kservice.o(i.print_number)
    i.rt_application_init                    0x08000db0   Section        0  components.o(i.rt_application_init)
    i.rt_components_board_init               0x08000de0   Section        0  components.o(i.rt_components_board_init)
    i.rt_components_init                     0x08000dfc   Section        0  components.o(i.rt_components_init)
    i.rt_enter_critical                      0x08000e18   Section        0  scheduler.o(i.rt_enter_critical)
    i.rt_exit_critical                       0x08000e38   Section        0  scheduler.o(i.rt_exit_critical)
    i.rt_free                                0x08000e7c   Section        0  mem.o(i.rt_free)
    i.rt_heap_begin_get                      0x08000f5c   Section        0  board.o(i.rt_heap_begin_get)
    i.rt_heap_end_get                        0x08000f64   Section        0  board.o(i.rt_heap_end_get)
    i.rt_hw_board_init                       0x08000f6c   Section        0  board.o(i.rt_hw_board_init)
    i.rt_hw_console_output                   0x08000f92   Section        0  board.o(i.rt_hw_console_output)
    i.rt_hw_hard_fault_exception             0x08000fc8   Section        0  cpuport.o(i.rt_hw_hard_fault_exception)
    i.rt_hw_stack_init                       0x080011c8   Section        0  cpuport.o(i.rt_hw_stack_init)
    i.rt_interrupt_enter                     0x08001214   Section        0  irq.o(i.rt_interrupt_enter)
    i.rt_interrupt_leave                     0x08001234   Section        0  irq.o(i.rt_interrupt_leave)
    i.rt_ipc_list_resume                     0x08001254   Section        0  ipc.o(i.rt_ipc_list_resume)
    rt_ipc_list_resume                       0x08001255   Thumb Code    20  ipc.o(i.rt_ipc_list_resume)
    i.rt_ipc_list_suspend                    0x08001268   Section        0  ipc.o(i.rt_ipc_list_suspend)
    rt_ipc_list_suspend                      0x08001269   Thumb Code   110  ipc.o(i.rt_ipc_list_suspend)
    i.rt_ipc_object_init                     0x080012d6   Section        0  ipc.o(i.rt_ipc_object_init)
    rt_ipc_object_init                       0x080012d7   Thumb Code    16  ipc.o(i.rt_ipc_object_init)
    i.rt_kprintf                             0x080012e8   Section        0  kservice.o(i.rt_kprintf)
    i.rt_list_init                           0x08001318   Section        0  ipc.o(i.rt_list_init)
    rt_list_init                             0x08001319   Thumb Code     6  ipc.o(i.rt_list_init)
    i.rt_list_init                           0x0800131e   Section        0  scheduler.o(i.rt_list_init)
    rt_list_init                             0x0800131f   Thumb Code     6  scheduler.o(i.rt_list_init)
    i.rt_list_init                           0x08001324   Section        0  timer.o(i.rt_list_init)
    rt_list_init                             0x08001325   Thumb Code     6  timer.o(i.rt_list_init)
    i.rt_list_insert_after                   0x0800132a   Section        0  object.o(i.rt_list_insert_after)
    rt_list_insert_after                     0x0800132b   Thumb Code    14  object.o(i.rt_list_insert_after)
    i.rt_list_insert_after                   0x08001338   Section        0  thread.o(i.rt_list_insert_after)
    rt_list_insert_after                     0x08001339   Thumb Code    14  thread.o(i.rt_list_insert_after)
    i.rt_list_insert_after                   0x08001346   Section        0  timer.o(i.rt_list_insert_after)
    rt_list_insert_after                     0x08001347   Thumb Code    14  timer.o(i.rt_list_insert_after)
    i.rt_list_insert_before                  0x08001354   Section        0  ipc.o(i.rt_list_insert_before)
    rt_list_insert_before                    0x08001355   Thumb Code    14  ipc.o(i.rt_list_insert_before)
    i.rt_list_isempty                        0x08001362   Section        0  ipc.o(i.rt_list_isempty)
    rt_list_isempty                          0x08001363   Thumb Code    16  ipc.o(i.rt_list_isempty)
    i.rt_list_isempty                        0x08001372   Section        0  timer.o(i.rt_list_isempty)
    rt_list_isempty                          0x08001373   Thumb Code    16  timer.o(i.rt_list_isempty)
    i.rt_list_remove                         0x08001382   Section        0  object.o(i.rt_list_remove)
    rt_list_remove                           0x08001383   Thumb Code    18  object.o(i.rt_list_remove)
    i.rt_list_remove                         0x08001394   Section        0  thread.o(i.rt_list_remove)
    rt_list_remove                           0x08001395   Thumb Code    18  thread.o(i.rt_list_remove)
    i.rt_list_remove                         0x080013a6   Section        0  timer.o(i.rt_list_remove)
    rt_list_remove                           0x080013a7   Thumb Code    18  timer.o(i.rt_list_remove)
    i.rt_malloc                              0x080013b8   Section        0  mem.o(i.rt_malloc)
    i.rt_memset                              0x08001524   Section        0  kservice.o(i.rt_memset)
    i.rt_object_allocate                     0x0800156c   Section        0  object.o(i.rt_object_allocate)
    i.rt_object_delete                       0x080015c0   Section        0  object.o(i.rt_object_delete)
    i.rt_object_detach                       0x080015e4   Section        0  object.o(i.rt_object_detach)
    i.rt_object_get_information              0x08001604   Section        0  object.o(i.rt_object_get_information)
    i.rt_object_init                         0x0800162c   Section        0  object.o(i.rt_object_init)
    i.rt_object_is_systemobject              0x08001682   Section        0  object.o(i.rt_object_is_systemobject)
    i.rt_schedule                            0x08001694   Section        0  scheduler.o(i.rt_schedule)
    i.rt_schedule_insert_thread              0x08001718   Section        0  scheduler.o(i.rt_schedule_insert_thread)
    i.rt_schedule_remove_thread              0x08001768   Section        0  scheduler.o(i.rt_schedule_remove_thread)
    i.rt_sem_init                            0x080017bc   Section        0  ipc.o(i.rt_sem_init)
    i.rt_sem_release                         0x080017e2   Section        0  ipc.o(i.rt_sem_release)
    i.rt_sem_take                            0x08001834   Section        0  ipc.o(i.rt_sem_take)
    i.rt_show_version                        0x080018a8   Section        0  kservice.o(i.rt_show_version)
    i.rt_strlen                              0x08001958   Section        0  kservice.o(i.rt_strlen)
    i.rt_strncpy                             0x0800196a   Section        0  kservice.o(i.rt_strncpy)
    i.rt_system_heap_init                    0x080019a0   Section        0  mem.o(i.rt_system_heap_init)
    i.rt_system_scheduler_init               0x08001a98   Section        0  scheduler.o(i.rt_system_scheduler_init)
    i.rt_system_scheduler_start              0x08001ae4   Section        0  scheduler.o(i.rt_system_scheduler_start)
    i.rt_system_timer_init                   0x08001b14   Section        0  timer.o(i.rt_system_timer_init)
    i.rt_system_timer_thread_init            0x08001b30   Section        0  timer.o(i.rt_system_timer_thread_init)
    i.rt_thread_create                       0x08001b32   Section        0  thread.o(i.rt_thread_create)
    i.rt_thread_exit                         0x08001b84   Section        0  thread.o(i.rt_thread_exit)
    i.rt_thread_idle_entry                   0x08001bdc   Section        0  idle.o(i.rt_thread_idle_entry)
    rt_thread_idle_entry                     0x08001bdd   Thumb Code     8  idle.o(i.rt_thread_idle_entry)
    i.rt_thread_idle_excute                  0x08001be4   Section        0  idle.o(i.rt_thread_idle_excute)
    i.rt_thread_idle_init                    0x08001c44   Section        0  idle.o(i.rt_thread_idle_init)
    i.rt_thread_init                         0x08001c80   Section        0  thread.o(i.rt_thread_init)
    i.rt_thread_mdelay                       0x08001cb4   Section        0  thread.o(i.rt_thread_mdelay)
    i.rt_thread_resume                       0x08001cc8   Section        0  thread.o(i.rt_thread_resume)
    i.rt_thread_self                         0x08001d04   Section        0  thread.o(i.rt_thread_self)
    i.rt_thread_sleep                        0x08001d10   Section        0  thread.o(i.rt_thread_sleep)
    i.rt_thread_startup                      0x08001d54   Section        0  thread.o(i.rt_thread_startup)
    i.rt_thread_suspend                      0x08001d80   Section        0  thread.o(i.rt_thread_suspend)
    i.rt_thread_timeout                      0x08001dc4   Section        0  thread.o(i.rt_thread_timeout)
    i.rt_thread_yield                        0x08001de4   Section        0  thread.o(i.rt_thread_yield)
    i.rt_tick_from_millisecond               0x08001e48   Section        0  clock.o(i.rt_tick_from_millisecond)
    i.rt_tick_get                            0x08001e80   Section        0  clock.o(i.rt_tick_get)
    i.rt_tick_increase                       0x08001e8c   Section        0  clock.o(i.rt_tick_increase)
    i.rt_timer_check                         0x08001ebc   Section        0  timer.o(i.rt_timer_check)
    i.rt_timer_control                       0x08001f60   Section        0  timer.o(i.rt_timer_control)
    i.rt_timer_detach                        0x08001fc2   Section        0  timer.o(i.rt_timer_detach)
    i.rt_timer_init                          0x08001fea   Section        0  timer.o(i.rt_timer_init)
    i.rt_timer_start                         0x08002018   Section        0  timer.o(i.rt_timer_start)
    i.rt_timer_stop                          0x08002104   Section        0  timer.o(i.rt_timer_stop)
    i.rt_vsnprintf                           0x08002134   Section        0  kservice.o(i.rt_vsnprintf)
    i.rti_board_end                          0x08002474   Section        0  components.o(i.rti_board_end)
    rti_board_end                            0x08002475   Thumb Code     4  components.o(i.rti_board_end)
    i.rti_board_start                        0x08002478   Section        0  components.o(i.rti_board_start)
    rti_board_start                          0x08002479   Thumb Code     4  components.o(i.rti_board_start)
    i.rti_end                                0x0800247c   Section        0  components.o(i.rti_end)
    rti_end                                  0x0800247d   Thumb Code     4  components.o(i.rti_end)
    i.rti_start                              0x08002480   Section        0  components.o(i.rti_start)
    rti_start                                0x08002481   Thumb Code     4  components.o(i.rti_start)
    i.rtthread_startup                       0x08002484   Section        0  components.o(i.rtthread_startup)
    i.skip_atoi                              0x080024ae   Section        0  kservice.o(i.skip_atoi)
    skip_atoi                                0x080024af   Thumb Code    38  kservice.o(i.skip_atoi)
    i.uart_init                              0x080024d4   Section        0  board.o(i.uart_init)
    uart_init                                0x080024d5   Thumb Code    14  board.o(i.uart_init)
    .constdata                               0x080024e2   Section      290  kservice.o(.constdata)
    small_digits                             0x080025e2   Data          17  kservice.o(.constdata)
    large_digits                             0x080025f3   Data          17  kservice.o(.constdata)
    .rti_fn.0                                0x08002604   Section        4  components.o(.rti_fn.0)
    __tagsym$$used                           0x08002604   Number         0  components.o(.rti_fn.0)
    .rti_fn.0.end                            0x08002608   Section        4  components.o(.rti_fn.0.end)
    __tagsym$$used                           0x08002608   Number         0  components.o(.rti_fn.0.end)
    .rti_fn.1                                0x0800260c   Section        4  board.o(.rti_fn.1)
    __tagsym$$used                           0x0800260c   Number         0  board.o(.rti_fn.1)
    .rti_fn.1.end                            0x08002610   Section        4  components.o(.rti_fn.1.end)
    __tagsym$$used                           0x08002610   Number         0  components.o(.rti_fn.1.end)
    .rti_fn.6.end                            0x08002614   Section        4  components.o(.rti_fn.6.end)
    __tagsym$$used                           0x08002614   Number         0  components.o(.rti_fn.6.end)
    .data                                    0x20000000   Section       20  system_stm32f10x.o(.data)
    .data                                    0x20000014   Section       20  stm32f10x_rcc.o(.data)
    APBAHBPrescTable                         0x20000014   Data          16  stm32f10x_rcc.o(.data)
    ADCPrescTable                            0x20000024   Data           4  stm32f10x_rcc.o(.data)
    .data                                    0x20000028   Section       16  cpuport.o(.data)
    rt_exception_hook                        0x20000034   Data           4  cpuport.o(.data)
    .data                                    0x20000038   Section        4  clock.o(.data)
    rt_tick                                  0x20000038   Data           4  clock.o(.data)
    .data                                    0x2000003c   Section        1  irq.o(.data)
    .data                                    0x20000040   Section       24  mem.o(.data)
    heap_ptr                                 0x20000040   Data           4  mem.o(.data)
    heap_end                                 0x20000044   Data           4  mem.o(.data)
    lfree                                    0x20000048   Data           4  mem.o(.data)
    mem_size_aligned                         0x2000004c   Data           4  mem.o(.data)
    used_mem                                 0x20000050   Data           4  mem.o(.data)
    max_mem                                  0x20000054   Data           4  mem.o(.data)
    .data                                    0x20000058   Section       64  object.o(.data)
    rt_object_container                      0x20000058   Data          64  object.o(.data)
    .data                                    0x20000098   Section       24  scheduler.o(.data)
    rt_scheduler_lock_nest                   0x2000009c   Data           2  scheduler.o(.data)
    .data                                    0x200000b0   Section       12  timer.o(.data)
    rt_timer_list                            0x200000b0   Data           8  timer.o(.data)
    random_nr                                0x200000b8   Data           4  timer.o(.data)
    .bss                                     0x200000bc   Section      376  idle.o(.bss)
    idle                                     0x200000bc   Data         120  idle.o(.bss)
    rt_thread_stack                          0x20000134   Data         256  idle.o(.bss)
    .bss                                     0x20000234   Section      256  kservice.o(.bss)
    rt_log_buf                               0x20000234   Data         256  kservice.o(.bss)
    .bss                                     0x20000334   Section       32  mem.o(.bss)
    heap_sem                                 0x20000334   Data          32  mem.o(.bss)
    .bss                                     0x20000354   Section      256  scheduler.o(.bss)
    .bss                                     0x20000454   Section    15360  board.o(.bss)
    rt_heap                                  0x20000454   Data       15360  board.o(.bss)
    STACK                                    0x20004058   Section     1024  startup_stm32f10x_hd.o(STACK)

    Global Symbols

    Symbol Name                              Value     Ov Type        Size  Object(Section)

    BuildAttributes$$THM_ISAv4$P$D$K$B$S$PE$A:L22UL41UL21$X:L11$S22US41US21$IEEE1$IW$USESV6$~STKCKD$USESV7$~SHL$OSPACE$EBA8$MICROLIB$REQ8$PRES8$EABIv2 0x00000000   Number         0  anon$$obj.o ABSOLUTE
    __ARM_use_no_argv                        0x00000000   Number         0  main.o ABSOLUTE
    __use_no_errno                           0x00000000   Number         0  useno.o ABSOLUTE
    __use_no_exception_handling              0x00000000   Number         0  useno.o ABSOLUTE
    __use_no_fp                              0x00000000   Number         0  useno.o ABSOLUTE
    __use_no_heap                            0x00000000   Number         0  useno.o ABSOLUTE
    __use_no_heap_region                     0x00000000   Number         0  useno.o ABSOLUTE
    __use_no_semihosting                     0x00000000   Number         0  useno.o ABSOLUTE
    __use_no_semihosting_swi                 0x00000000   Number         0  useno.o ABSOLUTE
    __use_no_signal_handling                 0x00000000   Number         0  useno.o ABSOLUTE
    __cpp_initialize__aeabi_                  - Undefined Weak Reference
    __cxa_finalize                            - Undefined Weak Reference
    __decompress                              - Undefined Weak Reference
    _clock_init                               - Undefined Weak Reference
    _microlib_exit                            - Undefined Weak Reference
    __Vectors_Size                           0x00000130   Number         0  startup_stm32f10x_hd.o ABSOLUTE
    __Vectors                                0x08000000   Data           4  startup_stm32f10x_hd.o(RESET)
    __Vectors_End                            0x08000130   Data           0  startup_stm32f10x_hd.o(RESET)
    __main                                   0x08000131   Thumb Code     0  entry.o(.ARM.Collect$$$$00000000)
    _main_stk                                0x08000131   Thumb Code     0  entry2.o(.ARM.Collect$$$$00000001)
    _main_scatterload                        0x08000135   Thumb Code     0  entry5.o(.ARM.Collect$$$$00000004)
    __main_after_scatterload                 0x08000139   Thumb Code     0  entry5.o(.ARM.Collect$$$$00000004)
    _main_clock                              0x08000139   Thumb Code     0  entry7b.o(.ARM.Collect$$$$00000008)
    _main_cpp_init                           0x08000139   Thumb Code     0  entry8b.o(.ARM.Collect$$$$0000000A)
    _main_init                               0x08000139   Thumb Code     0  entry9a.o(.ARM.Collect$$$$0000000B)
    __rt_final_cpp                           0x08000141   Thumb Code     0  entry10a.o(.ARM.Collect$$$$0000000D)
    __rt_final_exit                          0x08000141   Thumb Code     0  entry11a.o(.ARM.Collect$$$$0000000F)
    Reset_Handler                            0x08000145   Thumb Code     8  startup_stm32f10x_hd.o(.text)
    ADC1_2_IRQHandler                        0x0800015f   Thumb Code     0  startup_stm32f10x_hd.o(.text)
    ADC3_IRQHandler                          0x0800015f   Thumb Code     0  startup_stm32f10x_hd.o(.text)
    CAN1_RX1_IRQHandler                      0x0800015f   Thumb Code     0  startup_stm32f10x_hd.o(.text)
    CAN1_SCE_IRQHandler                      0x0800015f   Thumb Code     0  startup_stm32f10x_hd.o(.text)
    DMA1_Channel1_IRQHandler                 0x0800015f   Thumb Code     0  startup_stm32f10x_hd.o(.text)
    DMA1_Channel2_IRQHandler                 0x0800015f   Thumb Code     0  startup_stm32f10x_hd.o(.text)
    DMA1_Channel3_IRQHandler                 0x0800015f   Thumb Code     0  startup_stm32f10x_hd.o(.text)
    DMA1_Channel4_IRQHandler                 0x0800015f   Thumb Code     0  startup_stm32f10x_hd.o(.text)
    DMA1_Channel5_IRQHandler                 0x0800015f   Thumb Code     0  startup_stm32f10x_hd.o(.text)
    DMA1_Channel6_IRQHandler                 0x0800015f   Thumb Code     0  startup_stm32f10x_hd.o(.text)
    DMA1_Channel7_IRQHandler                 0x0800015f   Thumb Code     0  startup_stm32f10x_hd.o(.text)
    DMA2_Channel1_IRQHandler                 0x0800015f   Thumb Code     0  startup_stm32f10x_hd.o(.text)
    DMA2_Channel2_IRQHandler                 0x0800015f   Thumb Code     0  startup_stm32f10x_hd.o(.text)
    DMA2_Channel3_IRQHandler                 0x0800015f   Thumb Code     0  startup_stm32f10x_hd.o(.text)
    DMA2_Channel4_5_IRQHandler               0x0800015f   Thumb Code     0  startup_stm32f10x_hd.o(.text)
    EXTI0_IRQHandler                         0x0800015f   Thumb Code     0  startup_stm32f10x_hd.o(.text)
    EXTI15_10_IRQHandler                     0x0800015f   Thumb Code     0  startup_stm32f10x_hd.o(.text)
    EXTI1_IRQHandler                         0x0800015f   Thumb Code     0  startup_stm32f10x_hd.o(.text)
    EXTI2_IRQHandler                         0x0800015f   Thumb Code     0  startup_stm32f10x_hd.o(.text)
    EXTI3_IRQHandler                         0x0800015f   Thumb Code     0  startup_stm32f10x_hd.o(.text)
    EXTI4_IRQHandler                         0x0800015f   Thumb Code     0  startup_stm32f10x_hd.o(.text)
    EXTI9_5_IRQHandler                       0x0800015f   Thumb Code     0  startup_stm32f10x_hd.o(.text)
    FLASH_IRQHandler                         0x0800015f   Thumb Code     0  startup_stm32f10x_hd.o(.text)
    FSMC_IRQHandler                          0x0800015f   Thumb Code     0  startup_stm32f10x_hd.o(.text)
    I2C1_ER_IRQHandler                       0x0800015f   Thumb Code     0  startup_stm32f10x_hd.o(.text)
    I2C1_EV_IRQHandler                       0x0800015f   Thumb Code     0  startup_stm32f10x_hd.o(.text)
    I2C2_ER_IRQHandler                       0x0800015f   Thumb Code     0  startup_stm32f10x_hd.o(.text)
    I2C2_EV_IRQHandler                       0x0800015f   Thumb Code     0  startup_stm32f10x_hd.o(.text)
    PVD_IRQHandler                           0x0800015f   Thumb Code     0  startup_stm32f10x_hd.o(.text)
    RCC_IRQHandler                           0x0800015f   Thumb Code     0  startup_stm32f10x_hd.o(.text)
    RTCAlarm_IRQHandler                      0x0800015f   Thumb Code     0  startup_stm32f10x_hd.o(.text)
    RTC_IRQHandler                           0x0800015f   Thumb Code     0  startup_stm32f10x_hd.o(.text)
    SDIO_IRQHandler                          0x0800015f   Thumb Code     0  startup_stm32f10x_hd.o(.text)
    SPI1_IRQHandler                          0x0800015f   Thumb Code     0  startup_stm32f10x_hd.o(.text)
    SPI2_IRQHandler                          0x0800015f   Thumb Code     0  startup_stm32f10x_hd.o(.text)
    SPI3_IRQHandler                          0x0800015f   Thumb Code     0  startup_stm32f10x_hd.o(.text)
    TAMPER_IRQHandler                        0x0800015f   Thumb Code     0  startup_stm32f10x_hd.o(.text)
    TIM1_BRK_IRQHandler                      0x0800015f   Thumb Code     0  startup_stm32f10x_hd.o(.text)
    TIM1_CC_IRQHandler                       0x0800015f   Thumb Code     0  startup_stm32f10x_hd.o(.text)
    TIM1_TRG_COM_IRQHandler                  0x0800015f   Thumb Code     0  startup_stm32f10x_hd.o(.text)
    TIM1_UP_IRQHandler                       0x0800015f   Thumb Code     0  startup_stm32f10x_hd.o(.text)
    TIM2_IRQHandler                          0x0800015f   Thumb Code     0  startup_stm32f10x_hd.o(.text)
    TIM3_IRQHandler                          0x0800015f   Thumb Code     0  startup_stm32f10x_hd.o(.text)
    TIM4_IRQHandler                          0x0800015f   Thumb Code     0  startup_stm32f10x_hd.o(.text)
    TIM5_IRQHandler                          0x0800015f   Thumb Code     0  startup_stm32f10x_hd.o(.text)
    TIM6_IRQHandler                          0x0800015f   Thumb Code     0  startup_stm32f10x_hd.o(.text)
    TIM7_IRQHandler                          0x0800015f   Thumb Code     0  startup_stm32f10x_hd.o(.text)
    TIM8_BRK_IRQHandler                      0x0800015f   Thumb Code     0  startup_stm32f10x_hd.o(.text)
    TIM8_CC_IRQHandler                       0x0800015f   Thumb Code     0  startup_stm32f10x_hd.o(.text)
    TIM8_TRG_COM_IRQHandler                  0x0800015f   Thumb Code     0  startup_stm32f10x_hd.o(.text)
    TIM8_UP_IRQHandler                       0x0800015f   Thumb Code     0  startup_stm32f10x_hd.o(.text)
    UART4_IRQHandler                         0x0800015f   Thumb Code     0  startup_stm32f10x_hd.o(.text)
    UART5_IRQHandler                         0x0800015f   Thumb Code     0  startup_stm32f10x_hd.o(.text)
    USART2_IRQHandler                        0x0800015f   Thumb Code     0  startup_stm32f10x_hd.o(.text)
    USART3_IRQHandler                        0x0800015f   Thumb Code     0  startup_stm32f10x_hd.o(.text)
    USBWakeUp_IRQHandler                     0x0800015f   Thumb Code     0  startup_stm32f10x_hd.o(.text)
    USB_HP_CAN1_TX_IRQHandler                0x0800015f   Thumb Code     0  startup_stm32f10x_hd.o(.text)
    USB_LP_CAN1_RX0_IRQHandler               0x0800015f   Thumb Code     0  startup_stm32f10x_hd.o(.text)
    WWDG_IRQHandler                          0x0800015f   Thumb Code     0  startup_stm32f10x_hd.o(.text)
    rt_hw_interrupt_disable                  0x08000169   Thumb Code     8  context_rvds.o(.text)
    rt_hw_interrupt_enable                   0x08000171   Thumb Code     6  context_rvds.o(.text)
    rt_hw_context_switch                     0x08000177   Thumb Code    32  context_rvds.o(.text)
    rt_hw_context_switch_interrupt           0x08000177   Thumb Code     0  context_rvds.o(.text)
    PendSV_Handler                           0x08000197   Thumb Code    60  context_rvds.o(.text)
    rt_hw_context_switch_to                  0x080001d3   Thumb Code    56  context_rvds.o(.text)
    rt_hw_interrupt_thread_switch            0x0800020b   Thumb Code     2  context_rvds.o(.text)
    HardFault_Handler                        0x0800020d   Thumb Code    52  context_rvds.o(.text)
    __scatterload                            0x0800025d   Thumb Code    28  init.o(.text)
    __scatterload_rt2                        0x0800025d   Thumb Code     0  init.o(.text)
    main                                     0x08000281   Thumb Code    10  components.o(i.$Sub$$main)
    BusFault_Handler                         0x0800028b   Thumb Code     4  stm32f10x_it.o(i.BusFault_Handler)
    DebugMon_Handler                         0x0800028f   Thumb Code     2  stm32f10x_it.o(i.DebugMon_Handler)
    GPIO_Init                                0x08000291   Thumb Code   278  stm32f10x_gpio.o(i.GPIO_Init)
    GPIO_ResetBits                           0x080003a7   Thumb Code     4  stm32f10x_gpio.o(i.GPIO_ResetBits)
    GPIO_SetBits                             0x080003ab   Thumb Code     4  stm32f10x_gpio.o(i.GPIO_SetBits)
    LED_Init                                 0x080003b1   Thumb Code    72  led.o(i.LED_Init)
    MemManage_Handler                        0x08000401   Thumb Code     4  stm32f10x_it.o(i.MemManage_Handler)
    NMI_Handler                              0x08000405   Thumb Code     2  stm32f10x_it.o(i.NMI_Handler)
    NVIC_Init                                0x08000409   Thumb Code   100  misc.o(i.NVIC_Init)
    RCC_APB2PeriphClockCmd                   0x08000479   Thumb Code    26  stm32f10x_rcc.o(i.RCC_APB2PeriphClockCmd)
    RCC_GetClocksFreq                        0x08000499   Thumb Code   192  stm32f10x_rcc.o(i.RCC_GetClocksFreq)
    SVC_Handler                              0x0800056d   Thumb Code     2  stm32f10x_it.o(i.SVC_Handler)
    SysTick_Handler                          0x08000659   Thumb Code    16  stm32f10x_it.o(i.SysTick_Handler)
    SystemCoreClockUpdate                    0x08000669   Thumb Code   142  system_stm32f10x.o(i.SystemCoreClockUpdate)
    SystemInit                               0x0800070d   Thumb Code    78  system_stm32f10x.o(i.SystemInit)
    Systick_Init                             0x0800076d   Thumb Code    84  sys.o(i.Systick_Init)
    USART1_IRQHandler                        0x080007cd   Thumb Code     2  usart.o(i.USART1_IRQHandler)
    USART_Cmd                                0x080007cf   Thumb Code    24  stm32f10x_usart.o(i.USART_Cmd)
    USART_ITConfig                           0x080007e7   Thumb Code    74  stm32f10x_usart.o(i.USART_ITConfig)
    USART_Init                               0x08000831   Thumb Code   210  stm32f10x_usart.o(i.USART_Init)
    Uart1_SendByte                           0x08000909   Thumb Code    22  usart.o(i.Uart1_SendByte)
    Uart_Init                                0x08000925   Thumb Code   152  usart.o(i.Uart_Init)
    UsageFault_Handler                       0x080009c5   Thumb Code     4  stm32f10x_it.o(i.UsageFault_Handler)
    __rt_ffs                                 0x080009c9   Thumb Code    70  kservice.o(i.__rt_ffs)
    __scatterload_copy                       0x08000a15   Thumb Code    14  handlers.o(i.__scatterload_copy)
    __scatterload_null                       0x08000a23   Thumb Code     2  handlers.o(i.__scatterload_null)
    __scatterload_zeroinit                   0x08000a25   Thumb Code    14  handlers.o(i.__scatterload_zeroinit)
    $Super$$main                             0x08000b35   Thumb Code    66  main.o(i.main)
    main_thread_entry                        0x08000b91   Thumb Code    14  components.o(i.main_thread_entry)
    rt_application_init                      0x08000db1   Thumb Code    34  components.o(i.rt_application_init)
    rt_components_board_init                 0x08000de1   Thumb Code    20  components.o(i.rt_components_board_init)
    rt_components_init                       0x08000dfd   Thumb Code    20  components.o(i.rt_components_init)
    rt_enter_critical                        0x08000e19   Thumb Code    28  scheduler.o(i.rt_enter_critical)
    rt_exit_critical                         0x08000e39   Thumb Code    60  scheduler.o(i.rt_exit_critical)
    rt_free                                  0x08000e7d   Thumb Code   128  mem.o(i.rt_free)
    rt_heap_begin_get                        0x08000f5d   Thumb Code     4  board.o(i.rt_heap_begin_get)
    rt_heap_end_get                          0x08000f65   Thumb Code     4  board.o(i.rt_heap_end_get)
    rt_hw_board_init                         0x08000f6d   Thumb Code    38  board.o(i.rt_hw_board_init)
    rt_hw_console_output                     0x08000f93   Thumb Code    52  board.o(i.rt_hw_console_output)
    rt_hw_hard_fault_exception               0x08000fc9   Thumb Code   190  cpuport.o(i.rt_hw_hard_fault_exception)
    rt_hw_stack_init                         0x080011c9   Thumb Code    70  cpuport.o(i.rt_hw_stack_init)
    rt_interrupt_enter                       0x08001215   Thumb Code    26  irq.o(i.rt_interrupt_enter)
    rt_interrupt_leave                       0x08001235   Thumb Code    26  irq.o(i.rt_interrupt_leave)
    rt_kprintf                               0x080012e9   Thumb Code    44  kservice.o(i.rt_kprintf)
    rt_malloc                                0x080013b9   Thumb Code   336  mem.o(i.rt_malloc)
    rt_memset                                0x08001525   Thumb Code    72  kservice.o(i.rt_memset)
    rt_object_allocate                       0x0800156d   Thumb Code    84  object.o(i.rt_object_allocate)
    rt_object_delete                         0x080015c1   Thumb Code    36  object.o(i.rt_object_delete)
    rt_object_detach                         0x080015e5   Thumb Code    30  object.o(i.rt_object_detach)
    rt_object_get_information                0x08001605   Thumb Code    36  object.o(i.rt_object_get_information)
    rt_object_init                           0x0800162d   Thumb Code    86  object.o(i.rt_object_init)
    rt_object_is_systemobject                0x08001683   Thumb Code    18  object.o(i.rt_object_is_systemobject)
    rt_schedule                              0x08001695   Thumb Code   106  scheduler.o(i.rt_schedule)
    rt_schedule_insert_thread                0x08001719   Thumb Code    72  scheduler.o(i.rt_schedule_insert_thread)
    rt_schedule_remove_thread                0x08001769   Thumb Code    76  scheduler.o(i.rt_schedule_remove_thread)
    rt_sem_init                              0x080017bd   Thumb Code    38  ipc.o(i.rt_sem_init)
    rt_sem_release                           0x080017e3   Thumb Code    82  ipc.o(i.rt_sem_release)
    rt_sem_take                              0x08001835   Thumb Code   116  ipc.o(i.rt_sem_take)
    rt_show_version                          0x080018a9   Thumb Code    38  kservice.o(i.rt_show_version)
    rt_strlen                                0x08001959   Thumb Code    18  kservice.o(i.rt_strlen)
    rt_strncpy                               0x0800196b   Thumb Code    52  kservice.o(i.rt_strncpy)
    rt_system_heap_init                      0x080019a1   Thumb Code   160  mem.o(i.rt_system_heap_init)
    rt_system_scheduler_init                 0x08001a99   Thumb Code    52  scheduler.o(i.rt_system_scheduler_init)
    rt_system_scheduler_start                0x08001ae5   Thumb Code    36  scheduler.o(i.rt_system_scheduler_start)
    rt_system_timer_init                     0x08001b15   Thumb Code    24  timer.o(i.rt_system_timer_init)
    rt_system_timer_thread_init              0x08001b31   Thumb Code     2  timer.o(i.rt_system_timer_thread_init)
    rt_thread_create                         0x08001b33   Thumb Code    80  thread.o(i.rt_thread_create)
    rt_thread_exit                           0x08001b85   Thumb Code    78  thread.o(i.rt_thread_exit)
    rt_thread_idle_excute                    0x08001be5   Thumb Code    92  idle.o(i.rt_thread_idle_excute)
    rt_thread_idle_init                      0x08001c45   Thumb Code    38  idle.o(i.rt_thread_idle_init)
    rt_thread_init                           0x08001c81   Thumb Code    52  thread.o(i.rt_thread_init)
    rt_thread_mdelay                         0x08001cb5   Thumb Code    20  thread.o(i.rt_thread_mdelay)
    rt_thread_resume                         0x08001cc9   Thumb Code    60  thread.o(i.rt_thread_resume)
    rt_thread_self                           0x08001d05   Thumb Code     6  thread.o(i.rt_thread_self)
    rt_thread_sleep                          0x08001d11   Thumb Code    62  thread.o(i.rt_thread_sleep)
    rt_thread_startup                        0x08001d55   Thumb Code    44  thread.o(i.rt_thread_startup)
    rt_thread_suspend                        0x08001d81   Thumb Code    68  thread.o(i.rt_thread_suspend)
    rt_thread_timeout                        0x08001dc5   Thumb Code    32  thread.o(i.rt_thread_timeout)
    rt_thread_yield                          0x08001de5   Thumb Code    92  thread.o(i.rt_thread_yield)
    rt_tick_from_millisecond                 0x08001e49   Thumb Code    56  clock.o(i.rt_tick_from_millisecond)
    rt_tick_get                              0x08001e81   Thumb Code     6  clock.o(i.rt_tick_get)
    rt_tick_increase                         0x08001e8d   Thumb Code    42  clock.o(i.rt_tick_increase)
    rt_timer_check                           0x08001ebd   Thumb Code   160  timer.o(i.rt_timer_check)
    rt_timer_control                         0x08001f61   Thumb Code    98  timer.o(i.rt_timer_control)
    rt_timer_detach                          0x08001fc3   Thumb Code    40  timer.o(i.rt_timer_detach)
    rt_timer_init                            0x08001feb   Thumb Code    46  timer.o(i.rt_timer_init)
    rt_timer_start                           0x08002019   Thumb Code   226  timer.o(i.rt_timer_start)
    rt_timer_stop                            0x08002105   Thumb Code    48  timer.o(i.rt_timer_stop)
    rt_vsnprintf                             0x08002135   Thumb Code   824  kservice.o(i.rt_vsnprintf)
    rtthread_startup                         0x08002485   Thumb Code    42  components.o(i.rtthread_startup)
    __lowest_bit_bitmap                      0x080024e2   Data         256  kservice.o(.constdata)
    __rt_init_rti_start                      0x08002604   Data           4  components.o(.rti_fn.0)
    __rt_init_rti_board_start                0x08002608   Data           4  components.o(.rti_fn.0.end)
    __rt_init_uart_init                      0x0800260c   Data           4  board.o(.rti_fn.1)
    __rt_init_rti_board_end                  0x08002610   Data           4  components.o(.rti_fn.1.end)
    __rt_init_rti_end                        0x08002614   Data           4  components.o(.rti_fn.6.end)
    Region$$Table$$Base                      0x08002618   Number         0  anon$$obj.o(Region$$Table)
    Region$$Table$$Limit                     0x08002638   Number         0  anon$$obj.o(Region$$Table)
    SystemCoreClock                          0x20000000   Data           4  system_stm32f10x.o(.data)
    AHBPrescTable                            0x20000004   Data          16  system_stm32f10x.o(.data)
    rt_interrupt_from_thread                 0x20000028   Data           4  cpuport.o(.data)
    rt_interrupt_to_thread                   0x2000002c   Data           4  cpuport.o(.data)
    rt_thread_switch_interrupt_flag          0x20000030   Data           4  cpuport.o(.data)
    rt_interrupt_nest                        0x2000003c   Data           1  irq.o(.data)
    rt_thread_ready_priority_group           0x20000098   Data           4  scheduler.o(.data)
    rt_current_thread                        0x200000a0   Data           4  scheduler.o(.data)
    rt_current_priority                      0x200000a4   Data           1  scheduler.o(.data)
    rt_thread_defunct                        0x200000a8   Data           8  scheduler.o(.data)
    rt_thread_priority_table                 0x20000354   Data         256  scheduler.o(.bss)
    __initial_sp                             0x20004458   Data           0  startup_stm32f10x_hd.o(STACK)



==============================================================================

Memory Map of the image

  Image Entry point : 0x08000145

  Load Region LR_1 (Base: 0x08000000, Size: 0x000026f4, Max: 0xffffffff, ABSOLUTE)

    Execution Region ER_RO (Exec base: 0x08000000, Load base: 0x08000000, Size: 0x00002638, Max: 0xffffffff, ABSOLUTE)

    Exec Addr    Load Addr    Size         Type   Attr      Idx    E Section Name        Object

    0x08000000   0x08000000   0x00000130   Data   RO          381    RESET               startup_stm32f10x_hd.o
    0x08000130   0x08000130   0x00000000   Code   RO         1967  * .ARM.Collect$$$$00000000  mc_w.l(entry.o)
    0x08000130   0x08000130   0x00000004   Code   RO         1970    .ARM.Collect$$$$00000001  mc_w.l(entry2.o)
    0x08000134   0x08000134   0x00000004   Code   RO         1973    .ARM.Collect$$$$00000004  mc_w.l(entry5.o)
    0x08000138   0x08000138   0x00000000   Code   RO         1975    .ARM.Collect$$$$00000008  mc_w.l(entry7b.o)
    0x08000138   0x08000138   0x00000000   Code   RO         1977    .ARM.Collect$$$$0000000A  mc_w.l(entry8b.o)
    0x08000138   0x08000138   0x00000008   Code   RO         1978    .ARM.Collect$$$$0000000B  mc_w.l(entry9a.o)
    0x08000140   0x08000140   0x00000000   Code   RO         1980    .ARM.Collect$$$$0000000D  mc_w.l(entry10a.o)
    0x08000140   0x08000140   0x00000000   Code   RO         1982    .ARM.Collect$$$$0000000F  mc_w.l(entry11a.o)
    0x08000140   0x08000140   0x00000004   Code   RO         1971    .ARM.Collect$$$$00002712  mc_w.l(entry2.o)
    0x08000144   0x08000144   0x00000024   Code   RO          382  * .text               startup_stm32f10x_hd.o
    0x08000168   0x08000168   0x000000f4   Code   RO          940    .text               context_rvds.o
    0x0800025c   0x0800025c   0x00000024   Code   RO         1984    .text               mc_w.l(init.o)
    0x08000280   0x08000280   0x0000000a   Code   RO         1021    i.$Sub$$main        components.o
    0x0800028a   0x0800028a   0x00000004   Code   RO          135    i.BusFault_Handler  stm32f10x_it.o
    0x0800028e   0x0800028e   0x00000002   Code   RO          136    i.DebugMon_Handler  stm32f10x_it.o
    0x08000290   0x08000290   0x00000116   Code   RO          428    i.GPIO_Init         stm32f10x_gpio.o
    0x080003a6   0x080003a6   0x00000004   Code   RO          435    i.GPIO_ResetBits    stm32f10x_gpio.o
    0x080003aa   0x080003aa   0x00000004   Code   RO          436    i.GPIO_SetBits      stm32f10x_gpio.o
    0x080003ae   0x080003ae   0x00000002   PAD
    0x080003b0   0x080003b0   0x00000050   Code   RO          249    i.LED_Init          led.o
    0x08000400   0x08000400   0x00000004   Code   RO          137    i.MemManage_Handler  stm32f10x_it.o
    0x08000404   0x08000404   0x00000002   Code   RO          138    i.NMI_Handler       stm32f10x_it.o
    0x08000406   0x08000406   0x00000002   PAD
    0x08000408   0x08000408   0x00000070   Code   RO          386    i.NVIC_Init         misc.o
    0x08000478   0x08000478   0x00000020   Code   RO          564    i.RCC_APB2PeriphClockCmd  stm32f10x_rcc.o
    0x08000498   0x08000498   0x000000d4   Code   RO          572    i.RCC_GetClocksFreq  stm32f10x_rcc.o
    0x0800056c   0x0800056c   0x00000002   Code   RO          139    i.SVC_Handler       stm32f10x_it.o
    0x0800056e   0x0800056e   0x00000008   Code   RO          215    i.SetSysClock       system_stm32f10x.o
    0x08000576   0x08000576   0x00000002   PAD
    0x08000578   0x08000578   0x000000e0   Code   RO          216    i.SetSysClockTo72   system_stm32f10x.o
    0x08000658   0x08000658   0x00000010   Code   RO          140    i.SysTick_Handler   stm32f10x_it.o
    0x08000668   0x08000668   0x000000a4   Code   RO          217    i.SystemCoreClockUpdate  system_stm32f10x.o
    0x0800070c   0x0800070c   0x00000060   Code   RO          218    i.SystemInit        system_stm32f10x.o
    0x0800076c   0x0800076c   0x00000060   Code   RO          290    i.Systick_Init      sys.o
    0x080007cc   0x080007cc   0x00000002   Code   RO          326    i.USART1_IRQHandler  usart.o
    0x080007ce   0x080007ce   0x00000018   Code   RO          764    i.USART_Cmd         stm32f10x_usart.o
    0x080007e6   0x080007e6   0x0000004a   Code   RO          770    i.USART_ITConfig    stm32f10x_usart.o
    0x08000830   0x08000830   0x000000d8   Code   RO          771    i.USART_Init        stm32f10x_usart.o
    0x08000908   0x08000908   0x0000001c   Code   RO          327    i.Uart1_SendByte    usart.o
    0x08000924   0x08000924   0x000000a0   Code   RO          328    i.Uart_Init         usart.o
    0x080009c4   0x080009c4   0x00000004   Code   RO          141    i.UsageFault_Handler  stm32f10x_it.o
    0x080009c8   0x080009c8   0x0000004c   Code   RO         1291    i.__rt_ffs          kservice.o
    0x08000a14   0x08000a14   0x0000000e   Code   RO         1988    i.__scatterload_copy  mc_w.l(handlers.o)
    0x08000a22   0x08000a22   0x00000002   Code   RO         1989    i.__scatterload_null  mc_w.l(handlers.o)
    0x08000a24   0x08000a24   0x0000000e   Code   RO         1990    i.__scatterload_zeroinit  mc_w.l(handlers.o)
    0x08000a32   0x08000a32   0x00000002   PAD
    0x08000a34   0x08000a34   0x00000084   Code   RO         1678    i._rt_thread_init   thread.o
    0x08000ab8   0x08000ab8   0x00000042   Code   RO         1810    i._rt_timer_init    timer.o
    0x08000afa   0x08000afa   0x0000001c   Code   RO         1811    i._rt_timer_remove  timer.o
    0x08000b16   0x08000b16   0x0000001c   Code   RO         1679    i._thread_cleanup_execute  thread.o
    0x08000b32   0x08000b32   0x00000002   PAD
    0x08000b34   0x08000b34   0x0000005c   Code   RO            1    i.main              main.o
    0x08000b90   0x08000b90   0x0000000e   Code   RO         1022    i.main_thread_entry  components.o
    0x08000b9e   0x08000b9e   0x00000002   PAD
    0x08000ba0   0x08000ba0   0x00000078   Code   RO         1468    i.plug_holes        mem.o
    0x08000c18   0x08000c18   0x00000198   Code   RO         1293    i.print_number      kservice.o
    0x08000db0   0x08000db0   0x00000030   Code   RO         1023    i.rt_application_init  components.o
    0x08000de0   0x08000de0   0x0000001c   Code   RO         1024    i.rt_components_board_init  components.o
    0x08000dfc   0x08000dfc   0x0000001c   Code   RO         1025    i.rt_components_init  components.o
    0x08000e18   0x08000e18   0x00000020   Code   RO         1612    i.rt_enter_critical  scheduler.o
    0x08000e38   0x08000e38   0x00000044   Code   RO         1613    i.rt_exit_critical  scheduler.o
    0x08000e7c   0x08000e7c   0x000000e0   Code   RO         1470    i.rt_free           mem.o
    0x08000f5c   0x08000f5c   0x00000008   Code   RO         1922    i.rt_heap_begin_get  board.o
    0x08000f64   0x08000f64   0x00000008   Code   RO         1923    i.rt_heap_end_get   board.o
    0x08000f6c   0x08000f6c   0x00000026   Code   RO         1924    i.rt_hw_board_init  board.o
    0x08000f92   0x08000f92   0x00000034   Code   RO         1925    i.rt_hw_console_output  board.o
    0x08000fc6   0x08000fc6   0x00000002   PAD
    0x08000fc8   0x08000fc8   0x00000200   Code   RO          947    i.rt_hw_hard_fault_exception  cpuport.o
    0x080011c8   0x080011c8   0x0000004c   Code   RO          948    i.rt_hw_stack_init  cpuport.o
    0x08001214   0x08001214   0x00000020   Code   RO         1264    i.rt_interrupt_enter  irq.o
    0x08001234   0x08001234   0x00000020   Code   RO         1266    i.rt_interrupt_leave  irq.o
    0x08001254   0x08001254   0x00000014   Code   RO         1124    i.rt_ipc_list_resume  ipc.o
    0x08001268   0x08001268   0x0000006e   Code   RO         1126    i.rt_ipc_list_suspend  ipc.o
    0x080012d6   0x080012d6   0x00000010   Code   RO         1127    i.rt_ipc_object_init  ipc.o
    0x080012e6   0x080012e6   0x00000002   PAD
    0x080012e8   0x080012e8   0x00000030   Code   RO         1297    i.rt_kprintf        kservice.o
    0x08001318   0x08001318   0x00000006   Code   RO         1128    i.rt_list_init      ipc.o
    0x0800131e   0x0800131e   0x00000006   Code   RO         1614    i.rt_list_init      scheduler.o
    0x08001324   0x08001324   0x00000006   Code   RO         1812    i.rt_list_init      timer.o
    0x0800132a   0x0800132a   0x0000000e   Code   RO         1524    i.rt_list_insert_after  object.o
    0x08001338   0x08001338   0x0000000e   Code   RO         1680    i.rt_list_insert_after  thread.o
    0x08001346   0x08001346   0x0000000e   Code   RO         1813    i.rt_list_insert_after  timer.o
    0x08001354   0x08001354   0x0000000e   Code   RO         1129    i.rt_list_insert_before  ipc.o
    0x08001362   0x08001362   0x00000010   Code   RO         1130    i.rt_list_isempty   ipc.o
    0x08001372   0x08001372   0x00000010   Code   RO         1814    i.rt_list_isempty   timer.o
    0x08001382   0x08001382   0x00000012   Code   RO         1525    i.rt_list_remove    object.o
    0x08001394   0x08001394   0x00000012   Code   RO         1681    i.rt_list_remove    thread.o
    0x080013a6   0x080013a6   0x00000012   Code   RO         1815    i.rt_list_remove    timer.o
    0x080013b8   0x080013b8   0x0000016c   Code   RO         1471    i.rt_malloc         mem.o
    0x08001524   0x08001524   0x00000048   Code   RO         1303    i.rt_memset         kservice.o
    0x0800156c   0x0800156c   0x00000054   Code   RO         1526    i.rt_object_allocate  object.o
    0x080015c0   0x080015c0   0x00000024   Code   RO         1527    i.rt_object_delete  object.o
    0x080015e4   0x080015e4   0x0000001e   Code   RO         1528    i.rt_object_detach  object.o
    0x08001602   0x08001602   0x00000002   PAD
    0x08001604   0x08001604   0x00000028   Code   RO         1530    i.rt_object_get_information  object.o
    0x0800162c   0x0800162c   0x00000056   Code   RO         1534    i.rt_object_init    object.o
    0x08001682   0x08001682   0x00000012   Code   RO         1535    i.rt_object_is_systemobject  object.o
    0x08001694   0x08001694   0x00000084   Code   RO         1615    i.rt_schedule       scheduler.o
    0x08001718   0x08001718   0x00000050   Code   RO         1616    i.rt_schedule_insert_thread  scheduler.o
    0x08001768   0x08001768   0x00000054   Code   RO         1617    i.rt_schedule_remove_thread  scheduler.o
    0x080017bc   0x080017bc   0x00000026   Code   RO         1143    i.rt_sem_init       ipc.o
    0x080017e2   0x080017e2   0x00000052   Code   RO         1144    i.rt_sem_release    ipc.o
    0x08001834   0x08001834   0x00000074   Code   RO         1145    i.rt_sem_take       ipc.o
    0x080018a8   0x080018a8   0x000000b0   Code   RO         1305    i.rt_show_version   kservice.o
    0x08001958   0x08001958   0x00000012   Code   RO         1311    i.rt_strlen         kservice.o
    0x0800196a   0x0800196a   0x00000034   Code   RO         1313    i.rt_strncpy        kservice.o
    0x0800199e   0x0800199e   0x00000002   PAD
    0x080019a0   0x080019a0   0x000000f8   Code   RO         1474    i.rt_system_heap_init  mem.o
    0x08001a98   0x08001a98   0x0000004c   Code   RO         1618    i.rt_system_scheduler_init  scheduler.o
    0x08001ae4   0x08001ae4   0x00000030   Code   RO         1619    i.rt_system_scheduler_start  scheduler.o
    0x08001b14   0x08001b14   0x0000001c   Code   RO         1816    i.rt_system_timer_init  timer.o
    0x08001b30   0x08001b30   0x00000002   Code   RO         1817    i.rt_system_timer_thread_init  timer.o
    0x08001b32   0x08001b32   0x00000050   Code   RO         1683    i.rt_thread_create  thread.o
    0x08001b82   0x08001b82   0x00000002   PAD
    0x08001b84   0x08001b84   0x00000058   Code   RO         1688    i.rt_thread_exit    thread.o
    0x08001bdc   0x08001bdc   0x00000008   Code   RO         1089    i.rt_thread_idle_entry  idle.o
    0x08001be4   0x08001be4   0x00000060   Code   RO         1090    i.rt_thread_idle_excute  idle.o
    0x08001c44   0x08001c44   0x0000003c   Code   RO         1092    i.rt_thread_idle_init  idle.o
    0x08001c80   0x08001c80   0x00000034   Code   RO         1690    i.rt_thread_init    thread.o
    0x08001cb4   0x08001cb4   0x00000014   Code   RO         1691    i.rt_thread_mdelay  thread.o
    0x08001cc8   0x08001cc8   0x0000003c   Code   RO         1692    i.rt_thread_resume  thread.o
    0x08001d04   0x08001d04   0x0000000c   Code   RO         1693    i.rt_thread_self    thread.o
    0x08001d10   0x08001d10   0x00000044   Code   RO         1694    i.rt_thread_sleep   thread.o
    0x08001d54   0x08001d54   0x0000002c   Code   RO         1695    i.rt_thread_startup  thread.o
    0x08001d80   0x08001d80   0x00000044   Code   RO         1696    i.rt_thread_suspend  thread.o
    0x08001dc4   0x08001dc4   0x00000020   Code   RO         1697    i.rt_thread_timeout  thread.o
    0x08001de4   0x08001de4   0x00000064   Code   RO         1698    i.rt_thread_yield   thread.o
    0x08001e48   0x08001e48   0x00000038   Code   RO          984    i.rt_tick_from_millisecond  clock.o
    0x08001e80   0x08001e80   0x0000000c   Code   RO          985    i.rt_tick_get       clock.o
    0x08001e8c   0x08001e8c   0x00000030   Code   RO          986    i.rt_tick_increase  clock.o
    0x08001ebc   0x08001ebc   0x000000a4   Code   RO         1818    i.rt_timer_check    timer.o
    0x08001f60   0x08001f60   0x00000062   Code   RO         1819    i.rt_timer_control  timer.o
    0x08001fc2   0x08001fc2   0x00000028   Code   RO         1822    i.rt_timer_detach   timer.o
    0x08001fea   0x08001fea   0x0000002e   Code   RO         1823    i.rt_timer_init     timer.o
    0x08002018   0x08002018   0x000000ec   Code   RO         1826    i.rt_timer_start    timer.o
    0x08002104   0x08002104   0x00000030   Code   RO         1827    i.rt_timer_stop     timer.o
    0x08002134   0x08002134   0x00000340   Code   RO         1316    i.rt_vsnprintf      kservice.o
    0x08002474   0x08002474   0x00000004   Code   RO         1026    i.rti_board_end     components.o
    0x08002478   0x08002478   0x00000004   Code   RO         1027    i.rti_board_start   components.o
    0x0800247c   0x0800247c   0x00000004   Code   RO         1028    i.rti_end           components.o
    0x08002480   0x08002480   0x00000004   Code   RO         1029    i.rti_start         components.o
    0x08002484   0x08002484   0x0000002a   Code   RO         1030    i.rtthread_startup  components.o
    0x080024ae   0x080024ae   0x00000026   Code   RO         1318    i.skip_atoi         kservice.o
    0x080024d4   0x080024d4   0x0000000e   Code   RO         1927    i.uart_init         board.o
    0x080024e2   0x080024e2   0x00000122   Data   RO         1320    .constdata          kservice.o
    0x08002604   0x08002604   0x00000004   Data   RO         1031    .rti_fn.0           components.o
    0x08002608   0x08002608   0x00000004   Data   RO         1032    .rti_fn.0.end       components.o
    0x0800260c   0x0800260c   0x00000004   Data   RO         1929    .rti_fn.1           board.o
    0x08002610   0x08002610   0x00000004   Data   RO         1033    .rti_fn.1.end       components.o
    0x08002614   0x08002614   0x00000004   Data   RO         1034    .rti_fn.6.end       components.o
    0x08002618   0x08002618   0x00000020   Data   RO         1986    Region$$Table       anon$$obj.o


    Execution Region ER_RW (Exec base: 0x20000000, Load base: 0x08002638, Size: 0x000000bc, Max: 0xffffffff, ABSOLUTE)

    Exec Addr    Load Addr    Size         Type   Attr      Idx    E Section Name        Object

    0x20000000   0x08002638   0x00000014   Data   RW          219    .data               system_stm32f10x.o
    0x20000014   0x0800264c   0x00000014   Data   RW          592    .data               stm32f10x_rcc.o
    0x20000028   0x08002660   0x00000010   Data   RW          949    .data               cpuport.o
    0x20000038   0x08002670   0x00000004   Data   RW          988    .data               clock.o
    0x2000003c   0x08002674   0x00000001   Data   RW         1267    .data               irq.o
    0x2000003d   0x08002675   0x00000003   PAD
    0x20000040   0x08002678   0x00000018   Data   RW         1476    .data               mem.o
    0x20000058   0x08002690   0x00000040   Data   RW         1537    .data               object.o
    0x20000098   0x080026d0   0x00000018   Data   RW         1621    .data               scheduler.o
    0x200000b0   0x080026e8   0x0000000c   Data   RW         1828    .data               timer.o


    Execution Region ER_ZI (Exec base: 0x200000bc, Load base: 0x080026f4, Size: 0x0000439c, Max: 0xffffffff, ABSOLUTE)

    Exec Addr    Load Addr    Size         Type   Attr      Idx    E Section Name        Object

    0x200000bc        -       0x00000178   Zero   RW         1093    .bss                idle.o
    0x20000234        -       0x00000100   Zero   RW         1319    .bss                kservice.o
    0x20000334        -       0x00000020   Zero   RW         1475    .bss                mem.o
    0x20000354        -       0x00000100   Zero   RW         1620    .bss                scheduler.o
    0x20000454        -       0x00003c00   Zero   RW         1928    .bss                board.o
    0x20004054   0x080026f4   0x00000004   PAD
    0x20004058        -       0x00000400   Zero   RW          379    STACK               startup_stm32f10x_hd.o


==============================================================================

Image component sizes


      Code (inc. data)   RO Data    RW Data    ZI Data      Debug   Object Name

       120          8          4          0      15360       2990   board.o
       116         12          0          4          0       1644   clock.o
       186         30         16          0          0       5532   components.o
       244         28          0          0          0        820   context_rvds.o
       588        328          0         16          0       3218   cpuport.o
       164         26          0          0        376       4974   idle.o
       418          0          0          0          0       8065   ipc.o
        64         12          0          1          0       1490   irq.o
      1720        164        290          0        256       8552   kservice.o
        80          8          0          0          0        483   led.o
        92         26          0          0          0     238319   main.o
       956        224          0         24         32       3764   mem.o
       112         12          0          0          0        980   misc.o
       326          4          0         64          0       7976   object.o
       526         90          0         24        256       8222   scheduler.o
        36          8        304          0       1024        780   startup_stm32f10x_hd.o
       286          0          0          0          0       2960   stm32f10x_gpio.o
        34          0          0          0          0       2785   stm32f10x_it.o
       244         26          0         20          0       3793   stm32f10x_rcc.o
       314          6          0          0          0       3610   stm32f10x_usart.o
        96         12          0          0          0      15718   sys.o
       492         50          0         20          0       2577   system_stm32f10x.o
       816         38          0          0          0      12000   thread.o
       810         24          0         12          0      11176   timer.o
       190         14          0          0          0       1545   usart.o

    ----------------------------------------------------------------------
      9050       1150        646        188      17308     353973   Object Totals
         0          0         32          0          0          0   (incl. Generated)
        20          0          0          3          4          0   (incl. Padding)

    ----------------------------------------------------------------------

      Code (inc. data)   RO Data    RW Data    ZI Data      Debug   Library Member Name

         0          0          0          0          0          0   entry.o
         0          0          0          0          0          0   entry10a.o
         0          0          0          0          0          0   entry11a.o
         8          4          0          0          0          0   entry2.o
         4          0          0          0          0          0   entry5.o
         0          0          0          0          0          0   entry7b.o
         0          0          0          0          0          0   entry8b.o
         8          4          0          0          0          0   entry9a.o
        30          0          0          0          0          0   handlers.o
        36          8          0          0          0         68   init.o

    ----------------------------------------------------------------------
        88         16          0          0          0         68   Library Totals
         2          0          0          0          0          0   (incl. Padding)

    ----------------------------------------------------------------------

      Code (inc. data)   RO Data    RW Data    ZI Data      Debug   Library Name

        86         16          0          0          0         68   mc_w.l

    ----------------------------------------------------------------------
        88         16          0          0          0         68   Library Totals

    ----------------------------------------------------------------------

==============================================================================


      Code (inc. data)   RO Data    RW Data    ZI Data      Debug   

      9138       1166        646        188      17308     348265   Grand Totals
      9138       1166        646        188      17308     348265   ELF Image Totals
      9138       1166        646        188          0          0   ROM Totals

==============================================================================

    Total RO  Size (Code + RO Data)                 9784 (   9.55kB)
    Total RW  Size (RW Data + ZI Data)             17496 (  17.09kB)
    Total ROM Size (Code + RO Data + RW Data)       9972 (   9.74kB)

==============================================================================

